Archive member included because of file (symbol)

c:/program files (x86)/gnu tools arm embedded/4.6 2012q2/bin/../lib/gcc/arm-none-eabi/4.6.2/../../../../arm-none-eabi/lib/armv7e-m\libm.a(lib_a-w_acos.o)
                              ..\obj\main.o (acos)
c:/program files (x86)/gnu tools arm embedded/4.6 2012q2/bin/../lib/gcc/arm-none-eabi/4.6.2/../../../../arm-none-eabi/lib/armv7e-m\libm.a(lib_a-w_sqrt.o)
                              ..\obj\main.o (sqrt)
c:/program files (x86)/gnu tools arm embedded/4.6 2012q2/bin/../lib/gcc/arm-none-eabi/4.6.2/../../../../arm-none-eabi/lib/armv7e-m\libm.a(lib_a-wf_atan2.o)
                              ..\obj\main.o (atan2f)
c:/program files (x86)/gnu tools arm embedded/4.6 2012q2/bin/../lib/gcc/arm-none-eabi/4.6.2/../../../../arm-none-eabi/lib/armv7e-m\libm.a(lib_a-e_acos.o)
                              c:/program files (x86)/gnu tools arm embedded/4.6 2012q2/bin/../lib/gcc/arm-none-eabi/4.6.2/../../../../arm-none-eabi/lib/armv7e-m\libm.a(lib_a-w_acos.o) (__ieee754_acos)
c:/program files (x86)/gnu tools arm embedded/4.6 2012q2/bin/../lib/gcc/arm-none-eabi/4.6.2/../../../../arm-none-eabi/lib/armv7e-m\libm.a(lib_a-e_sqrt.o)
                              c:/program files (x86)/gnu tools arm embedded/4.6 2012q2/bin/../lib/gcc/arm-none-eabi/4.6.2/../../../../arm-none-eabi/lib/armv7e-m\libm.a(lib_a-w_sqrt.o) (__ieee754_sqrt)
c:/program files (x86)/gnu tools arm embedded/4.6 2012q2/bin/../lib/gcc/arm-none-eabi/4.6.2/../../../../arm-none-eabi/lib/armv7e-m\libm.a(lib_a-ef_atan2.o)
                              c:/program files (x86)/gnu tools arm embedded/4.6 2012q2/bin/../lib/gcc/arm-none-eabi/4.6.2/../../../../arm-none-eabi/lib/armv7e-m\libm.a(lib_a-wf_atan2.o) (__ieee754_atan2f)
c:/program files (x86)/gnu tools arm embedded/4.6 2012q2/bin/../lib/gcc/arm-none-eabi/4.6.2/../../../../arm-none-eabi/lib/armv7e-m\libm.a(lib_a-s_fabs.o)
                              c:/program files (x86)/gnu tools arm embedded/4.6 2012q2/bin/../lib/gcc/arm-none-eabi/4.6.2/../../../../arm-none-eabi/lib/armv7e-m\libm.a(lib_a-w_acos.o) (fabs)
c:/program files (x86)/gnu tools arm embedded/4.6 2012q2/bin/../lib/gcc/arm-none-eabi/4.6.2/../../../../arm-none-eabi/lib/armv7e-m\libm.a(lib_a-s_fpclassify.o)
                              c:/program files (x86)/gnu tools arm embedded/4.6 2012q2/bin/../lib/gcc/arm-none-eabi/4.6.2/../../../../arm-none-eabi/lib/armv7e-m\libm.a(lib_a-w_acos.o) (__fpclassifyd)
c:/program files (x86)/gnu tools arm embedded/4.6 2012q2/bin/../lib/gcc/arm-none-eabi/4.6.2/../../../../arm-none-eabi/lib/armv7e-m\libm.a(lib_a-s_lib_ver.o)
                              c:/program files (x86)/gnu tools arm embedded/4.6 2012q2/bin/../lib/gcc/arm-none-eabi/4.6.2/../../../../arm-none-eabi/lib/armv7e-m\libm.a(lib_a-w_acos.o) (__fdlib_version)
c:/program files (x86)/gnu tools arm embedded/4.6 2012q2/bin/../lib/gcc/arm-none-eabi/4.6.2/../../../../arm-none-eabi/lib/armv7e-m\libm.a(lib_a-s_matherr.o)
                              c:/program files (x86)/gnu tools arm embedded/4.6 2012q2/bin/../lib/gcc/arm-none-eabi/4.6.2/../../../../arm-none-eabi/lib/armv7e-m\libm.a(lib_a-w_acos.o) (matherr)
c:/program files (x86)/gnu tools arm embedded/4.6 2012q2/bin/../lib/gcc/arm-none-eabi/4.6.2/../../../../arm-none-eabi/lib/armv7e-m\libm.a(lib_a-s_nan.o)
                              c:/program files (x86)/gnu tools arm embedded/4.6 2012q2/bin/../lib/gcc/arm-none-eabi/4.6.2/../../../../arm-none-eabi/lib/armv7e-m\libm.a(lib_a-w_acos.o) (nan)
c:/program files (x86)/gnu tools arm embedded/4.6 2012q2/bin/../lib/gcc/arm-none-eabi/4.6.2/../../../../arm-none-eabi/lib/armv7e-m\libm.a(lib_a-sf_atan.o)
                              c:/program files (x86)/gnu tools arm embedded/4.6 2012q2/bin/../lib/gcc/arm-none-eabi/4.6.2/../../../../arm-none-eabi/lib/armv7e-m\libm.a(lib_a-ef_atan2.o) (atanf)
c:/program files (x86)/gnu tools arm embedded/4.6 2012q2/bin/../lib/gcc/arm-none-eabi/4.6.2/../../../../arm-none-eabi/lib/armv7e-m\libm.a(lib_a-sf_fabs.o)
                              c:/program files (x86)/gnu tools arm embedded/4.6 2012q2/bin/../lib/gcc/arm-none-eabi/4.6.2/../../../../arm-none-eabi/lib/armv7e-m\libm.a(lib_a-ef_atan2.o) (fabsf)
c:/program files (x86)/gnu tools arm embedded/4.6 2012q2/bin/../lib/gcc/arm-none-eabi/4.6.2/armv7e-m\libgcc.a(_arm_addsubdf3.o)
                              ..\obj\main.o (__aeabi_dsub)
c:/program files (x86)/gnu tools arm embedded/4.6 2012q2/bin/../lib/gcc/arm-none-eabi/4.6.2/armv7e-m\libgcc.a(_arm_muldivdf3.o)
                              ..\obj\main.o (__aeabi_dmul)
c:/program files (x86)/gnu tools arm embedded/4.6 2012q2/bin/../lib/gcc/arm-none-eabi/4.6.2/armv7e-m\libgcc.a(_arm_cmpdf2.o)
                              c:/program files (x86)/gnu tools arm embedded/4.6 2012q2/bin/../lib/gcc/arm-none-eabi/4.6.2/../../../../arm-none-eabi/lib/armv7e-m\libm.a(lib_a-w_sqrt.o) (__aeabi_dcmplt)
[...]
Memory Configuration

Name             Origin             Length             Attributes
rom              0x08000000         0x00040000         xr
ram              0x20000000         0x0000a000         xrw
*default*        0x00000000         0xffffffff

Linker script and memory map

                0x2000a000                _eram = 0x2000a000

.text           0x08000000     0x69a4
 *(.isr_vector .isr_vector.*)
 .isr_vector    0x08000000      0x188 ..\obj\startup_stm32f303.o
                0x08000000                g_pfnVectors
 *(.text .text.* .gnu.linkonce.t.*)
 .text.Standard_GetDescriptorData
                0x08000188       0x54 ..\obj\usb_core.o
                0x08000188                Standard_GetDescriptorData
 .text.SetDeviceAddress
                0x080001dc       0x88 ..\obj\usb_core.o
                0x080001dc                SetDeviceAddress
 .text.NOP_Process
                0x08000264        0xc ..\obj\usb_core.o
                0x08000264                NOP_Process
 .text.Default_Reset_Handler
                0x08000270       0x68 ..\obj\startup_stm32f303.o
                0x08000270                Default_Reset_Handler
                0x08000270                Reset_Handler
 .text.Default_Handler
                0x080002d8        0x8 ..\obj\startup_stm32f303.o
                0x080002d8                RTC_Alarm_IRQHandler
                0x080002d8                HASH_RNG_IRQHandler
                0x080002d8                EXTI2_IRQHandler
                0x080002d8                TIM8_CC_IRQHandler
                0x080002d8                TIM1_CC_IRQHandler
                0x080002d8                DMA2_Stream5_IRQHandler
                0x080002d8                DMA1_Stream5_IRQHandler
                0x080002d8                PVD_IRQHandler
                0x080002d8                SDIO_IRQHandler
                0x080002d8                TAMP_STAMP_IRQHandler
                0x080002d8                CAN2_RX1_IRQHandler
                0x080002d8                EXTI3_IRQHandler
                0x080002d8                TIM8_TRG_COM_TIM14_IRQHandler
                0x080002d8                TIM1_UP_TIM10_IRQHandler
                0x080002d8                TIM8_UP_TIM13_IRQHandler
                0x080002d8                I2C3_ER_IRQHandler
                0x080002d8                I2C2_EV_IRQHandler
                0x080002d8                DMA1_Stream2_IRQHandler
                0x080002d8                CAN1_RX0_IRQHandler
                0x080002d8                FPU_IRQHandler
                0x080002d8                OTG_HS_WKUP_IRQHandler
                0x080002d8                CAN2_SCE_IRQHandler
                0x080002d8                DMA2_Stream2_IRQHandler
                0x080002d8                SPI1_IRQHandler
                0x080002d8                TIM6_DAC_IRQHandler
                0x080002d8                TIM1_BRK_TIM9_IRQHandler
                0x080002d8                DCMI_IRQHandler
                0x080002d8                CAN2_RX0_IRQHandler
                0x080002d8                DMA2_Stream3_IRQHandler
                0x080002d8                USART6_IRQHandler
                0x080002d8                USART3_IRQHandler
                0x080002d8                CRYP_IRQHandler
                0x080002d8                CAN1_RX1_IRQHandler
                0x080002d8                UART5_IRQHandler
                0x080002d8                DMA2_Stream0_IRQHandler
                0x080002d8                TIM4_IRQHandler
                0x080002d8                I2C1_EV_IRQHandler
                0x080002d8                DMA1_Stream6_IRQHandler
                0x080002d8                DMA1_Stream1_IRQHandler
                0x080002d8                UART4_IRQHandler
                0x080002d8                TIM3_IRQHandler
                0x080002d8                RCC_IRQHandler
                0x080002d8                TIM8_BRK_TIM12_IRQHandler
                0x080002d8                EXTI15_10_IRQHandler
                0x080002d8                ADC_IRQHandler
                0x080002d8                DMA1_Stream7_IRQHandler
                0x080002d8                TIM7_IRQHandler
                0x080002d8                CAN2_TX_IRQHandler
                0x080002d8                TIM5_IRQHandler
                0x080002d8                DMA2_Stream7_IRQHandler
                0x080002d8                I2C3_EV_IRQHandler
                0x080002d8                EXTI9_5_IRQHandler
                0x080002d8                RTC_WKUP_IRQHandler
                0x080002d8                ETH_WKUP_IRQHandler
                0x080002d8                SPI2_IRQHandler
                0x080002d8                OTG_HS_EP1_IN_IRQHandler
                0x080002d8                DMA1_Stream0_IRQHandler
                0x080002d8                CAN1_TX_IRQHandler
                0x080002d8                EXTI4_IRQHandler
                0x080002d8                FSMC_IRQHandler
                0x080002d8                ETH_IRQHandler
                0x080002d8                OTG_HS_EP1_OUT_IRQHandler
                0x080002d8                WWDG_IRQHandler
                0x080002d8                TIM2_IRQHandler
                0x080002d8                OTG_FS_WKUP_IRQHandler
                0x080002d8                TIM1_TRG_COM_TIM11_IRQHandler
                0x080002d8                OTG_HS_IRQHandler
                0x080002d8                EXTI1_IRQHandler
                0x080002d8                USART2_IRQHandler
                0x080002d8                I2C2_ER_IRQHandler
                0x080002d8                DMA2_Stream1_IRQHandler
                0x080002d8                CAN1_SCE_IRQHandler
                0x080002d8                FLASH_IRQHandler
                0x080002d8                DMA2_Stream4_IRQHandler
                0x080002d8                USART1_IRQHandler
                0x080002d8                OTG_FS_IRQHandler
                0x080002d8                SPI3_IRQHandler
                0x080002d8                DMA1_Stream4_IRQHandler
                0x080002d8                I2C1_ER_IRQHandler
                0x080002d8                DMA2_Stream6_IRQHandler
                0x080002d8                DMA1_Stream3_IRQHandler
 .text.RCC_GetClocksFreq
                0x080002e0      0x550 ..\obj\stm32f30x_rcc.o
                0x080002e0                RCC_GetClocksFreq
 .text.RCC_USBCLKConfig
                0x08000830       0x20 ..\obj\stm32f30x_rcc.o
                0x08000830                RCC_USBCLKConfig
 .text.RCC_AHBPeriphClockCmd
                0x08000850       0x58 ..\obj\stm32f30x_rcc.o
                0x08000850                RCC_AHBPeriphClockCmd
 .text.RCC_APB2PeriphClockCmd
                0x080008a8       0x58 ..\obj\stm32f30x_rcc.o
                0x080008a8                RCC_APB2PeriphClockCmd
 .text.RCC_APB1PeriphClockCmd
                0x08000900       0x58 ..\obj\stm32f30x_rcc.o
                0x08000900                RCC_APB1PeriphClockCmd
 .text.RCC_APB2PeriphResetCmd
                0x08000958       0x58 ..\obj\stm32f30x_rcc.o
                0x08000958                RCC_APB2PeriphResetCmd
 .text.RCC_APB1PeriphResetCmd
                0x080009b0       0x58 ..\obj\stm32f30x_rcc.o
                0x080009b0                RCC_APB1PeriphResetCmd
 .text.LSM303DLHC_AccInit
                0x08000a08       0x84 ..\obj\stm32f3_discovery_lsm303dlhc.o
                0x08000a08                LSM303DLHC_AccInit
 .text.LSM303DLHC_AccFilterConfig
                0x08000a8c       0x68 ..\obj\stm32f3_discovery_lsm303dlhc.o
                0x08000a8c                LSM303DLHC_AccFilterConfig
 .text.LSM303DLHC_MagInit
                0x08000af4       0x88 ..\obj\stm32f3_discovery_lsm303dlhc.o
                0x08000af4                LSM303DLHC_MagInit
 .text.LSM303DLHC_Write
                0x08000b7c      0x240 ..\obj\stm32f3_discovery_lsm303dlhc.o
                0x08000b7c                LSM303DLHC_Write
 .text.LSM303DLHC_Read
                0x08000dbc      0x26c ..\obj\stm32f3_discovery_lsm303dlhc.o
                0x08000dbc                LSM303DLHC_Read
 .text.LSM303DLHC_LowLevel_Init
                0x08001028      0x1d0 ..\obj\stm32f3_discovery_lsm303dlhc.o
 .text.SetBTABLE
                0x080011f8       0x28 ..\obj\usb_regs.o
                0x080011f8                SetBTABLE
 .text.SetEPType
                0x08001220       0x4c ..\obj\usb_regs.o
                0x08001220                SetEPType
 .text.SetEPTxStatus
                0x0800126c       0x74 ..\obj\usb_regs.o
                0x0800126c                SetEPTxStatus
 .text.SetEPRxStatus
                0x080012e0       0x74 ..\obj\usb_regs.o
                0x080012e0                SetEPRxStatus
 .text.SetEPRxValid
                0x08001354       0x58 ..\obj\usb_regs.o
                0x08001354                SetEPRxValid
 .text.Clear_Status_Out
                0x080013ac       0x58 ..\obj\usb_regs.o
                0x080013ac                Clear_Status_Out
 .text.SetEPTxAddr
                0x08001404       0x48 ..\obj\usb_regs.o
                0x08001404                SetEPTxAddr
 .text.SetEPRxAddr
                0x0800144c       0x4c ..\obj\usb_regs.o
                0x0800144c                SetEPRxAddr
 .text.SetEPTxCount
                0x08001498       0x40 ..\obj\usb_regs.o
                0x08001498                SetEPTxCount
 .text.SetEPRxCount
                0x080014d8       0x98 ..\obj\usb_regs.o
                0x080014d8                SetEPRxCount
 .text.Set_System
                0x08001570       0xe8 ..\obj\hw_config.o
                0x08001570                Set_System
 .text.Set_USBClock
                0x08001658       0x1c ..\obj\hw_config.o
                0x08001658                Set_USBClock
 .text.USB_Interrupts_Config
                0x08001674       0x6c ..\obj\hw_config.o
                0x08001674                USB_Interrupts_Config
 .text.USB_Cable_Config
                0x080016e0       0x3c ..\obj\hw_config.o
                0x080016e0                USB_Cable_Config
 .text.Get_SerialNum
                0x0800171c       0x60 ..\obj\hw_config.o
                0x0800171c                Get_SerialNum
 .text.IntToUnicode
                0x0800177c       0x94 ..\obj\hw_config.o
 .text.Joystick_init
                0x08001810       0x30 ..\obj\usb_prop.o
                0x08001810                Joystick_init
 .text.Joystick_Reset
                0x08001840       0xec ..\obj\usb_prop.o
                0x08001840                Joystick_Reset
 .text.Joystick_SetConfiguration
                0x0800192c       0x30 ..\obj\usb_prop.o
                0x0800192c                Joystick_SetConfiguration
 .text.Joystick_SetDeviceAddress
                0x0800195c       0x18 ..\obj\usb_prop.o
                0x0800195c                Joystick_SetDeviceAddress
 .text.Joystick_Status_In
                0x08001974        0xc ..\obj\usb_prop.o
                0x08001974                Joystick_Status_In
 .text.Joystick_Status_Out
                0x08001980        0xc ..\obj\usb_prop.o
                0x08001980                Joystick_Status_Out
 .text.Joystick_Data_Setup
                0x0800198c       0xdc ..\obj\usb_prop.o
                0x0800198c                Joystick_Data_Setup
 .text.Joystick_NoData_Setup
                0x08001a68       0x3c ..\obj\usb_prop.o
                0x08001a68                Joystick_NoData_Setup
 .text.Joystick_GetDeviceDescriptor
                0x08001aa4       0x28 ..\obj\usb_prop.o
                0x08001aa4                Joystick_GetDeviceDescriptor
 .text.Joystick_GetConfigDescriptor
                0x08001acc       0x28 ..\obj\usb_prop.o
                0x08001acc                Joystick_GetConfigDescriptor
 .text.Joystick_GetStringDescriptor
                0x08001af4       0x4c ..\obj\usb_prop.o
                0x08001af4                Joystick_GetStringDescriptor
 .text.Joystick_GetReportDescriptor
                0x08001b40       0x28 ..\obj\usb_prop.o
                0x08001b40                Joystick_GetReportDescriptor
 .text.Joystick_GetHIDDescriptor
                0x08001b68       0x28 ..\obj\usb_prop.o
                0x08001b68                Joystick_GetHIDDescriptor
 .text.Joystick_Get_Interface_Setting
                0x08001b90       0x38 ..\obj\usb_prop.o
                0x08001b90                Joystick_Get_Interface_Setting
 .text.Joystick_SetProtocol
                0x08001bc8       0x30 ..\obj\usb_prop.o
                0x08001bc8                Joystick_SetProtocol
 .text.Joystick_GetProtocolValue
                0x08001bf8       0x3c ..\obj\usb_prop.o
                0x08001bf8                Joystick_GetProtocolValue
 .text.NMI_Handler
                0x08001c34        0xc ..\obj\stm32f30x_it.o
                0x08001c34                NMI_Handler
 .text.HardFault_Handler
                0x08001c40        0x8 ..\obj\stm32f30x_it.o
                0x08001c40                HardFault_Handler
 .text.MemManage_Handler
                0x08001c48        0x8 ..\obj\stm32f30x_it.o
                0x08001c48                MemManage_Handler
 .text.BusFault_Handler
                0x08001c50        0x8 ..\obj\stm32f30x_it.o
                0x08001c50                BusFault_Handler
 .text.UsageFault_Handler
                0x08001c58        0x8 ..\obj\stm32f30x_it.o
                0x08001c58                UsageFault_Handler
 .text.SVC_Handler
                0x08001c60        0xc ..\obj\stm32f30x_it.o
                0x08001c60                SVC_Handler
 .text.DebugMon_Handler
                0x08001c6c        0xc ..\obj\stm32f30x_it.o
                0x08001c6c                DebugMon_Handler
 .text.PendSV_Handler
                0x08001c78        0xc ..\obj\stm32f30x_it.o
                0x08001c78                PendSV_Handler
 .text.SysTick_Handler
                0x08001c84       0x40 ..\obj\stm32f30x_it.o
                0x08001c84                SysTick_Handler
 .text.EXTI0_IRQHandler
                0x08001cc4       0xec ..\obj\stm32f30x_it.o
                0x08001cc4                EXTI0_IRQHandler
 .text.GPIO_Init
                0x08001db0      0x15c ..\obj\stm32f30x_gpio.o
                0x08001db0                GPIO_Init
 .text.GPIO_ReadInputDataBit
                0x08001f0c       0x40 ..\obj\stm32f30x_gpio.o
                0x08001f0c                GPIO_ReadInputDataBit
 .text.GPIO_SetBits
                0x08001f4c       0x1c ..\obj\stm32f30x_gpio.o
                0x08001f4c                GPIO_SetBits
 .text.GPIO_ResetBits
                0x08001f68       0x1c ..\obj\stm32f30x_gpio.o
                0x08001f68                GPIO_ResetBits
 .text.GPIO_PinAFConfig
                0x08001f84       0xac ..\obj\stm32f30x_gpio.o
                0x08001f84                GPIO_PinAFConfig
 .text.PowerOn  0x08002030       0x80 ..\obj\usb_pwr.o
                0x08002030                PowerOn
 .text.USB_Init
                0x080020b0       0x5c ..\obj\usb_init.o
                0x080020b0                USB_Init
 .text.NVIC_SetPriority
                0x0800210c       0x5c ..\obj\main.o
 .text.SysTick_Config
                0x08002168       0x64 ..\obj\main.o
 *fill*         0x080021cc        0x4 00
 .text.main     0x080021d0     0x12f8 ..\obj\main.o
                0x080021d0                main
 .text.Demo_USB
                0x080034c8       0x34 ..\obj\main.o
                0x080034c8                Demo_USB
 .text.Demo_GyroConfig
                0x080034fc       0x60 ..\obj\main.o
                0x080034fc                Demo_GyroConfig
 .text.Demo_GyroReadAngRate
                0x0800355c      0x190 ..\obj\main.o
                0x0800355c                Demo_GyroReadAngRate
 .text.Demo_CompassConfig
                0x080036ec       0x84 ..\obj\main.o
                0x080036ec                Demo_CompassConfig
 .text.Demo_CompassReadAcc
                0x08003770      0x210 ..\obj\main.o
                0x08003770                Demo_CompassReadAcc
 .text.Demo_CompassReadMag
                0x08003980      0x218 ..\obj\main.o
                0x08003980                Demo_CompassReadMag
 .text.Delay    0x08003b98       0x30 ..\obj\main.o
                0x08003b98                Delay
 .text.TimingDelay_Decrement
                0x08003bc8       0x30 ..\obj\main.o
                0x08003bc8                TimingDelay_Decrement
 .text.LSM303DLHC_TIMEOUT_UserCallback
                0x08003bf8       0x10 ..\obj\main.o
                0x08003bf8                LSM303DLHC_TIMEOUT_UserCallback
 .text.L3GD20_TIMEOUT_UserCallback
                0x08003c08       0x10 ..\obj\main.o
                0x08003c08                L3GD20_TIMEOUT_UserCallback
 .text.EXTI_Init
                0x08003c18      0x288 ..\obj\stm32f30x_exti.o
                0x08003c18                EXTI_Init
 .text.EXTI_GetITStatus
                0x08003ea0       0x88 ..\obj\stm32f30x_exti.o
                0x08003ea0                EXTI_GetITStatus
 .text.EXTI_ClearITPendingBit
                0x08003f28       0x38 ..\obj\stm32f30x_exti.o
                0x08003f28                EXTI_ClearITPendingBit
 .text.SPI_I2S_DeInit
                0x08003f60       0x88 ..\obj\stm32f30x_spi.o
                0x08003f60                SPI_I2S_DeInit
 .text.SPI_Init
                0x08003fe8      0x118 ..\obj\stm32f30x_spi.o
                0x08003fe8                SPI_Init
 .text.SPI_Cmd  0x08004100       0x40 ..\obj\stm32f30x_spi.o
                0x08004100                SPI_Cmd
 .text.SPI_RxFIFOThresholdConfig
                0x08004140       0x38 ..\obj\stm32f30x_spi.o
                0x08004140                SPI_RxFIFOThresholdConfig
 .text.SPI_SendData8
                0x08004178       0x30 ..\obj\stm32f30x_spi.o
                0x08004178                SPI_SendData8
 .text.SPI_ReceiveData8
                0x080041a8       0x2c ..\obj\stm32f30x_spi.o
                0x080041a8                SPI_ReceiveData8
 .text.SPI_I2S_GetFlagStatus
                0x080041d4       0x40 ..\obj\stm32f30x_spi.o
                0x080041d4                SPI_I2S_GetFlagStatus
 .text.I2C_Init
                0x08004214       0xd4 ..\obj\stm32f30x_i2c.o
                0x08004214                I2C_Init
 .text.I2C_Cmd  0x080042e8       0x38 ..\obj\stm32f30x_i2c.o
                0x080042e8                I2C_Cmd
 .text.I2C_TransferHandling
                0x08004320       0x60 ..\obj\stm32f30x_i2c.o
                0x08004320                I2C_TransferHandling
 .text.I2C_SendData
                0x08004380       0x1c ..\obj\stm32f30x_i2c.o
                0x08004380                I2C_SendData
 .text.I2C_ReceiveData
                0x0800439c       0x1c ..\obj\stm32f30x_i2c.o
                0x0800439c                I2C_ReceiveData
 .text.I2C_GetFlagStatus
                0x080043b8       0x48 ..\obj\stm32f30x_i2c.o
                0x080043b8                I2C_GetFlagStatus
 .text.I2C_ClearFlag
                0x08004400       0x1c ..\obj\stm32f30x_i2c.o
                0x08004400                I2C_ClearFlag
 .text.USB_SIL_Init
                0x0800441c       0x40 ..\obj\usb_sil.o
                0x0800441c                USB_SIL_Init
 .text.NVIC_PriorityGroupConfig
                0x0800445c       0x28 ..\obj\stm32f30x_misc.o
                0x0800445c                NVIC_PriorityGroupConfig
 .text.NVIC_Init
                0x08004484       0xe8 ..\obj\stm32f30x_misc.o
                0x08004484                NVIC_Init
 .text.L3GD20_Init
                0x0800456c       0x84 ..\obj\stm32f3_discovery_l3gd20.o
                0x0800456c                L3GD20_Init
 .text.L3GD20_FilterConfig
                0x080045f0       0x54 ..\obj\stm32f3_discovery_l3gd20.o
                0x080045f0                L3GD20_FilterConfig
 .text.L3GD20_FilterCmd
                0x08004644       0x4c ..\obj\stm32f3_discovery_l3gd20.o
                0x08004644                L3GD20_FilterCmd
 .text.L3GD20_Write
                0x08004690       0x70 ..\obj\stm32f3_discovery_l3gd20.o
                0x08004690                L3GD20_Write
 .text.L3GD20_Read
                0x08004700       0x80 ..\obj\stm32f3_discovery_l3gd20.o
                0x08004700                L3GD20_Read
 .text.L3GD20_LowLevel_Init
                0x08004780      0x1c4 ..\obj\stm32f3_discovery_l3gd20.o
 .text.L3GD20_SendByte
                0x08004944       0xe0 ..\obj\stm32f3_discovery_l3gd20.o
 .text.SYSCFG_EXTILineConfig
                0x08004a24       0xb4 ..\obj\stm32f30x_syscfg.o
                0x08004a24                SYSCFG_EXTILineConfig
 .text.STM_EVAL_LEDInit
                0x08004ad8       0x6c ..\obj\stm32f3_discovery.o
                0x08004ad8                STM_EVAL_LEDInit
 .text.STM_EVAL_LEDOn
                0x08004b44       0x34 ..\obj\stm32f3_discovery.o
                0x08004b44                STM_EVAL_LEDOn
 .text.STM_EVAL_LEDOff
                0x08004b78       0x34 ..\obj\stm32f3_discovery.o
                0x08004b78                STM_EVAL_LEDOff
 .text.STM_EVAL_LEDToggle
                0x08004bac       0x48 ..\obj\stm32f3_discovery.o
                0x08004bac                STM_EVAL_LEDToggle
 .text.STM_EVAL_PBInit
                0x08004bf4       0xec ..\obj\stm32f3_discovery.o
                0x08004bf4                STM_EVAL_PBInit
 .text.STM_EVAL_PBGetState
                0x08004ce0       0x3c ..\obj\stm32f3_discovery.o
                0x08004ce0                STM_EVAL_PBGetState
 .text.acos     0x08004d1c       0xa0 c:/program files (x86)/gnu tools arm embedded/4.6 2012q2/bin/../lib/gcc/arm-none-eabi/4.6.2/../../../../arm-none-eabi/lib/armv7e-m\libm.a(lib_a-w_acos.o)
                0x08004d1c                acos
 .text.sqrt     0x08004dbc       0xa8 c:/program files (x86)/gnu tools arm embedded/4.6 2012q2/bin/../lib/gcc/arm-none-eabi/4.6.2/../../../../arm-none-eabi/lib/armv7e-m\libm.a(lib_a-w_sqrt.o)
                0x08004dbc                sqrt
 .text.atan2f   0x08004e64        0x4 c:/program files (x86)/gnu tools arm embedded/4.6 2012q2/bin/../lib/gcc/arm-none-eabi/4.6.2/../../../../arm-none-eabi/lib/armv7e-m\libm.a(lib_a-wf_atan2.o)
                0x08004e64                atan2f
 .text.__ieee754_acos
                0x08004e68      0x4d0 c:/program files (x86)/gnu tools arm embedded/4.6 2012q2/bin/../lib/gcc/arm-none-eabi/4.6.2/../../../../arm-none-eabi/lib/armv7e-m\libm.a(lib_a-e_acos.o)
                0x08004e68                __ieee754_acos
 .text.__ieee754_sqrt
                0x08005338      0x1b4 c:/program files (x86)/gnu tools arm embedded/4.6 2012q2/bin/../lib/gcc/arm-none-eabi/4.6.2/../../../../arm-none-eabi/lib/armv7e-m\libm.a(lib_a-e_sqrt.o)
                0x08005338                __ieee754_sqrt
 .text.__ieee754_atan2f
                0x080054ec      0x144 c:/program files (x86)/gnu tools arm embedded/4.6 2012q2/bin/../lib/gcc/arm-none-eabi/4.6.2/../../../../arm-none-eabi/lib/armv7e-m\libm.a(lib_a-ef_atan2.o)
                0x080054ec                __ieee754_atan2f
 .text.fabs     0x08005630        0x8 c:/program files (x86)/gnu tools arm embedded/4.6 2012q2/bin/../lib/gcc/arm-none-eabi/4.6.2/../../../../arm-none-eabi/lib/armv7e-m\libm.a(lib_a-s_fabs.o)
                0x08005630                fabs
 .text.__fpclassifyd
                0x08005638       0x68 c:/program files (x86)/gnu tools arm embedded/4.6 2012q2/bin/../lib/gcc/arm-none-eabi/4.6.2/../../../../arm-none-eabi/lib/armv7e-m\libm.a(lib_a-s_fpclassify.o)
                0x08005638                __fpclassifyd
 .text.matherr  0x080056a0        0x4 c:/program files (x86)/gnu tools arm embedded/4.6 2012q2/bin/../lib/gcc/arm-none-eabi/4.6.2/../../../../arm-none-eabi/lib/armv7e-m\libm.a(lib_a-s_matherr.o)
                0x080056a0                matherr
 .text.nan      0x080056a4        0xc c:/program files (x86)/gnu tools arm embedded/4.6 2012q2/bin/../lib/gcc/arm-none-eabi/4.6.2/../../../../arm-none-eabi/lib/armv7e-m\libm.a(lib_a-s_nan.o)
                0x080056a4                nan
 .text.atanf    0x080056b0      0x25c c:/program files (x86)/gnu tools arm embedded/4.6 2012q2/bin/../lib/gcc/arm-none-eabi/4.6.2/../../../../arm-none-eabi/lib/armv7e-m\libm.a(lib_a-sf_atan.o)
                0x080056b0                atanf
 .text.fabsf    0x0800590c        0x8 c:/program files (x86)/gnu tools arm embedded/4.6 2012q2/bin/../lib/gcc/arm-none-eabi/4.6.2/../../../../arm-none-eabi/lib/armv7e-m\libm.a(lib_a-sf_fabs.o)
                0x0800590c                fabsf
 .text          0x08005914      0x370 c:/program files (x86)/gnu tools arm embedded/4.6 2012q2/bin/../lib/gcc/arm-none-eabi/4.6.2/armv7e-m\libgcc.a(_arm_addsubdf3.o)
                0x08005914                __aeabi_drsub
                0x0800591c                __aeabi_dsub
                0x0800591c                __subdf3
                0x08005920                __aeabi_dadd
                0x08005920                __adddf3
                0x08005b98                __floatunsidf
                0x08005b98                __aeabi_ui2d
                0x08005bb8                __floatsidf
                0x08005bb8                __aeabi_i2d
                0x08005bdc                __aeabi_f2d
                0x08005bdc                __extendsfdf2
                0x08005c18                __floatundidf
                0x08005c18                __aeabi_ul2d
                0x08005c28                __floatdidf
                0x08005c28                __aeabi_l2d
 .text          0x08005c84      0x424 c:/program files (x86)/gnu tools arm embedded/4.6 2012q2/bin/../lib/gcc/arm-none-eabi/4.6.2/armv7e-m\libgcc.a(_arm_muldivdf3.o)
                0x08005c84                __aeabi_dmul
                0x08005c84                __muldf3
                0x08005ed8                __divdf3
                0x08005ed8                __aeabi_ddiv
 .text          0x080060a8      0x110 c:/program files (x86)/gnu tools arm embedded/4.6 2012q2/bin/../lib/gcc/arm-none-eabi/4.6.2/armv7e-m\libgcc.a(_arm_cmpdf2.o)
                0x080060a8                __gtdf2
                0x080060a8                __gedf2
                0x080060b0                __ltdf2
                0x080060b0                __ledf2
                0x080060b8                __nedf2
                0x080060b8                __eqdf2
                0x080060b8                __cmpdf2
                0x08006134                __aeabi_cdrcmple
                0x08006144                __aeabi_cdcmpeq
                0x08006144                __aeabi_cdcmple
                0x08006154                __aeabi_dcmpeq
                0x08006168                __aeabi_dcmplt
                0x0800617c                __aeabi_dcmple
                0x08006190                __aeabi_dcmpge
                0x080061a4                __aeabi_dcmpgt
 .text          0x080061b8       0xa0 c:/program files (x86)/gnu tools arm embedded/4.6 2012q2/bin/../lib/gcc/arm-none-eabi/4.6.2/armv7e-m\libgcc.a(_arm_truncdfsf2.o)
                0x080061b8                __truncdfsf2
                0x080061b8                __aeabi_d2f
 .text          0x08006258      0x21c c:/program files (x86)/gnu tools arm embedded/4.6 2012q2/bin/../lib/gcc/arm-none-eabi/4.6.2/armv7e-m\libgcc.a(_arm_addsubsf3.o)
                0x08006258                __aeabi_frsub
                0x08006260                __subsf3
                0x08006260                __aeabi_fsub
                0x08006264                __aeabi_fadd
                0x08006264                __addsf3
                0x080063c4                __aeabi_ui2f
                0x080063c4                __floatunsisf
                0x080063cc                __aeabi_i2f
                0x080063cc                __floatsisf
                0x080063e8                __aeabi_ul2f
                0x080063e8                __floatundisf
                0x080063f8                __aeabi_l2f
                0x080063f8                __floatdisf
 .text          0x08006474      0x2a0 c:/program files (x86)/gnu tools arm embedded/4.6 2012q2/bin/../lib/gcc/arm-none-eabi/4.6.2/armv7e-m\libgcc.a(_arm_muldivsf3.o)
                0x08006474                __mulsf3
                0x08006474                __aeabi_fmul
                0x080065dc                __aeabi_fdiv
                0x080065dc                __divsf3
 .text          0x08006714       0xec c:/program files (x86)/gnu tools arm embedded/4.6 2012q2/bin/../lib/gcc/arm-none-eabi/4.6.2/armv7e-m\libgcc.a(_arm_cmpsf2.o)
                0x08006714                __gesf2
                0x08006714                __gtsf2
                0x0800671c                __lesf2
                0x0800671c                __ltsf2
                0x08006724                __nesf2
                0x08006724                __eqsf2
                0x08006724                __cmpsf2
                0x08006784                __aeabi_cfrcmple
                0x0800678c                __aeabi_cfcmpeq
                0x0800678c                __aeabi_cfcmple
                0x0800679c                __aeabi_fcmpeq
                0x080067b0                __aeabi_fcmplt
                0x080067c4                __aeabi_fcmple
                0x080067d8                __aeabi_fcmpge
                0x080067ec                __aeabi_fcmpgt
 .text          0x08006800       0x4c c:/program files (x86)/gnu tools arm embedded/4.6 2012q2/bin/../lib/gcc/arm-none-eabi/4.6.2/armv7e-m\libgcc.a(_arm_fixsfsi.o)
                0x08006800                __aeabi_f2iz
                0x08006800                __fixsfsi
 .text.__errno  0x0800684c        0xc c:/program files (x86)/gnu tools arm embedded/4.6 2012q2/bin/../lib/gcc/arm-none-eabi/4.6.2/../../../../arm-none-eabi/lib/armv7e-m\libg.a(lib_a-errno.o)
                0x0800684c                __errno
 *(.glue_7t)
 .glue_7t       0x00000000        0x0 linker stubs
 *(.glue_7)
 .glue_7        0x00000000        0x0 linker stubs
 *(.rodata .rodata* .gnu.linkonce.r.*)
 .rodata        0x08006858       0xd0 ..\obj\usb_desc.o
                0x08006858                Joystick_DeviceDescriptor
                0x0800686c                Joystick_ConfigDescriptor
                0x08006890                Joystick_ReportDescriptor
                0x080068dc                Joystick_StringLangID
                0x080068e0                Joystick_StringVendor
                0x08006908                Joystick_StringProduct
 .rodata        0x08006928       0x48 ..\obj\stm32f3_discovery.o
                0x08006928                GPIO_PIN
                0x08006938                GPIO_CLK
                0x08006958                BUTTON_PIN
                0x0800695c                BUTTON_CLK
                0x08006960                BUTTON_EXTI_LINE
                0x08006964                BUTTON_PORT_SOURCE
                0x08006968                BUTTON_PIN_SOURCE
                0x0800696c                BUTTON_IRQn
 .rodata.str1.4
                0x08006970        0x5 c:/program files (x86)/gnu tools arm embedded/4.6 2012q2/bin/../lib/gcc/arm-none-eabi/4.6.2/../../../../arm-none-eabi/lib/armv7e-m\libm.a(lib_a-w_acos.o)
                                  0xc (size before relaxing)
 *fill*         0x08006975        0x3 00
 .rodata.str1.4
                0x08006978        0x5 c:/program files (x86)/gnu tools arm embedded/4.6 2012q2/bin/../lib/gcc/arm-none-eabi/4.6.2/../../../../arm-none-eabi/lib/armv7e-m\libm.a(lib_a-w_sqrt.o)
                                  0x8 (size before relaxing)
 *fill*         0x0800697d        0x3 00
 .rodata.atanlo
                0x08006980       0x10 c:/program files (x86)/gnu tools arm embedded/4.6 2012q2/bin/../lib/gcc/arm-none-eabi/4.6.2/../../../../arm-none-eabi/lib/armv7e-m\libm.a(lib_a-sf_atan.o)
 .rodata.atanhi
                0x08006990       0x10 c:/program files (x86)/gnu tools arm embedded/4.6 2012q2/bin/../lib/gcc/arm-none-eabi/4.6.2/../../../../arm-none-eabi/lib/armv7e-m\libm.a(lib_a-sf_atan.o)
 .rodata.str1.4
                0x080069a0        0x4 c:/program files (x86)/gnu tools arm embedded/4.6 2012q2/bin/../lib/gcc/arm-none-eabi/4.6.2/../../../../arm-none-eabi/lib/armv7e-m\libg.a(lib_a-impure.o)

.vfp11_veneer   0x080069a4        0x0
 .vfp11_veneer  0x00000000        0x0 linker stubs

.v4_bx          0x080069a4        0x0
 .v4_bx         0x00000000        0x0 linker stubs

.ARM.extab
 *(.ARM.extab* .gnu.linkonce.armextab.*)

.ARM.exidx
 *(.ARM.exidx* .gnu.linkonce.armexidx.*)
                0x080069a4                . = ALIGN (0x4)
                0x080069a4                _etext = .
                0x080069a4                _sidata = .

.data           0x20000000      0x544 load address 0x080069a4
                0x20000000                _sdata = .
 *(.data .data.*)
 .data          0x20000000       0x2c ..\obj\stm32f30x_rcc.o
 .data          0x2000002c        0x4 ..\obj\stm32f3_discovery_lsm303dlhc.o
                0x2000002c                LSM303DLHC_Timeout
 .data          0x20000030       0x1c ..\obj\usb_desc.o
                0x20000030                Joystick_StringSerial
 .data          0x2000004c       0x98 ..\obj\usb_prop.o
                0x2000004c                Device_Table
                0x20000050                Device_Property
                0x20000080                User_Standard_Requests
                0x200000a4                Device_Descriptor
                0x200000ac                Config_Descriptor
                0x200000b4                Joystick_Report_Descriptor
                0x200000bc                Mouse_Hid_Descriptor
                0x200000c4                String_Descriptor
 .data          0x200000e4        0x8 ..\obj\main.o
                0x200000e4                PrevXferComplete
                0x200000e8                USBConnectTimeOut
 .data          0x200000ec        0x4 ..\obj\stm32f3_discovery_l3gd20.o
                0x200000ec                L3GD20Timeout
 .data          0x200000f0       0x24 ..\obj\stm32f3_discovery.o
                0x200000f0                GPIO_PORT
                0x20000110                BUTTON_PORT
 .data.__fdlib_version
                0x20000114        0x1 c:/program files (x86)/gnu tools arm embedded/4.6 2012q2/bin/../lib/gcc/arm-none-eabi/4.6.2/../../../../arm-none-eabi/lib/armv7e-m\libm.a(lib_a-s_lib_ver.o)
                0x20000114                __fdlib_version
 *fill*         0x20000115        0x3 00
 .data.impure_data
                0x20000118      0x428 c:/program files (x86)/gnu tools arm embedded/4.6 2012q2/bin/../lib/gcc/arm-none-eabi/4.6.2/../../../../arm-none-eabi/lib/armv7e-m\libg.a(lib_a-impure.o)
 .data._impure_ptr
                0x20000540        0x4 c:/program files (x86)/gnu tools arm embedded/4.6 2012q2/bin/../lib/gcc/arm-none-eabi/4.6.2/../../../../arm-none-eabi/lib/armv7e-m\libg.a(lib_a-impure.o)
                0x20000540                _impure_ptr
                0x20000544                . = ALIGN (0x4)
                0x20000544                _edata = .

.bss            0x20000544       0xec load address 0x08006ee8
                0x20000544                _sbss = .
 *(.bss .bss.*)
 .bss           0x20000544        0x4 ..\obj\stm32f30x_it.o
                0x20000544                i
 .bss           0x20000548        0x4 ..\obj\usb_pwr.o
                0x20000548                bDeviceState
 .bss           0x2000054c       0x4c ..\obj\main.o
                0x2000054c                TimingDelay
                0x20000550                UserButtonPressed
                0x20000554                HeadingValue
                0x20000558                MagBuffer
                0x20000564                AccBuffer
                0x20000570                Buffer
                0x2000057c                Yval
                0x2000057d                DataReady
                0x20000580                fCosPitch
                0x20000584                RollAng
                0x20000588                PitchAng
                0x2000058c                fTiltedY
 *(COMMON)
 COMMON         0x20000598        0xc ..\obj\hw_config.o
                0x20000598                HSEStartUpStatus
                0x2000059c                EXTI_InitStructure
 COMMON         0x200005a4        0x4 ..\obj\usb_prop.o
                0x200005a4                ProtocolValue
 COMMON         0x200005a8       0x32 ..\obj\usb_init.o
                0x200005a8                SaveState
                0x200005ac                pProperty
                0x200005b0                EPindex
                0x200005b4                Device_Info
                0x200005d0                pUser_Standard_Requests
                0x200005d4                pInformation
                0x200005d8                wInterrupt_Mask
 *fill*         0x200005da        0x2 00
 COMMON         0x200005dc       0x54 ..\obj\main.o
                0x200005dc                Xval
                0x200005e0                fCosRoll
                0x200005e4                fTiltedX
                0x200005e8                fSinRoll
                0x200005ec                fSinPitch
                0x200005f0                fNormAcc
                0x200005f4                RCC_Clocks
                0x20000630                . = ALIGN (0x4)
                0x20000630                _ebss = .

.co_stack       0x20000630      0x800 load address 0x08006fd4
                0x20000630                . = ALIGN (0x8)
 *(.co_stack .co_stack.*)
 .co_stack      0x20000630      0x800 ..\obj\startup_stm32f303.o
                0x20000630                pulStack
                0x20000e30                . = ALIGN (0x4)
                0x20000e30                _end = .
LOAD ..\obj\stm32f30x_iwdg.o
LOAD ..\obj\stm32f30x_opamp.o
LOAD ..\obj\usb_core.o
LOAD ..\obj\stm32f30x_crc.o
LOAD ..\obj\startup_stm32f303.o
LOAD ..\obj\stm32f30x_rcc.o
LOAD ..\obj\stm32f3_discovery_lsm303dlhc.o
LOAD ..\obj\stm32f30x_flash.o
LOAD ..\obj\system_stm32f30x.o
LOAD ..\obj\stm32f30x_adc.o
LOAD ..\obj\usb_int.o
LOAD ..\obj\usb_desc.o
LOAD ..\obj\usb_regs.o
LOAD ..\obj\hw_config.o
LOAD ..\obj\usb_prop.o
LOAD ..\obj\stm32f30x_it.o
LOAD ..\obj\stm32f30x_gpio.o
LOAD ..\obj\stm32f30x_comp.o
LOAD ..\obj\usb_pwr.o
LOAD ..\obj\usb_init.o
LOAD ..\obj\main.o
LOAD ..\obj\stm32f30x_dma.o
LOAD ..\obj\stm32f30x_exti.o
LOAD ..\obj\stm32f30x_spi.o
LOAD ..\obj\stm32f30x_i2c.o
LOAD ..\obj\usb_sil.o
LOAD ..\obj\stm32f30x_rtc.o
LOAD ..\obj\stm32f30x_misc.o
LOAD ..\obj\stm32f30x_tim.o
LOAD ..\obj\stm32f3_discovery_l3gd20.o
LOAD ..\obj\stm32f30x_dbgmcu.o
LOAD ..\obj\usb_endp.o
LOAD ..\obj\stm32f30x_syscfg.o
LOAD ..\obj\stm32f30x_pwr.o
LOAD ..\obj\stm32f30x_wwdg.o
LOAD ..\obj\stm32f30x_can.o
LOAD ..\obj\usb_mem.o
LOAD ..\obj\stm32f3_discovery.o
LOAD ..\obj\stm32f30x_dac.o
LOAD ..\obj\usb_istr.o
LOAD ..\obj\stm32f30x_usart.o
LOAD c:/program files (x86)/gnu tools arm embedded/4.6 2012q2/bin/../lib/gcc/arm-none-eabi/4.6.2/../../../../arm-none-eabi/lib/armv7e-m\libm.a
START GROUP
LOAD c:/program files (x86)/gnu tools arm embedded/4.6 2012q2/bin/../lib/gcc/arm-none-eabi/4.6.2/armv7e-m\libgcc.a
LOAD c:/program files (x86)/gnu tools arm embedded/4.6 2012q2/bin/../lib/gcc/arm-none-eabi/4.6.2/../../../../arm-none-eabi/lib/armv7e-m\libg.a
LOAD c:/program files (x86)/gnu tools arm embedded/4.6 2012q2/bin/../lib/gcc/arm-none-eabi/4.6.2/../../../../arm-none-eabi/lib/armv7e-m\libc.a
END GROUP
OUTPUT(Test_STM32F303.elf elf32-littlearm)

.debug_info     0x00000000    0x13cfd
 .debug_info    0x00000000      0x243 ..\obj\stm32f30x_iwdg.o
 .debug_info    0x00000243      0x473 ..\obj\stm32f30x_opamp.o
 .debug_info    0x000006b6      0xc68 ..\obj\usb_core.o
 .debug_info    0x0000131e      0x3b7 ..\obj\stm32f30x_crc.o
 .debug_info    0x000016d5      0x135 ..\obj\startup_stm32f303.o
 .debug_info    0x0000180a      0xb61 ..\obj\stm32f30x_rcc.o
 .debug_info    0x0000236b      0xa23 ..\obj\stm32f3_discovery_lsm303dlhc.o
 .debug_info    0x00002d8e      0x842 ..\obj\stm32f30x_flash.o
 .debug_info    0x000035d0      0x501 ..\obj\system_stm32f30x.o
 .debug_info    0x00003ad1     0x1527 ..\obj\stm32f30x_adc.o
 .debug_info    0x00004ff8      0x236 ..\obj\usb_int.o
 .debug_info    0x0000522e      0x1ab ..\obj\usb_desc.o
 .debug_info    0x000053d9      0xd74 ..\obj\usb_regs.o
 .debug_info    0x0000614d      0x9f4 ..\obj\hw_config.o
 .debug_info    0x00006b41      0xa86 ..\obj\usb_prop.o
 .debug_info    0x000075c7      0x29f ..\obj\stm32f30x_it.o
 .debug_info    0x00007866      0x635 ..\obj\stm32f30x_gpio.o
 .debug_info    0x00007e9b      0x2e9 ..\obj\stm32f30x_comp.o
 .debug_info    0x00008184      0x2f9 ..\obj\usb_pwr.o
 .debug_info    0x0000847d      0x4e9 ..\obj\usb_init.o
 .debug_info    0x00008966      0xf43 ..\obj\main.o
 .debug_info    0x000098a9      0x4ad ..\obj\stm32f30x_dma.o
 .debug_info    0x00009d56      0x3ef ..\obj\stm32f30x_exti.o
 .debug_info    0x0000a145      0xc33 ..\obj\stm32f30x_spi.o
 .debug_info    0x0000ad78      0xc8b ..\obj\stm32f30x_i2c.o
 .debug_info    0x0000ba03      0x182 ..\obj\usb_sil.o
 .debug_info    0x0000bb85     0x1106 ..\obj\stm32f30x_rtc.o
 .debug_info    0x0000cc8b      0x594 ..\obj\stm32f30x_misc.o
 .debug_info    0x0000d21f     0x2395 ..\obj\stm32f30x_tim.o
 .debug_info    0x0000f5b4      0x858 ..\obj\stm32f3_discovery_l3gd20.o
 .debug_info    0x0000fe0c      0x1ef ..\obj\stm32f30x_dbgmcu.o
 .debug_info    0x0000fffb       0xd7 ..\obj\usb_endp.o
 .debug_info    0x000100d2      0x3f2 ..\obj\stm32f30x_syscfg.o
 .debug_info    0x000104c4      0x518 ..\obj\stm32f30x_pwr.o
 .debug_info    0x000109dc      0x261 ..\obj\stm32f30x_wwdg.o
 .debug_info    0x00010c3d      0xc62 ..\obj\stm32f30x_can.o
 .debug_info    0x0001189f      0x1bb ..\obj\usb_mem.o
 .debug_info    0x00011a5a      0x936 ..\obj\stm32f3_discovery.o
 .debug_info    0x00012390      0x683 ..\obj\stm32f30x_dac.o
 .debug_info    0x00012a13      0x337 ..\obj\usb_istr.o
 .debug_info    0x00012d4a      0xfb3 ..\obj\stm32f30x_usart.o

.debug_abbrev   0x00000000     0x34da
 .debug_abbrev  0x00000000      0x109 ..\obj\stm32f30x_iwdg.o
 .debug_abbrev  0x00000109      0x11a ..\obj\stm32f30x_opamp.o
 .debug_abbrev  0x00000223      0x25a ..\obj\usb_core.o
 .debug_abbrev  0x0000047d      0x16e ..\obj\stm32f30x_crc.o
 .debug_abbrev  0x000005eb       0xac ..\obj\startup_stm32f303.o
 .debug_abbrev  0x00000697      0x1b7 ..\obj\stm32f30x_rcc.o
 .debug_abbrev  0x0000084e      0x1a4 ..\obj\stm32f3_discovery_lsm303dlhc.o
 .debug_abbrev  0x000009f2      0x186 ..\obj\stm32f30x_flash.o
 .debug_abbrev  0x00000b78      0x14f ..\obj\system_stm32f30x.o
 .debug_abbrev  0x00000cc7      0x16f ..\obj\stm32f30x_adc.o
 .debug_abbrev  0x00000e36       0xcd ..\obj\usb_int.o
 .debug_abbrev  0x00000f03       0x77 ..\obj\usb_desc.o
 .debug_abbrev  0x00000f7a      0x146 ..\obj\usb_regs.o
 .debug_abbrev  0x000010c0      0x22e ..\obj\hw_config.o
 .debug_abbrev  0x000012ee      0x1bb ..\obj\usb_prop.o
 .debug_abbrev  0x000014a9       0xd4 ..\obj\stm32f30x_it.o
 .debug_abbrev  0x0000157d      0x173 ..\obj\stm32f30x_gpio.o
 .debug_abbrev  0x000016f0      0x11a ..\obj\stm32f30x_comp.o
 .debug_abbrev  0x0000180a      0x124 ..\obj\usb_pwr.o
 .debug_abbrev  0x0000192e      0x11d ..\obj\usb_init.o
 .debug_abbrev  0x00001a4b      0x1e8 ..\obj\main.o
 .debug_abbrev  0x00001c33      0x14e ..\obj\stm32f30x_dma.o
 .debug_abbrev  0x00001d81      0x170 ..\obj\stm32f30x_exti.o
 .debug_abbrev  0x00001ef1      0x14e ..\obj\stm32f30x_spi.o
 .debug_abbrev  0x0000203f      0x15d ..\obj\stm32f30x_i2c.o
 .debug_abbrev  0x0000219c       0xb7 ..\obj\usb_sil.o
 .debug_abbrev  0x00002253      0x16b ..\obj\stm32f30x_rtc.o
 .debug_abbrev  0x000023be      0x126 ..\obj\stm32f30x_misc.o
 .debug_abbrev  0x000024e4      0x163 ..\obj\stm32f30x_tim.o
 .debug_abbrev  0x00002647      0x1bb ..\obj\stm32f3_discovery_l3gd20.o
 .debug_abbrev  0x00002802       0xda ..\obj\stm32f30x_dbgmcu.o
 .debug_abbrev  0x000028dc       0x75 ..\obj\usb_endp.o
 .debug_abbrev  0x00002951      0x174 ..\obj\stm32f30x_syscfg.o
 .debug_abbrev  0x00002ac5      0x175 ..\obj\stm32f30x_pwr.o
 .debug_abbrev  0x00002c3a      0x11e ..\obj\stm32f30x_wwdg.o
 .debug_abbrev  0x00002d58      0x1ac ..\obj\stm32f30x_can.o
 .debug_abbrev  0x00002f04       0x9c ..\obj\usb_mem.o
 .debug_abbrev  0x00002fa0      0x176 ..\obj\stm32f3_discovery.o
 .debug_abbrev  0x00003116      0x172 ..\obj\stm32f30x_dac.o
 .debug_abbrev  0x00003288      0x104 ..\obj\usb_istr.o
 .debug_abbrev  0x0000338c      0x14e ..\obj\stm32f30x_usart.o

.debug_loc      0x00000000     0xa478
 .debug_loc     0x00000000      0x170 ..\obj\stm32f30x_iwdg.o
 .debug_loc     0x00000170      0x348 ..\obj\stm32f30x_opamp.o
 .debug_loc     0x000004b8      0x3f8 ..\obj\usb_core.o
 .debug_loc     0x000008b0      0x2e0 ..\obj\stm32f30x_crc.o
 .debug_loc     0x00000b90       0x64 ..\obj\startup_stm32f303.o
 .debug_loc     0x00000bf4      0x864 ..\obj\stm32f30x_rcc.o
 .debug_loc     0x00001458      0x380 ..\obj\stm32f3_discovery_lsm303dlhc.o
 .debug_loc     0x000017d8      0x604 ..\obj\stm32f30x_flash.o
 .debug_loc     0x00001ddc       0x9c ..\obj\system_stm32f30x.o
 .debug_loc     0x00001e78      0xe38 ..\obj\stm32f30x_adc.o
 .debug_loc     0x00002cb0       0x70 ..\obj\usb_int.o
 .debug_loc     0x00002d20      0xcac ..\obj\usb_regs.o
 .debug_loc     0x000039cc      0x244 ..\obj\hw_config.o
 .debug_loc     0x00003c10      0x344 ..\obj\usb_prop.o
 .debug_loc     0x00003f54      0x210 ..\obj\stm32f30x_it.o
 .debug_loc     0x00004164      0x2d8 ..\obj\stm32f30x_gpio.o
 .debug_loc     0x0000443c      0x1c0 ..\obj\stm32f30x_comp.o
 .debug_loc     0x000045fc      0x10c ..\obj\usb_pwr.o
 .debug_loc     0x00004708       0x2c ..\obj\usb_init.o
 .debug_loc     0x00004734      0x2a8 ..\obj\main.o
 .debug_loc     0x000049dc      0x268 ..\obj\stm32f30x_dma.o
 .debug_loc     0x00004c44      0x1b4 ..\obj\stm32f30x_exti.o
 .debug_loc     0x00004df8      0x702 ..\obj\stm32f30x_spi.o
 .debug_loc     0x000054fa      0x930 ..\obj\stm32f30x_i2c.o
 .debug_loc     0x00005e2a       0x9c ..\obj\usb_sil.o
 .debug_loc     0x00005ec6      0xb68 ..\obj\stm32f30x_rtc.o
 .debug_loc     0x00006a2e      0x118 ..\obj\stm32f30x_misc.o
 .debug_loc     0x00006b46     0x18f0 ..\obj\stm32f30x_tim.o
 .debug_loc     0x00008436      0x2a0 ..\obj\stm32f3_discovery_l3gd20.o
 .debug_loc     0x000086d6      0x100 ..\obj\stm32f30x_dbgmcu.o
 .debug_loc     0x000087d6       0x2c ..\obj\usb_endp.o
 .debug_loc     0x00008802      0x2f8 ..\obj\stm32f30x_syscfg.o
 .debug_loc     0x00008afa      0x218 ..\obj\stm32f30x_pwr.o
 .debug_loc     0x00008d12      0x19c ..\obj\stm32f30x_wwdg.o
 .debug_loc     0x00008eae      0x578 ..\obj\stm32f30x_can.o
 .debug_loc     0x00009426       0x70 ..\obj\usb_mem.o
 .debug_loc     0x00009496      0x150 ..\obj\stm32f3_discovery.o
 .debug_loc     0x000095e6      0x3ac ..\obj\stm32f30x_dac.o
 .debug_loc     0x00009992       0x2c ..\obj\usb_istr.o
 .debug_loc     0x000099be      0xaba ..\obj\stm32f30x_usart.o

.debug_aranges  0x00000000     0x1bb8
 .debug_aranges
                0x00000000       0x50 ..\obj\stm32f30x_iwdg.o
 .debug_aranges
                0x00000050       0x90 ..\obj\stm32f30x_opamp.o
 .debug_aranges
                0x000000e0       0xb0 ..\obj\usb_core.o
 .debug_aranges
                0x00000190       0x88 ..\obj\stm32f30x_crc.o
 .debug_aranges
                0x00000218       0x28 ..\obj\startup_stm32f303.o
 .debug_aranges
                0x00000240      0x150 ..\obj\stm32f30x_rcc.o
 .debug_aranges
                0x00000390       0x98 ..\obj\stm32f3_discovery_lsm303dlhc.o
 .debug_aranges
                0x00000428      0x100 ..\obj\stm32f30x_flash.o
 .debug_aranges
                0x00000528       0x30 ..\obj\system_stm32f30x.o
 .debug_aranges
                0x00000558      0x220 ..\obj\stm32f30x_adc.o
 .debug_aranges
                0x00000778       0x28 ..\obj\usb_int.o
 .debug_aranges
                0x000007a0      0x1f0 ..\obj\usb_regs.o
 .debug_aranges
                0x00000990       0x70 ..\obj\hw_config.o
 .debug_aranges
                0x00000a00       0x98 ..\obj\usb_prop.o
 .debug_aranges
                0x00000a98       0x78 ..\obj\stm32f30x_it.o
 .debug_aranges
                0x00000b10       0x80 ..\obj\stm32f30x_gpio.o
 .debug_aranges
                0x00000b90       0x58 ..\obj\stm32f30x_comp.o
 .debug_aranges
                0x00000be8       0x40 ..\obj\usb_pwr.o
 .debug_aranges
                0x00000c28       0x20 ..\obj\usb_init.o
 .debug_aranges
                0x00000c48       0x80 ..\obj\main.o
 .debug_aranges
                0x00000cc8       0x70 ..\obj\stm32f30x_dma.o
 .debug_aranges
                0x00000d38       0x58 ..\obj\stm32f30x_exti.o
 .debug_aranges
                0x00000d90      0x118 ..\obj\stm32f30x_spi.o
 .debug_aranges
                0x00000ea8      0x168 ..\obj\stm32f30x_i2c.o
 .debug_aranges
                0x00001010       0x30 ..\obj\usb_sil.o
 .debug_aranges
                0x00001040      0x1c0 ..\obj\stm32f30x_rtc.o
 .debug_aranges
                0x00001200       0x40 ..\obj\stm32f30x_misc.o
 .debug_aranges
                0x00001240      0x3a8 ..\obj\stm32f30x_tim.o
 .debug_aranges
                0x000015e8       0x78 ..\obj\stm32f3_discovery_l3gd20.o
 .debug_aranges
                0x00001660       0x40 ..\obj\stm32f30x_dbgmcu.o
 .debug_aranges
                0x000016a0       0x20 ..\obj\usb_endp.o
 .debug_aranges
                0x000016c0       0x88 ..\obj\stm32f30x_syscfg.o
 .debug_aranges
                0x00001748       0x68 ..\obj\stm32f30x_pwr.o
 .debug_aranges
                0x000017b0       0x58 ..\obj\stm32f30x_wwdg.o
 .debug_aranges
                0x00001808       0xe0 ..\obj\stm32f30x_can.o
 .debug_aranges
                0x000018e8       0x28 ..\obj\usb_mem.o
 .debug_aranges
                0x00001910       0x48 ..\obj\stm32f3_discovery.o
 .debug_aranges
                0x00001958       0xa0 ..\obj\stm32f30x_dac.o
 .debug_aranges
                0x000019f8       0x20 ..\obj\usb_istr.o
 .debug_aranges
                0x00001a18      0x1a0 ..\obj\stm32f30x_usart.o

.debug_ranges   0x00000000     0x1938
 .debug_ranges  0x00000000       0x40 ..\obj\stm32f30x_iwdg.o
 .debug_ranges  0x00000040       0x80 ..\obj\stm32f30x_opamp.o
 .debug_ranges  0x000000c0       0xa0 ..\obj\usb_core.o
 .debug_ranges  0x00000160       0x78 ..\obj\stm32f30x_crc.o
 .debug_ranges  0x000001d8       0x18 ..\obj\startup_stm32f303.o
 .debug_ranges  0x000001f0      0x140 ..\obj\stm32f30x_rcc.o
 .debug_ranges  0x00000330       0x88 ..\obj\stm32f3_discovery_lsm303dlhc.o
 .debug_ranges  0x000003b8       0xf0 ..\obj\stm32f30x_flash.o
 .debug_ranges  0x000004a8       0x20 ..\obj\system_stm32f30x.o
 .debug_ranges  0x000004c8      0x210 ..\obj\stm32f30x_adc.o
 .debug_ranges  0x000006d8       0x18 ..\obj\usb_int.o
 .debug_ranges  0x000006f0      0x1e0 ..\obj\usb_regs.o
 .debug_ranges  0x000008d0       0x60 ..\obj\hw_config.o
 .debug_ranges  0x00000930       0x88 ..\obj\usb_prop.o
 .debug_ranges  0x000009b8       0x68 ..\obj\stm32f30x_it.o
 .debug_ranges  0x00000a20       0x70 ..\obj\stm32f30x_gpio.o
 .debug_ranges  0x00000a90       0x48 ..\obj\stm32f30x_comp.o
 .debug_ranges  0x00000ad8       0x30 ..\obj\usb_pwr.o
 .debug_ranges  0x00000b08       0x10 ..\obj\usb_init.o
 .debug_ranges  0x00000b18       0x70 ..\obj\main.o
 .debug_ranges  0x00000b88       0x60 ..\obj\stm32f30x_dma.o
 .debug_ranges  0x00000be8       0x48 ..\obj\stm32f30x_exti.o
 .debug_ranges  0x00000c30      0x108 ..\obj\stm32f30x_spi.o
 .debug_ranges  0x00000d38      0x158 ..\obj\stm32f30x_i2c.o
 .debug_ranges  0x00000e90       0x20 ..\obj\usb_sil.o
 .debug_ranges  0x00000eb0      0x1b0 ..\obj\stm32f30x_rtc.o
 .debug_ranges  0x00001060       0x30 ..\obj\stm32f30x_misc.o
 .debug_ranges  0x00001090      0x398 ..\obj\stm32f30x_tim.o
 .debug_ranges  0x00001428       0x68 ..\obj\stm32f3_discovery_l3gd20.o
 .debug_ranges  0x00001490       0x30 ..\obj\stm32f30x_dbgmcu.o
 .debug_ranges  0x000014c0       0x10 ..\obj\usb_endp.o
 .debug_ranges  0x000014d0       0x78 ..\obj\stm32f30x_syscfg.o
 .debug_ranges  0x00001548       0x58 ..\obj\stm32f30x_pwr.o
 .debug_ranges  0x000015a0       0x48 ..\obj\stm32f30x_wwdg.o
 .debug_ranges  0x000015e8       0xd0 ..\obj\stm32f30x_can.o
 .debug_ranges  0x000016b8       0x18 ..\obj\usb_mem.o
 .debug_ranges  0x000016d0       0x38 ..\obj\stm32f3_discovery.o
 .debug_ranges  0x00001708       0x90 ..\obj\stm32f30x_dac.o
 .debug_ranges  0x00001798       0x10 ..\obj\usb_istr.o
 .debug_ranges  0x000017a8      0x190 ..\obj\stm32f30x_usart.o

.debug_line     0x00000000     0x91f2
 .debug_line    0x00000000      0x1f2 ..\obj\stm32f30x_iwdg.o
 .debug_line    0x000001f2      0x2f9 ..\obj\stm32f30x_opamp.o
 .debug_line    0x000004eb      0x4da ..\obj\usb_core.o
 .debug_line    0x000009c5      0x28f ..\obj\stm32f30x_crc.o
 .debug_line    0x00000c54       0xa2 ..\obj\startup_stm32f303.o
 .debug_line    0x00000cf6      0x55d ..\obj\stm32f30x_rcc.o
 .debug_line    0x00001253      0x47d ..\obj\stm32f3_discovery_lsm303dlhc.o
 .debug_line    0x000016d0      0x489 ..\obj\stm32f30x_flash.o
 .debug_line    0x00001b59      0x207 ..\obj\system_stm32f30x.o
 .debug_line    0x00001d60      0x7c5 ..\obj\stm32f30x_adc.o
 .debug_line    0x00002525      0x27e ..\obj\usb_int.o
 .debug_line    0x000027a3      0x11b ..\obj\usb_desc.o
 .debug_line    0x000028be      0x714 ..\obj\usb_regs.o
 .debug_line    0x00002fd2      0x3c6 ..\obj\hw_config.o
 .debug_line    0x00003398      0x32b ..\obj\usb_prop.o
 .debug_line    0x000036c3      0x2ee ..\obj\stm32f30x_it.o
 .debug_line    0x000039b1      0x2f1 ..\obj\stm32f30x_gpio.o
 .debug_line    0x00003ca2      0x26f ..\obj\stm32f30x_comp.o
 .debug_line    0x00003f11      0x287 ..\obj\usb_pwr.o
 .debug_line    0x00004198      0x18e ..\obj\usb_init.o
 .debug_line    0x00004326      0x611 ..\obj\main.o
 .debug_line    0x00004937      0x2d0 ..\obj\stm32f30x_dma.o
 .debug_line    0x00004c07      0x28a ..\obj\stm32f30x_exti.o
 .debug_line    0x00004e91      0x4c5 ..\obj\stm32f30x_spi.o
 .debug_line    0x00005356      0x53b ..\obj\stm32f30x_i2c.o
 .debug_line    0x00005891      0x1a6 ..\obj\usb_sil.o
 .debug_line    0x00005a37      0x78b ..\obj\stm32f30x_rtc.o
 .debug_line    0x000061c2      0x225 ..\obj\stm32f30x_misc.o
 .debug_line    0x000063e7      0xc20 ..\obj\stm32f30x_tim.o
 .debug_line    0x00007007      0x386 ..\obj\stm32f3_discovery_l3gd20.o
 .debug_line    0x0000738d      0x1d2 ..\obj\stm32f30x_dbgmcu.o
 .debug_line    0x0000755f      0x12c ..\obj\usb_endp.o
 .debug_line    0x0000768b      0x28c ..\obj\stm32f30x_syscfg.o
 .debug_line    0x00007917      0x26f ..\obj\stm32f30x_pwr.o
 .debug_line    0x00007b86      0x20b ..\obj\stm32f30x_wwdg.o
 .debug_line    0x00007d91      0x527 ..\obj\stm32f30x_can.o
 .debug_line    0x000082b8      0x191 ..\obj\usb_mem.o
 .debug_line    0x00008449      0x2aa ..\obj\stm32f3_discovery.o
 .debug_line    0x000086f3      0x32e ..\obj\stm32f30x_dac.o
 .debug_line    0x00008a21      0x1ea ..\obj\usb_istr.o
 .debug_line    0x00008c0b      0x5e7 ..\obj\stm32f30x_usart.o

.debug_str      0x00000000     0x7d45
 .debug_str     0x00000000      0x1b5 ..\obj\stm32f30x_iwdg.o
                                0x227 (size before relaxing)
 .debug_str     0x000001b5      0x26d ..\obj\stm32f30x_opamp.o
                                0x358 (size before relaxing)
 .debug_str     0x00000422      0x7d1 ..\obj\usb_core.o
                                0x9ff (size before relaxing)
 .debug_str     0x00000bf3      0x1c0 ..\obj\stm32f30x_crc.o
                                0x2fe (size before relaxing)
 .debug_str     0x00000db3       0xb1 ..\obj\startup_stm32f303.o
                                0x119 (size before relaxing)
 .debug_str     0x00000e64      0x611 ..\obj\stm32f30x_rcc.o
                                0x794 (size before relaxing)
 .debug_str     0x00001475      0x74e ..\obj\stm32f3_discovery_lsm303dlhc.o
                                0x8a5 (size before relaxing)
 .debug_str     0x00001bc3      0x3b7 ..\obj\stm32f30x_flash.o
                                0x537 (size before relaxing)
 .debug_str     0x00001f7a       0xd8 ..\obj\system_stm32f30x.o
                                0x2a7 (size before relaxing)
 .debug_str     0x00002052      0x9b9 ..\obj\stm32f30x_adc.o
                                0xb55 (size before relaxing)
 .debug_str     0x00002a0b       0x77 ..\obj\usb_int.o
                                0x192 (size before relaxing)
 .debug_str     0x00002a82       0xdb ..\obj\usb_desc.o
                                0x1c5 (size before relaxing)
 .debug_str     0x00002b5d      0x403 ..\obj\usb_regs.o
                                0x51b (size before relaxing)
 .debug_str     0x00002f60      0x66c ..\obj\hw_config.o
                                0xb6c (size before relaxing)
 .debug_str     0x000035cc      0x270 ..\obj\usb_prop.o
                                0x9b4 (size before relaxing)
 .debug_str     0x0000383c      0x1f1 ..\obj\stm32f30x_it.o
                                0x302 (size before relaxing)
 .debug_str     0x00003a2d      0x189 ..\obj\stm32f30x_gpio.o
                                0x438 (size before relaxing)
 .debug_str     0x00003bb6      0x161 ..\obj\stm32f30x_comp.o
                                0x27b (size before relaxing)
 .debug_str     0x00003d17       0xa4 ..\obj\usb_pwr.o
                                0x2e8 (size before relaxing)
 .debug_str     0x00003dbb       0x53 ..\obj\usb_init.o
                                0x4de (size before relaxing)
 .debug_str     0x00003e0e      0x361 ..\obj\main.o
                                0xcfe (size before relaxing)
 .debug_str     0x0000416f      0x220 ..\obj\stm32f30x_dma.o
                                0x367 (size before relaxing)
 .debug_str     0x0000438f      0x126 ..\obj\stm32f30x_exti.o
                                0x335 (size before relaxing)
 .debug_str     0x000044b5      0x479 ..\obj\stm32f30x_spi.o
                                0x767 (size before relaxing)
 .debug_str     0x0000492e      0x3ca ..\obj\stm32f30x_i2c.o
                                0x5ed (size before relaxing)
 .debug_str     0x00004cf8       0x95 ..\obj\usb_sil.o
                                0x1a1 (size before relaxing)
 .debug_str     0x00004d8d      0x8b6 ..\obj\stm32f30x_rtc.o
                                0xa49 (size before relaxing)
 .debug_str     0x00005643      0x105 ..\obj\stm32f30x_misc.o
                                0x379 (size before relaxing)
 .debug_str     0x00005748      0xd4d ..\obj\stm32f30x_tim.o
                                0xf17 (size before relaxing)
 .debug_str     0x00006495      0x21c ..\obj\stm32f3_discovery_l3gd20.o
                                0x6b9 (size before relaxing)
 .debug_str     0x000066b1       0xd8 ..\obj\stm32f30x_dbgmcu.o
                                0x1eb (size before relaxing)
 .debug_str     0x00006789       0x44 ..\obj\usb_endp.o
                                0x13f (size before relaxing)
 .debug_str     0x000067cd      0x26f ..\obj\stm32f30x_syscfg.o
                                0x3ab (size before relaxing)
 .debug_str     0x00006a3c      0x154 ..\obj\stm32f30x_pwr.o
                                0x2f8 (size before relaxing)
 .debug_str     0x00006b90       0xe0 ..\obj\stm32f30x_wwdg.o
                                0x221 (size before relaxing)
 .debug_str     0x00006c70      0x526 ..\obj\stm32f30x_can.o
                                0x6d4 (size before relaxing)
 .debug_str     0x00007196       0x97 ..\obj\usb_mem.o
                                0x193 (size before relaxing)
 .debug_str     0x0000722d      0x16b ..\obj\stm32f3_discovery.o
                                0xa15 (size before relaxing)
 .debug_str     0x00007398      0x27a ..\obj\stm32f30x_dac.o
                                0x3e9 (size before relaxing)
 .debug_str     0x00007612       0x49 ..\obj\usb_istr.o
                                0x32c (size before relaxing)
 .debug_str     0x0000765b      0x6ea ..\obj\stm32f30x_usart.o
                                0x99f (size before relaxing)

.comment        0x00000000       0x70
 .comment       0x00000000       0x70 ..\obj\stm32f30x_iwdg.o
                                 0x71 (size before relaxing)
 .comment       0x00000000       0x71 ..\obj\stm32f30x_opamp.o
 .comment       0x00000000       0x71 ..\obj\usb_core.o
 .comment       0x00000000       0x71 ..\obj\stm32f30x_crc.o
 .comment       0x00000000       0x71 ..\obj\startup_stm32f303.o
 .comment       0x00000000       0x71 ..\obj\stm32f30x_rcc.o
 .comment       0x00000000       0x71 ..\obj\stm32f3_discovery_lsm303dlhc.o
 .comment       0x00000000       0x71 ..\obj\stm32f30x_flash.o
 .comment       0x00000000       0x71 ..\obj\system_stm32f30x.o
 .comment       0x00000000       0x71 ..\obj\stm32f30x_adc.o
 .comment       0x00000000       0x71 ..\obj\usb_int.o
 .comment       0x00000000       0x71 ..\obj\usb_desc.o
 .comment       0x00000000       0x71 ..\obj\usb_regs.o
 .comment       0x00000000       0x71 ..\obj\hw_config.o
 .comment       0x00000000       0x71 ..\obj\usb_prop.o
 .comment       0x00000000       0x71 ..\obj\stm32f30x_it.o
 .comment       0x00000000       0x71 ..\obj\stm32f30x_gpio.o
 .comment       0x00000000       0x71 ..\obj\stm32f30x_comp.o
 .comment       0x00000000       0x71 ..\obj\usb_pwr.o
 .comment       0x00000000       0x71 ..\obj\usb_init.o
 .comment       0x00000000       0x71 ..\obj\main.o
 .comment       0x00000000       0x71 ..\obj\stm32f30x_dma.o
 .comment       0x00000000       0x71 ..\obj\stm32f30x_exti.o
 .comment       0x00000000       0x71 ..\obj\stm32f30x_spi.o
 .comment       0x00000000       0x71 ..\obj\stm32f30x_i2c.o
 .comment       0x00000000       0x71 ..\obj\usb_sil.o
 .comment       0x00000000       0x71 ..\obj\stm32f30x_rtc.o
 .comment       0x00000000       0x71 ..\obj\stm32f30x_misc.o
 .comment       0x00000000       0x71 ..\obj\stm32f30x_tim.o
 .comment       0x00000000       0x71 ..\obj\stm32f3_discovery_l3gd20.o
 .comment       0x00000000       0x71 ..\obj\stm32f30x_dbgmcu.o
 .comment       0x00000000       0x71 ..\obj\usb_endp.o
 .comment       0x00000000       0x71 ..\obj\stm32f30x_syscfg.o
 .comment       0x00000000       0x71 ..\obj\stm32f30x_pwr.o
 .comment       0x00000000       0x71 ..\obj\stm32f30x_wwdg.o
 .comment       0x00000000       0x71 ..\obj\stm32f30x_can.o
 .comment       0x00000000       0x71 ..\obj\usb_mem.o
 .comment       0x00000000       0x71 ..\obj\stm32f3_discovery.o
 .comment       0x00000000       0x71 ..\obj\stm32f30x_dac.o
 .comment       0x00000000       0x71 ..\obj\usb_istr.o
 .comment       0x00000000       0x71 ..\obj\stm32f30x_usart.o

.ARM.attributes
                0x00000000       0x33
 .ARM.attributes
                0x00000000       0x33 ..\obj\stm32f30x_iwdg.o
 .ARM.attributes
                0x00000033       0x33 ..\obj\stm32f30x_opamp.o
 .ARM.attributes
                0x00000066       0x33 ..\obj\usb_core.o
 .ARM.attributes
                0x00000099       0x33 ..\obj\stm32f30x_crc.o
 .ARM.attributes
                0x000000cc       0x33 ..\obj\startup_stm32f303.o
 .ARM.attributes
                0x000000ff       0x33 ..\obj\stm32f30x_rcc.o
 .ARM.attributes
                0x00000132       0x33 ..\obj\stm32f3_discovery_lsm303dlhc.o
 .ARM.attributes
                0x00000165       0x33 ..\obj\stm32f30x_flash.o
 .ARM.attributes
                0x00000198       0x33 ..\obj\system_stm32f30x.o
 .ARM.attributes
                0x000001cb       0x33 ..\obj\stm32f30x_adc.o
 .ARM.attributes
                0x000001fe       0x33 ..\obj\usb_int.o
 .ARM.attributes
                0x00000231       0x33 ..\obj\usb_desc.o
 .ARM.attributes
                0x00000264       0x33 ..\obj\usb_regs.o
 .ARM.attributes
                0x00000297       0x33 ..\obj\hw_config.o
 .ARM.attributes
                0x000002ca       0x33 ..\obj\usb_prop.o
 .ARM.attributes
                0x000002fd       0x33 ..\obj\stm32f30x_it.o
 .ARM.attributes
                0x00000330       0x33 ..\obj\stm32f30x_gpio.o
 .ARM.attributes
                0x00000363       0x33 ..\obj\stm32f30x_comp.o
 .ARM.attributes
                0x00000396       0x33 ..\obj\usb_pwr.o
 .ARM.attributes
                0x000003c9       0x33 ..\obj\usb_init.o
 .ARM.attributes
                0x000003fc       0x33 ..\obj\main.o
 .ARM.attributes
                0x0000042f       0x33 ..\obj\stm32f30x_dma.o
 .ARM.attributes
                0x00000462       0x33 ..\obj\stm32f30x_exti.o
 .ARM.attributes
                0x00000495       0x33 ..\obj\stm32f30x_spi.o
 .ARM.attributes
                0x000004c8       0x33 ..\obj\stm32f30x_i2c.o
 .ARM.attributes
                0x000004fb       0x33 ..\obj\usb_sil.o
 .ARM.attributes
                0x0000052e       0x33 ..\obj\stm32f30x_rtc.o
 .ARM.attributes
                0x00000561       0x33 ..\obj\stm32f30x_misc.o
 .ARM.attributes
                0x00000594       0x33 ..\obj\stm32f30x_tim.o
 .ARM.attributes
                0x000005c7       0x33 ..\obj\stm32f3_discovery_l3gd20.o
 .ARM.attributes
                0x000005fa       0x33 ..\obj\stm32f30x_dbgmcu.o
 .ARM.attributes
                0x0000062d       0x33 ..\obj\usb_endp.o
 .ARM.attributes
                0x00000660       0x33 ..\obj\stm32f30x_syscfg.o
 .ARM.attributes
                0x00000693       0x33 ..\obj\stm32f30x_pwr.o
 .ARM.attributes
                0x000006c6       0x33 ..\obj\stm32f30x_wwdg.o
 .ARM.attributes
                0x000006f9       0x33 ..\obj\stm32f30x_can.o
 .ARM.attributes
                0x0000072c       0x33 ..\obj\usb_mem.o
 .ARM.attributes
                0x0000075f       0x33 ..\obj\stm32f3_discovery.o
 .ARM.attributes
                0x00000792       0x33 ..\obj\stm32f30x_dac.o
 .ARM.attributes
                0x000007c5       0x33 ..\obj\usb_istr.o
 .ARM.attributes
                0x000007f8       0x33 ..\obj\stm32f30x_usart.o
 .ARM.attributes
                0x0000082b       0x2e c:/program files (x86)/gnu tools arm embedded/4.6 2012q2/bin/../lib/gcc/arm-none-eabi/4.6.2/../../../../arm-none-eabi/lib/armv7e-m\libm.a(lib_a-w_acos.o)
 .ARM.attributes
                0x00000859       0x2e c:/program files (x86)/gnu tools arm embedded/4.6 2012q2/bin/../lib/gcc/arm-none-eabi/4.6.2/../../../../arm-none-eabi/lib/armv7e-m\libm.a(lib_a-w_sqrt.o)
 .ARM.attributes
                0x00000887       0x2e c:/program files (x86)/gnu tools arm embedded/4.6 2012q2/bin/../lib/gcc/arm-none-eabi/4.6.2/../../../../arm-none-eabi/lib/armv7e-m\libm.a(lib_a-wf_atan2.o)
 .ARM.attributes
                0x000008b5       0x2e c:/program files (x86)/gnu tools arm embedded/4.6 2012q2/bin/../lib/gcc/arm-none-eabi/4.6.2/../../../../arm-none-eabi/lib/armv7e-m\libm.a(lib_a-e_acos.o)
 .ARM.attributes
                0x000008e3       0x2e c:/program files (x86)/gnu tools arm embedded/4.6 2012q2/bin/../lib/gcc/arm-none-eabi/4.6.2/../../../../arm-none-eabi/lib/armv7e-m\libm.a(lib_a-e_sqrt.o)
 .ARM.attributes
                0x00000911       0x2e c:/program files (x86)/gnu tools arm embedded/4.6 2012q2/bin/../lib/gcc/arm-none-eabi/4.6.2/../../../../arm-none-eabi/lib/armv7e-m\libm.a(lib_a-ef_atan2.o)
 .ARM.attributes
                0x0000093f       0x2e c:/program files (x86)/gnu tools arm embedded/4.6 2012q2/bin/../lib/gcc/arm-none-eabi/4.6.2/../../../../arm-none-eabi/lib/armv7e-m\libm.a(lib_a-s_fabs.o)
 .ARM.attributes
                0x0000096d       0x2e c:/program files (x86)/gnu tools arm embedded/4.6 2012q2/bin/../lib/gcc/arm-none-eabi/4.6.2/../../../../arm-none-eabi/lib/armv7e-m\libm.a(lib_a-s_fpclassify.o)
 .ARM.attributes
                0x0000099b       0x2e c:/program files (x86)/gnu tools arm embedded/4.6 2012q2/bin/../lib/gcc/arm-none-eabi/4.6.2/../../../../arm-none-eabi/lib/armv7e-m\libm.a(lib_a-s_lib_ver.o)
 .ARM.attributes
                0x000009c9       0x2e c:/program files (x86)/gnu tools arm embedded/4.6 2012q2/bin/../lib/gcc/arm-none-eabi/4.6.2/../../../../arm-none-eabi/lib/armv7e-m\libm.a(lib_a-s_matherr.o)
 .ARM.attributes
                0x000009f7       0x2e c:/program files (x86)/gnu tools arm embedded/4.6 2012q2/bin/../lib/gcc/arm-none-eabi/4.6.2/../../../../arm-none-eabi/lib/armv7e-m\libm.a(lib_a-s_nan.o)
 .ARM.attributes
                0x00000a25       0x2e c:/program files (x86)/gnu tools arm embedded/4.6 2012q2/bin/../lib/gcc/arm-none-eabi/4.6.2/../../../../arm-none-eabi/lib/armv7e-m\libm.a(lib_a-sf_atan.o)
 .ARM.attributes
                0x00000a53       0x2e c:/program files (x86)/gnu tools arm embedded/4.6 2012q2/bin/../lib/gcc/arm-none-eabi/4.6.2/../../../../arm-none-eabi/lib/armv7e-m\libm.a(lib_a-sf_fabs.o)
 .ARM.attributes
                0x00000a81       0x1e c:/program files (x86)/gnu tools arm embedded/4.6 2012q2/bin/../lib/gcc/arm-none-eabi/4.6.2/armv7e-m\libgcc.a(_arm_addsubdf3.o)
 .ARM.attributes
                0x00000a9f       0x1e c:/program files (x86)/gnu tools arm embedded/4.6 2012q2/bin/../lib/gcc/arm-none-eabi/4.6.2/armv7e-m\libgcc.a(_arm_muldivdf3.o)
 .ARM.attributes
                0x00000abd       0x1e c:/program files (x86)/gnu tools arm embedded/4.6 2012q2/bin/../lib/gcc/arm-none-eabi/4.6.2/armv7e-m\libgcc.a(_arm_cmpdf2.o)
 .ARM.attributes
                0x00000adb       0x1e c:/program files (x86)/gnu tools arm embedded/4.6 2012q2/bin/../lib/gcc/arm-none-eabi/4.6.2/armv7e-m\libgcc.a(_arm_truncdfsf2.o)
 .ARM.attributes
                0x00000af9       0x1e c:/program files (x86)/gnu tools arm embedded/4.6 2012q2/bin/../lib/gcc/arm-none-eabi/4.6.2/armv7e-m\libgcc.a(_arm_addsubsf3.o)
 .ARM.attributes
                0x00000b17       0x1e c:/program files (x86)/gnu tools arm embedded/4.6 2012q2/bin/../lib/gcc/arm-none-eabi/4.6.2/armv7e-m\libgcc.a(_arm_muldivsf3.o)
 .ARM.attributes
                0x00000b35       0x1e c:/program files (x86)/gnu tools arm embedded/4.6 2012q2/bin/../lib/gcc/arm-none-eabi/4.6.2/armv7e-m\libgcc.a(_arm_cmpsf2.o)
 .ARM.attributes
                0x00000b53       0x1e c:/program files (x86)/gnu tools arm embedded/4.6 2012q2/bin/../lib/gcc/arm-none-eabi/4.6.2/armv7e-m\libgcc.a(_arm_fixsfsi.o)
 .ARM.attributes
                0x00000b71       0x2e c:/program files (x86)/gnu tools arm embedded/4.6 2012q2/bin/../lib/gcc/arm-none-eabi/4.6.2/../../../../arm-none-eabi/lib/armv7e-m\libg.a(lib_a-errno.o)
 .ARM.attributes
                0x00000b9f       0x2e c:/program files (x86)/gnu tools arm embedded/4.6 2012q2/bin/../lib/gcc/arm-none-eabi/4.6.2/../../../../arm-none-eabi/lib/armv7e-m\libg.a(lib_a-impure.o)

.debug_frame    0x00000000     0x5990
 .debug_frame   0x00000000       0xcc ..\obj\stm32f30x_iwdg.o
 .debug_frame   0x000000cc      0x1b4 ..\obj\stm32f30x_opamp.o
 .debug_frame   0x00000280      0x254 ..\obj\usb_core.o
 .debug_frame   0x000004d4      0x188 ..\obj\stm32f30x_crc.o
 .debug_frame   0x0000065c       0x48 ..\obj\startup_stm32f303.o
 .debug_frame   0x000006a4      0x44c ..\obj\stm32f30x_rcc.o
 .debug_frame   0x00000af0      0x210 ..\obj\stm32f3_discovery_lsm303dlhc.o
 .debug_frame   0x00000d00      0x358 ..\obj\stm32f30x_flash.o
 .debug_frame   0x00001058       0x64 ..\obj\system_stm32f30x.o
 .debug_frame   0x000010bc      0x730 ..\obj\stm32f30x_adc.o
 .debug_frame   0x000017ec       0x50 ..\obj\usb_int.o
 .debug_frame   0x0000183c      0x684 ..\obj\usb_regs.o
 .debug_frame   0x00001ec0      0x158 ..\obj\hw_config.o
 .debug_frame   0x00002018      0x1e0 ..\obj\usb_prop.o
 .debug_frame   0x000021f8      0x140 ..\obj\stm32f30x_it.o
 .debug_frame   0x00002338      0x180 ..\obj\stm32f30x_gpio.o
 .debug_frame   0x000024b8       0xf0 ..\obj\stm32f30x_comp.o
 .debug_frame   0x000025a8       0xac ..\obj\usb_pwr.o
 .debug_frame   0x00002654       0x2c ..\obj\usb_init.o
 .debug_frame   0x00002680      0x190 ..\obj\main.o
 .debug_frame   0x00002810      0x144 ..\obj\stm32f30x_dma.o
 .debug_frame   0x00002954       0xec ..\obj\stm32f30x_exti.o
 .debug_frame   0x00002a40      0x398 ..\obj\stm32f30x_spi.o
 .debug_frame   0x00002dd8      0x4ac ..\obj\stm32f30x_i2c.o
 .debug_frame   0x00003284       0x68 ..\obj\usb_sil.o
 .debug_frame   0x000032ec      0x5f8 ..\obj\stm32f30x_rtc.o
 .debug_frame   0x000038e4       0x9c ..\obj\stm32f30x_misc.o
 .debug_frame   0x00003980      0xca4 ..\obj\stm32f30x_tim.o
 .debug_frame   0x00004624      0x190 ..\obj\stm32f3_discovery_l3gd20.o
 .debug_frame   0x000047b4       0x94 ..\obj\stm32f30x_dbgmcu.o
 .debug_frame   0x00004848       0x28 ..\obj\usb_endp.o
 .debug_frame   0x00004870      0x194 ..\obj\stm32f30x_syscfg.o
 .debug_frame   0x00004a04      0x124 ..\obj\stm32f30x_pwr.o
 .debug_frame   0x00004b28       0xe8 ..\obj\stm32f30x_wwdg.o
 .debug_frame   0x00004c10      0x2d4 ..\obj\stm32f30x_can.o
 .debug_frame   0x00004ee4       0x48 ..\obj\usb_mem.o
 .debug_frame   0x00004f2c       0xc4 ..\obj\stm32f3_discovery.o
 .debug_frame   0x00004ff0      0x1ec ..\obj\stm32f30x_dac.o
 .debug_frame   0x000051dc       0x2c ..\obj\usb_istr.o
 .debug_frame   0x00005208      0x574 ..\obj\stm32f30x_usart.o
 .debug_frame   0x0000577c       0x34 c:/program files (x86)/gnu tools arm embedded/4.6 2012q2/bin/../lib/gcc/arm-none-eabi/4.6.2/../../../../arm-none-eabi/lib/armv7e-m\libm.a(lib_a-w_acos.o)
 .debug_frame   0x000057b0       0x38 c:/program files (x86)/gnu tools arm embedded/4.6 2012q2/bin/../lib/gcc/arm-none-eabi/4.6.2/../../../../arm-none-eabi/lib/armv7e-m\libm.a(lib_a-w_sqrt.o)
 .debug_frame   0x000057e8       0x20 c:/program files (x86)/gnu tools arm embedded/4.6 2012q2/bin/../lib/gcc/arm-none-eabi/4.6.2/../../../../arm-none-eabi/lib/armv7e-m\libm.a(lib_a-wf_atan2.o)
 .debug_frame   0x00005808       0x38 c:/program files (x86)/gnu tools arm embedded/4.6 2012q2/bin/../lib/gcc/arm-none-eabi/4.6.2/../../../../arm-none-eabi/lib/armv7e-m\libm.a(lib_a-e_acos.o)
 .debug_frame   0x00005840       0x34 c:/program files (x86)/gnu tools arm embedded/4.6 2012q2/bin/../lib/gcc/arm-none-eabi/4.6.2/../../../../arm-none-eabi/lib/armv7e-m\libm.a(lib_a-e_sqrt.o)
 .debug_frame   0x00005874       0x2c c:/program files (x86)/gnu tools arm embedded/4.6 2012q2/bin/../lib/gcc/arm-none-eabi/4.6.2/../../../../arm-none-eabi/lib/armv7e-m\libm.a(lib_a-ef_atan2.o)
 .debug_frame   0x000058a0       0x20 c:/program files (x86)/gnu tools arm embedded/4.6 2012q2/bin/../lib/gcc/arm-none-eabi/4.6.2/../../../../arm-none-eabi/lib/armv7e-m\libm.a(lib_a-s_fabs.o)
 .debug_frame   0x000058c0       0x20 c:/program files (x86)/gnu tools arm embedded/4.6 2012q2/bin/../lib/gcc/arm-none-eabi/4.6.2/../../../../arm-none-eabi/lib/armv7e-m\libm.a(lib_a-s_fpclassify.o)
 .debug_frame   0x000058e0       0x20 c:/program files (x86)/gnu tools arm embedded/4.6 2012q2/bin/../lib/gcc/arm-none-eabi/4.6.2/../../../../arm-none-eabi/lib/armv7e-m\libm.a(lib_a-s_matherr.o)
 .debug_frame   0x00005900       0x20 c:/program files (x86)/gnu tools arm embedded/4.6 2012q2/bin/../lib/gcc/arm-none-eabi/4.6.2/../../../../arm-none-eabi/lib/armv7e-m\libm.a(lib_a-s_nan.o)
 .debug_frame   0x00005920       0x30 c:/program files (x86)/gnu tools arm embedded/4.6 2012q2/bin/../lib/gcc/arm-none-eabi/4.6.2/../../../../arm-none-eabi/lib/armv7e-m\libm.a(lib_a-sf_atan.o)
 .debug_frame   0x00005950       0x20 c:/program files (x86)/gnu tools arm embedded/4.6 2012q2/bin/../lib/gcc/arm-none-eabi/4.6.2/../../../../arm-none-eabi/lib/armv7e-m\libm.a(lib_a-sf_fabs.o)
 .debug_frame   0x00005970       0x20 c:/program files (x86)/gnu tools arm embedded/4.6 2012q2/bin/../lib/gcc/arm-none-eabi/4.6.2/../../../../arm-none-eabi/lib/armv7e-m\libg.a(lib_a-errno.o)
