
Discarded input sections

 .text          0x00000000        0x0 ..\obj\stm32f30x_iwdg.o
 .data          0x00000000        0x0 ..\obj\stm32f30x_iwdg.o
 .bss           0x00000000        0x0 ..\obj\stm32f30x_iwdg.o
 .text.IWDG_WriteAccessCmd
                0x00000000       0x20 ..\obj\stm32f30x_iwdg.o
 .text.IWDG_SetPrescaler
                0x00000000       0x20 ..\obj\stm32f30x_iwdg.o
 .text.IWDG_SetReload
                0x00000000       0x20 ..\obj\stm32f30x_iwdg.o
 .text.IWDG_ReloadCounter
                0x00000000       0x18 ..\obj\stm32f30x_iwdg.o
 .text.IWDG_SetWindowValue
                0x00000000       0x20 ..\obj\stm32f30x_iwdg.o
 .text.IWDG_Enable
                0x00000000       0x18 ..\obj\stm32f30x_iwdg.o
 .text.IWDG_GetFlagStatus
                0x00000000       0x38 ..\obj\stm32f30x_iwdg.o
 .debug_info    0x00000000      0x23c ..\obj\stm32f30x_iwdg.o
 .debug_abbrev  0x00000000      0x110 ..\obj\stm32f30x_iwdg.o
 .debug_aranges
                0x00000000       0x50 ..\obj\stm32f30x_iwdg.o
 .debug_ranges  0x00000000       0x40 ..\obj\stm32f30x_iwdg.o
 .debug_line    0x00000000      0x20b ..\obj\stm32f30x_iwdg.o
 .debug_str     0x00000000      0x2ab ..\obj\stm32f30x_iwdg.o
 .comment       0x00000000       0x71 ..\obj\stm32f30x_iwdg.o
 .ARM.attributes
                0x00000000       0x39 ..\obj\stm32f30x_iwdg.o
 .debug_frame   0x00000000       0xcc ..\obj\stm32f30x_iwdg.o
 .text          0x00000000        0x0 ..\obj\stm32f30x_rcc.o
 .data          0x00000000       0x2c ..\obj\stm32f30x_rcc.o
 .bss           0x00000000        0x0 ..\obj\stm32f30x_rcc.o
 .text.RCC_DeInit
                0x00000000       0x7c ..\obj\stm32f30x_rcc.o
 .text.RCC_HSEConfig
                0x00000000       0x24 ..\obj\stm32f30x_rcc.o
 .text.RCC_WaitForHSEStartUp
                0x00000000       0x50 ..\obj\stm32f30x_rcc.o
 .text.RCC_AdjustHSICalibrationValue
                0x00000000       0x3c ..\obj\stm32f30x_rcc.o
 .text.RCC_HSICmd
                0x00000000       0x20 ..\obj\stm32f30x_rcc.o
 .text.RCC_LSEConfig
                0x00000000       0x3c ..\obj\stm32f30x_rcc.o
 .text.RCC_LSEDriveConfig
                0x00000000       0x30 ..\obj\stm32f30x_rcc.o
 .text.RCC_LSICmd
                0x00000000       0x20 ..\obj\stm32f30x_rcc.o
 .text.RCC_PLLConfig
                0x00000000       0x34 ..\obj\stm32f30x_rcc.o
 .text.RCC_PLLCmd
                0x00000000       0x20 ..\obj\stm32f30x_rcc.o
 .text.RCC_PREDIV1Config
                0x00000000       0x38 ..\obj\stm32f30x_rcc.o
 .text.RCC_ClockSecuritySystemCmd
                0x00000000       0x20 ..\obj\stm32f30x_rcc.o
 .text.RCC_MCOConfig
                0x00000000       0x20 ..\obj\stm32f30x_rcc.o
 .text.RCC_SYSCLKConfig
                0x00000000       0x38 ..\obj\stm32f30x_rcc.o
 .text.RCC_GetSYSCLKSource
                0x00000000       0x20 ..\obj\stm32f30x_rcc.o
 .text.RCC_HCLKConfig
                0x00000000       0x38 ..\obj\stm32f30x_rcc.o
 .text.RCC_PCLK1Config
                0x00000000       0x38 ..\obj\stm32f30x_rcc.o
 .text.RCC_PCLK2Config
                0x00000000       0x38 ..\obj\stm32f30x_rcc.o
 .text.RCC_GetClocksFreq
                0x00000000      0x414 ..\obj\stm32f30x_rcc.o
 .text.RCC_ADCCLKConfig
                0x00000000       0x4c ..\obj\stm32f30x_rcc.o
 .text.RCC_I2CCLKConfig
                0x00000000       0x4c ..\obj\stm32f30x_rcc.o
 .text.RCC_TIMCLKConfig
                0x00000000       0x4c ..\obj\stm32f30x_rcc.o
 .text.RCC_USARTCLKConfig
                0x00000000       0x98 ..\obj\stm32f30x_rcc.o
 .text.RCC_USBCLKConfig
                0x00000000       0x1c ..\obj\stm32f30x_rcc.o
 .text.RCC_RTCCLKConfig
                0x00000000       0x24 ..\obj\stm32f30x_rcc.o
 .text.RCC_I2SCLKConfig
                0x00000000       0x1c ..\obj\stm32f30x_rcc.o
 .text.RCC_RTCCLKCmd
                0x00000000       0x20 ..\obj\stm32f30x_rcc.o
 .text.RCC_BackupResetCmd
                0x00000000       0x20 ..\obj\stm32f30x_rcc.o
 .text.RCC_AHBPeriphClockCmd
                0x00000000       0x3c ..\obj\stm32f30x_rcc.o
 .text.RCC_APB2PeriphClockCmd
                0x00000000       0x3c ..\obj\stm32f30x_rcc.o
 .text.RCC_APB1PeriphClockCmd
                0x00000000       0x3c ..\obj\stm32f30x_rcc.o
 .text.RCC_AHBPeriphResetCmd
                0x00000000       0x3c ..\obj\stm32f30x_rcc.o
 .text.RCC_APB2PeriphResetCmd
                0x00000000       0x3c ..\obj\stm32f30x_rcc.o
 .text.RCC_APB1PeriphResetCmd
                0x00000000       0x3c ..\obj\stm32f30x_rcc.o
 .text.RCC_ITConfig
                0x00000000       0x48 ..\obj\stm32f30x_rcc.o
 .text.RCC_GetFlagStatus
                0x00000000       0x84 ..\obj\stm32f30x_rcc.o
 .text.RCC_ClearFlag
                0x00000000       0x1c ..\obj\stm32f30x_rcc.o
 .text.RCC_GetITStatus
                0x00000000       0x38 ..\obj\stm32f30x_rcc.o
 .text.RCC_ClearITPendingBit
                0x00000000       0x20 ..\obj\stm32f30x_rcc.o
 .debug_info    0x00000000      0xaac ..\obj\stm32f30x_rcc.o
 .debug_abbrev  0x00000000      0x1e3 ..\obj\stm32f30x_rcc.o
 .debug_aranges
                0x00000000      0x150 ..\obj\stm32f30x_rcc.o
 .debug_ranges  0x00000000      0x140 ..\obj\stm32f30x_rcc.o
 .debug_line    0x00000000      0x570 ..\obj\stm32f30x_rcc.o
 .debug_str     0x00000000      0x818 ..\obj\stm32f30x_rcc.o
 .comment       0x00000000       0x71 ..\obj\stm32f30x_rcc.o
 .ARM.attributes
                0x00000000       0x39 ..\obj\stm32f30x_rcc.o
 .debug_frame   0x00000000      0x44c ..\obj\stm32f30x_rcc.o
 .text          0x00000000        0x0 ..\obj\stm32f30x_adc.o
 .data          0x00000000        0x0 ..\obj\stm32f30x_adc.o
 .bss           0x00000000        0x0 ..\obj\stm32f30x_adc.o
 .text.ADC_DeInit
                0x00000000       0x64 ..\obj\stm32f30x_adc.o
 .text.ADC_Init
                0x00000000       0x80 ..\obj\stm32f30x_adc.o
 .text.ADC_StructInit
                0x00000000       0x44 ..\obj\stm32f30x_adc.o
 .text.ADC_InjectedInit
                0x00000000       0x60 ..\obj\stm32f30x_adc.o
 .text.ADC_InjectedStructInit
                0x00000000       0x3c ..\obj\stm32f30x_adc.o
 .text.ADC_CommonInit
                0x00000000       0x9c ..\obj\stm32f30x_adc.o
 .text.ADC_CommonStructInit
                0x00000000       0x30 ..\obj\stm32f30x_adc.o
 .text.ADC_Cmd  0x00000000       0x38 ..\obj\stm32f30x_adc.o
 .text.ADC_StartCalibration
                0x00000000       0x20 ..\obj\stm32f30x_adc.o
 .text.ADC_GetCalibrationValue
                0x00000000       0x1c ..\obj\stm32f30x_adc.o
 .text.ADC_SetCalibrationValue
                0x00000000       0x1c ..\obj\stm32f30x_adc.o
 .text.ADC_SelectCalibrationMode
                0x00000000       0x2c ..\obj\stm32f30x_adc.o
 .text.ADC_GetCalibrationStatus
                0x00000000       0x2c ..\obj\stm32f30x_adc.o
 .text.ADC_DisableCmd
                0x00000000       0x20 ..\obj\stm32f30x_adc.o
 .text.ADC_GetDisableCmdStatus
                0x00000000       0x30 ..\obj\stm32f30x_adc.o
 .text.ADC_VoltageRegulatorCmd
                0x00000000       0x44 ..\obj\stm32f30x_adc.o
 .text.ADC_SelectDifferentialMode
                0x00000000       0x50 ..\obj\stm32f30x_adc.o
 .text.ADC_SelectQueueOfContextMode
                0x00000000       0x38 ..\obj\stm32f30x_adc.o
 .text.ADC_AutoDelayCmd
                0x00000000       0x38 ..\obj\stm32f30x_adc.o
 .text.ADC_AnalogWatchdogCmd
                0x00000000       0x34 ..\obj\stm32f30x_adc.o
 .text.ADC_AnalogWatchdog1ThresholdsConfig
                0x00000000       0x54 ..\obj\stm32f30x_adc.o
 .text.ADC_AnalogWatchdog2ThresholdsConfig
                0x00000000       0x4c ..\obj\stm32f30x_adc.o
 .text.ADC_AnalogWatchdog3ThresholdsConfig
                0x00000000       0x4c ..\obj\stm32f30x_adc.o
 .text.ADC_AnalogWatchdog1SingleChannelConfig
                0x00000000       0x38 ..\obj\stm32f30x_adc.o
 .text.ADC_AnalogWatchdog2SingleChannelConfig
                0x00000000       0x4c ..\obj\stm32f30x_adc.o
 .text.ADC_AnalogWatchdog3SingleChannelConfig
                0x00000000       0x4c ..\obj\stm32f30x_adc.o
 .text.ADC_TempSensorCmd
                0x00000000       0x74 ..\obj\stm32f30x_adc.o
 .text.ADC_VrefintCmd
                0x00000000       0x74 ..\obj\stm32f30x_adc.o
 .text.ADC_VbatCmd
                0x00000000       0x74 ..\obj\stm32f30x_adc.o
 .text.ADC_RegularChannelConfig
                0x00000000      0x1e4 ..\obj\stm32f30x_adc.o
 .text.ADC_RegularChannelSequencerLengthConfig
                0x00000000       0x30 ..\obj\stm32f30x_adc.o
 .text.ADC_ExternalTriggerConfig
                0x00000000       0x38 ..\obj\stm32f30x_adc.o
 .text.ADC_StartConversion
                0x00000000       0x20 ..\obj\stm32f30x_adc.o
 .text.ADC_GetStartConversionStatus
                0x00000000       0x30 ..\obj\stm32f30x_adc.o
 .text.ADC_StopConversion
                0x00000000       0x20 ..\obj\stm32f30x_adc.o
 .text.ADC_DiscModeChannelCountConfig
                0x00000000       0x44 ..\obj\stm32f30x_adc.o
 .text.ADC_DiscModeCmd
                0x00000000       0x38 ..\obj\stm32f30x_adc.o
 .text.ADC_GetConversionValue
                0x00000000       0x1c ..\obj\stm32f30x_adc.o
 .text.ADC_GetDualModeConversionValue
                0x00000000       0x44 ..\obj\stm32f30x_adc.o
 .text.ADC_SetChannelOffset1
                0x00000000       0x50 ..\obj\stm32f30x_adc.o
 .text.ADC_SetChannelOffset2
                0x00000000       0x50 ..\obj\stm32f30x_adc.o
 .text.ADC_SetChannelOffset3
                0x00000000       0x50 ..\obj\stm32f30x_adc.o
 .text.ADC_SetChannelOffset4
                0x00000000       0x50 ..\obj\stm32f30x_adc.o
 .text.ADC_ChannelOffset1Cmd
                0x00000000       0x38 ..\obj\stm32f30x_adc.o
 .text.ADC_ChannelOffset2Cmd
                0x00000000       0x38 ..\obj\stm32f30x_adc.o
 .text.ADC_ChannelOffset3Cmd
                0x00000000       0x38 ..\obj\stm32f30x_adc.o
 .text.ADC_ChannelOffset4Cmd
                0x00000000       0x38 ..\obj\stm32f30x_adc.o
 .text.ADC_DMACmd
                0x00000000       0x38 ..\obj\stm32f30x_adc.o
 .text.ADC_DMAConfig
                0x00000000       0x2c ..\obj\stm32f30x_adc.o
 .text.ADC_InjectedChannelSampleTimeConfig
                0x00000000       0xa0 ..\obj\stm32f30x_adc.o
 .text.ADC_StartInjectedConversion
                0x00000000       0x20 ..\obj\stm32f30x_adc.o
 .text.ADC_StopInjectedConversion
                0x00000000       0x20 ..\obj\stm32f30x_adc.o
 .text.ADC_GetStartInjectedConversionStatus
                0x00000000       0x30 ..\obj\stm32f30x_adc.o
 .text.ADC_AutoInjectedConvCmd
                0x00000000       0x38 ..\obj\stm32f30x_adc.o
 .text.ADC_InjectedDiscModeCmd
                0x00000000       0x38 ..\obj\stm32f30x_adc.o
 .text.ADC_GetInjectedConversionValue
                0x00000000       0x38 ..\obj\stm32f30x_adc.o
 .text.ADC_ITConfig
                0x00000000       0x3c ..\obj\stm32f30x_adc.o
 .text.ADC_GetFlagStatus
                0x00000000       0x34 ..\obj\stm32f30x_adc.o
 .text.ADC_ClearFlag
                0x00000000       0x1c ..\obj\stm32f30x_adc.o
 .text.ADC_GetCommonFlagStatus
                0x00000000       0x60 ..\obj\stm32f30x_adc.o
 .text.ADC_ClearCommonFlag
                0x00000000       0x4c ..\obj\stm32f30x_adc.o
 .text.ADC_GetITStatus
                0x00000000       0x58 ..\obj\stm32f30x_adc.o
 .text.ADC_ClearITPendingBit
                0x00000000       0x20 ..\obj\stm32f30x_adc.o
 .debug_info    0x00000000     0x1317 ..\obj\stm32f30x_adc.o
 .debug_abbrev  0x00000000      0x190 ..\obj\stm32f30x_adc.o
 .debug_aranges
                0x00000000      0x210 ..\obj\stm32f30x_adc.o
 .debug_ranges  0x00000000      0x200 ..\obj\stm32f30x_adc.o
 .debug_line    0x00000000      0x7a4 ..\obj\stm32f30x_adc.o
 .debug_str     0x00000000      0xbb4 ..\obj\stm32f30x_adc.o
 .comment       0x00000000       0x71 ..\obj\stm32f30x_adc.o
 .ARM.attributes
                0x00000000       0x39 ..\obj\stm32f30x_adc.o
 .debug_frame   0x00000000      0x6f8 ..\obj\stm32f30x_adc.o
 .text          0x00000000        0x0 ..\obj\stm32f30x_gpio.o
 .data          0x00000000        0x0 ..\obj\stm32f30x_gpio.o
 .bss           0x00000000        0x0 ..\obj\stm32f30x_gpio.o
 .text.GPIO_DeInit
                0x00000000       0xd4 ..\obj\stm32f30x_gpio.o
 .text.GPIO_Init
                0x00000000      0x128 ..\obj\stm32f30x_gpio.o
 .text.GPIO_StructInit
                0x00000000       0x34 ..\obj\stm32f30x_gpio.o
 .text.GPIO_PinLockConfig
                0x00000000       0x44 ..\obj\stm32f30x_gpio.o
 .text.GPIO_ReadInputDataBit
                0x00000000       0x38 ..\obj\stm32f30x_gpio.o
 .text.GPIO_ReadInputData
                0x00000000       0x1c ..\obj\stm32f30x_gpio.o
 .text.GPIO_ReadOutputDataBit
                0x00000000       0x38 ..\obj\stm32f30x_gpio.o
 .text.GPIO_ReadOutputData
                0x00000000       0x1c ..\obj\stm32f30x_gpio.o
 .text.GPIO_SetBits
                0x00000000       0x1c ..\obj\stm32f30x_gpio.o
 .text.GPIO_ResetBits
                0x00000000       0x1c ..\obj\stm32f30x_gpio.o
 .text.GPIO_WriteBit
                0x00000000       0x30 ..\obj\stm32f30x_gpio.o
 .text.GPIO_Write
                0x00000000       0x1c ..\obj\stm32f30x_gpio.o
 .text.GPIO_PinAFConfig
                0x00000000       0x8c ..\obj\stm32f30x_gpio.o
 .debug_info    0x00000000      0x5fa ..\obj\stm32f30x_gpio.o
 .debug_abbrev  0x00000000      0x194 ..\obj\stm32f30x_gpio.o
 .debug_aranges
                0x00000000       0x80 ..\obj\stm32f30x_gpio.o
 .debug_ranges  0x00000000       0x70 ..\obj\stm32f30x_gpio.o
 .debug_line    0x00000000      0x305 ..\obj\stm32f30x_gpio.o
 .debug_str     0x00000000      0x4c3 ..\obj\stm32f30x_gpio.o
 .comment       0x00000000       0x71 ..\obj\stm32f30x_gpio.o
 .ARM.attributes
                0x00000000       0x39 ..\obj\stm32f30x_gpio.o
 .debug_frame   0x00000000      0x180 ..\obj\stm32f30x_gpio.o
 .text          0x00000000        0x0 ..\obj\main.o
 .data          0x00000000        0x0 ..\obj\main.o
 .bss           0x00000000        0x0 ..\obj\main.o
 .text          0x00000000        0x0 ..\obj\printf.o
 .data          0x00000000      0x430 ..\obj\printf.o
 .bss           0x00000000        0x0 ..\obj\printf.o
 .text.PrintChar
                0x00000000       0x14 ..\obj\printf.o
 .text.PutChar  0x00000000       0x20 ..\obj\printf.o
 .text.PutString
                0x00000000       0x3c ..\obj\printf.o
 .text.PutUnsignedInt
                0x00000000       0xa0 ..\obj\printf.o
 .text.PutSignedInt
                0x00000000       0xfc ..\obj\printf.o
 .text.PutHexa  0x00000000       0xd4 ..\obj\printf.o
 .text.vsnprintf
                0x00000000      0x254 ..\obj\printf.o
 .text.snprintf
                0x00000000       0x30 ..\obj\printf.o
 .text.vsprintf
                0x00000000       0x24 ..\obj\printf.o
 .rodata        0x00000000       0x24 ..\obj\printf.o
 .text.vfprintf
                0x00000000       0x68 ..\obj\printf.o
 .text.vprintf  0x00000000       0x28 ..\obj\printf.o
 .text.fprintf  0x00000000       0x2c ..\obj\printf.o
 .text.printf   0x00000000       0x28 ..\obj\printf.o
 .text.sprintf  0x00000000       0x2c ..\obj\printf.o
 .text.puts     0x00000000       0x24 ..\obj\printf.o
 .text.fputc    0x00000000       0x40 ..\obj\printf.o
 .text.fputs    0x00000000       0x48 ..\obj\printf.o
 .debug_info    0x00000000      0xe38 ..\obj\printf.o
 .debug_abbrev  0x00000000      0x27e ..\obj\printf.o
 .debug_aranges
                0x00000000       0xa0 ..\obj\printf.o
 .debug_ranges  0x00000000       0x90 ..\obj\printf.o
 .debug_line    0x00000000      0x380 ..\obj\printf.o
 .debug_str     0x00000000      0x66e ..\obj\printf.o
 .comment       0x00000000       0x71 ..\obj\printf.o
 .ARM.attributes
                0x00000000       0x39 ..\obj\printf.o
 .debug_frame   0x00000000      0x244 ..\obj\printf.o
 .text          0x00000000        0x0 ..\obj\stm32f30x_i2c.o
 .data          0x00000000        0x0 ..\obj\stm32f30x_i2c.o
 .bss           0x00000000        0x0 ..\obj\stm32f30x_i2c.o
 .text.I2C_DeInit
                0x00000000       0x44 ..\obj\stm32f30x_i2c.o
 .text.I2C_Init
                0x00000000       0xc8 ..\obj\stm32f30x_i2c.o
 .text.I2C_StructInit
                0x00000000       0x40 ..\obj\stm32f30x_i2c.o
 .text.I2C_Cmd  0x00000000       0x38 ..\obj\stm32f30x_i2c.o
 .text.I2C_SoftwareResetCmd
                0x00000000       0x30 ..\obj\stm32f30x_i2c.o
 .text.I2C_ITConfig
                0x00000000       0x3c ..\obj\stm32f30x_i2c.o
 .text.I2C_StretchClockCmd
                0x00000000       0x38 ..\obj\stm32f30x_i2c.o
 .text.I2C_StopModeCmd
                0x00000000       0x38 ..\obj\stm32f30x_i2c.o
 .text.I2C_DualAddressCmd
                0x00000000       0x38 ..\obj\stm32f30x_i2c.o
 .text.I2C_OwnAddress2Config
                0x00000000       0x4c ..\obj\stm32f30x_i2c.o
 .text.I2C_GeneralCallCmd
                0x00000000       0x38 ..\obj\stm32f30x_i2c.o
 .text.I2C_SlaveByteControlCmd
                0x00000000       0x38 ..\obj\stm32f30x_i2c.o
 .text.I2C_SlaveAddressConfig
                0x00000000       0x40 ..\obj\stm32f30x_i2c.o
 .text.I2C_10BitAddressingModeCmd
                0x00000000       0x38 ..\obj\stm32f30x_i2c.o
 .text.I2C_AutoEndCmd
                0x00000000       0x38 ..\obj\stm32f30x_i2c.o
 .text.I2C_ReloadCmd
                0x00000000       0x38 ..\obj\stm32f30x_i2c.o
 .text.I2C_NumberOfBytesConfig
                0x00000000       0x3c ..\obj\stm32f30x_i2c.o
 .text.I2C_MasterRequestConfig
                0x00000000       0x38 ..\obj\stm32f30x_i2c.o
 .text.I2C_GenerateSTART
                0x00000000       0x38 ..\obj\stm32f30x_i2c.o
 .text.I2C_GenerateSTOP
                0x00000000       0x38 ..\obj\stm32f30x_i2c.o
 .text.I2C_10BitAddressHeaderCmd
                0x00000000       0x38 ..\obj\stm32f30x_i2c.o
 .text.I2C_AcknowledgeConfig
                0x00000000       0x38 ..\obj\stm32f30x_i2c.o
 .text.I2C_GetAddressMatched
                0x00000000       0x20 ..\obj\stm32f30x_i2c.o
 .text.I2C_GetTransferDirection
                0x00000000       0x3c ..\obj\stm32f30x_i2c.o
 .text.I2C_TransferHandling
                0x00000000       0x58 ..\obj\stm32f30x_i2c.o
 .text.I2C_SMBusAlertCmd
                0x00000000       0x38 ..\obj\stm32f30x_i2c.o
 .text.I2C_ClockTimeoutCmd
                0x00000000       0x38 ..\obj\stm32f30x_i2c.o
 .text.I2C_ExtendedClockTimeoutCmd
                0x00000000       0x38 ..\obj\stm32f30x_i2c.o
 .text.I2C_IdleClockTimeoutCmd
                0x00000000       0x38 ..\obj\stm32f30x_i2c.o
 .text.I2C_TimeoutAConfig
                0x00000000       0x40 ..\obj\stm32f30x_i2c.o
 .text.I2C_TimeoutBConfig
                0x00000000       0x44 ..\obj\stm32f30x_i2c.o
 .text.I2C_CalculatePEC
                0x00000000       0x38 ..\obj\stm32f30x_i2c.o
 .text.I2C_PECRequestCmd
                0x00000000       0x38 ..\obj\stm32f30x_i2c.o
 .text.I2C_GetPEC
                0x00000000       0x1c ..\obj\stm32f30x_i2c.o
 .text.I2C_ReadRegister
                0x00000000       0x2c ..\obj\stm32f30x_i2c.o
 .text.I2C_SendData
                0x00000000       0x1c ..\obj\stm32f30x_i2c.o
 .text.I2C_ReceiveData
                0x00000000       0x1c ..\obj\stm32f30x_i2c.o
 .text.I2C_DMACmd
                0x00000000       0x3c ..\obj\stm32f30x_i2c.o
 .text.I2C_GetFlagStatus
                0x00000000       0x40 ..\obj\stm32f30x_i2c.o
 .text.I2C_ClearFlag
                0x00000000       0x1c ..\obj\stm32f30x_i2c.o
 .text.I2C_GetITStatus
                0x00000000       0x80 ..\obj\stm32f30x_i2c.o
 .text.I2C_ClearITPendingBit
                0x00000000       0x1c ..\obj\stm32f30x_i2c.o
 .debug_info    0x00000000      0xbde ..\obj\stm32f30x_i2c.o
 .debug_abbrev  0x00000000      0x17e ..\obj\stm32f30x_i2c.o
 .debug_aranges
                0x00000000      0x168 ..\obj\stm32f30x_i2c.o
 .debug_ranges  0x00000000      0x158 ..\obj\stm32f30x_i2c.o
 .debug_line    0x00000000      0x54f ..\obj\stm32f30x_i2c.o
 .debug_str     0x00000000      0x671 ..\obj\stm32f30x_i2c.o
 .comment       0x00000000       0x71 ..\obj\stm32f30x_i2c.o
 .ARM.attributes
                0x00000000       0x39 ..\obj\stm32f30x_i2c.o
 .debug_frame   0x00000000      0x4ac ..\obj\stm32f30x_i2c.o
 .text          0x00000000        0x0 ..\obj\system_stm32f30x_temp.o
 .data          0x00000000       0x14 ..\obj\system_stm32f30x_temp.o
 .bss           0x00000000        0x0 ..\obj\system_stm32f30x_temp.o
 .text.SystemCoreClockUpdate1
                0x00000000       0xd4 ..\obj\system_stm32f30x_temp.o
 .text          0x00000000        0x0 ..\obj\stm32f30x_rtc.o
 .data          0x00000000        0x0 ..\obj\stm32f30x_rtc.o
 .bss           0x00000000        0x0 ..\obj\stm32f30x_rtc.o
 .text.RTC_DeInit
                0x00000000       0xec ..\obj\stm32f30x_rtc.o
 .text.RTC_Init
                0x00000000       0x78 ..\obj\stm32f30x_rtc.o
 .text.RTC_StructInit
                0x00000000       0x24 ..\obj\stm32f30x_rtc.o
 .text.RTC_WriteProtectionCmd
                0x00000000       0x34 ..\obj\stm32f30x_rtc.o
 .text.RTC_EnterInitMode
                0x00000000       0x74 ..\obj\stm32f30x_rtc.o
 .text.RTC_ExitInitMode
                0x00000000       0x1c ..\obj\stm32f30x_rtc.o
 .text.RTC_WaitForSynchro
                0x00000000       0x88 ..\obj\stm32f30x_rtc.o
 .text.RTC_RefClockCmd
                0x00000000       0x68 ..\obj\stm32f30x_rtc.o
 .text.RTC_BypassShadowCmd
                0x00000000       0x4c ..\obj\stm32f30x_rtc.o
 .text.RTC_SetTime
                0x00000000      0x114 ..\obj\stm32f30x_rtc.o
 .text.RTC_TimeStructInit
                0x00000000       0x2c ..\obj\stm32f30x_rtc.o
 .text.RTC_GetTime
                0x00000000       0x9c ..\obj\stm32f30x_rtc.o
 .text.RTC_GetSubSecond
                0x00000000       0x28 ..\obj\stm32f30x_rtc.o
 .text.RTC_SetDate
                0x00000000      0x120 ..\obj\stm32f30x_rtc.o
 .text.RTC_DateStructInit
                0x00000000       0x2c ..\obj\stm32f30x_rtc.o
 .text.RTC_GetDate
                0x00000000       0xa4 ..\obj\stm32f30x_rtc.o
 .text.RTC_SetAlarm
                0x00000000      0x138 ..\obj\stm32f30x_rtc.o
 .text.RTC_AlarmStructInit
                0x00000000       0x3c ..\obj\stm32f30x_rtc.o
 .text.RTC_GetAlarm
                0x00000000       0xd8 ..\obj\stm32f30x_rtc.o
 .text.RTC_AlarmCmd
                0x00000000       0x9c ..\obj\stm32f30x_rtc.o
 .text.RTC_AlarmSubSecondConfig
                0x00000000       0x50 ..\obj\stm32f30x_rtc.o
 .text.RTC_GetAlarmSubSecond
                0x00000000       0x3c ..\obj\stm32f30x_rtc.o
 .text.RTC_WakeUpClockConfig
                0x00000000       0x40 ..\obj\stm32f30x_rtc.o
 .text.RTC_SetWakeUpCounter
                0x00000000       0x30 ..\obj\stm32f30x_rtc.o
 .text.RTC_GetWakeUpCounter
                0x00000000       0x18 ..\obj\stm32f30x_rtc.o
 .text.RTC_WakeUpCmd
                0x00000000       0x94 ..\obj\stm32f30x_rtc.o
 .text.RTC_DayLightSavingConfig
                0x00000000       0x48 ..\obj\stm32f30x_rtc.o
 .text.RTC_GetStoreOperation
                0x00000000       0x1c ..\obj\stm32f30x_rtc.o
 .text.RTC_OutputConfig
                0x00000000       0x48 ..\obj\stm32f30x_rtc.o
 .text.RTC_CalibOutputCmd
                0x00000000       0x4c ..\obj\stm32f30x_rtc.o
 .text.RTC_CalibOutputConfig
                0x00000000       0x40 ..\obj\stm32f30x_rtc.o
 .text.RTC_SmoothCalibConfig
                0x00000000       0x84 ..\obj\stm32f30x_rtc.o
 .text.RTC_TimeStampCmd
                0x00000000       0x60 ..\obj\stm32f30x_rtc.o
 .text.RTC_GetTimeStamp
                0x00000000      0x114 ..\obj\stm32f30x_rtc.o
 .text.RTC_GetTimeStampSubSecond
                0x00000000       0x18 ..\obj\stm32f30x_rtc.o
 .text.RTC_TamperTriggerConfig
                0x00000000       0x40 ..\obj\stm32f30x_rtc.o
 .text.RTC_TamperCmd
                0x00000000       0x3c ..\obj\stm32f30x_rtc.o
 .text.RTC_TamperFilterConfig
                0x00000000       0x30 ..\obj\stm32f30x_rtc.o
 .text.RTC_TamperSamplingFreqConfig
                0x00000000       0x30 ..\obj\stm32f30x_rtc.o
 .text.RTC_TamperPinsPrechargeDuration
                0x00000000       0x30 ..\obj\stm32f30x_rtc.o
 .text.RTC_TimeStampOnTamperDetectionCmd
                0x00000000       0x38 ..\obj\stm32f30x_rtc.o
 .text.RTC_TamperPullUpCmd
                0x00000000       0x38 ..\obj\stm32f30x_rtc.o
 .text.RTC_WriteBackupRegister
                0x00000000       0x30 ..\obj\stm32f30x_rtc.o
 .text.RTC_ReadBackupRegister
                0x00000000       0x30 ..\obj\stm32f30x_rtc.o
 .text.RTC_OutputTypeConfig
                0x00000000       0x30 ..\obj\stm32f30x_rtc.o
 .text.RTC_SynchroShiftConfig
                0x00000000       0x9c ..\obj\stm32f30x_rtc.o
 .text.RTC_ITConfig
                0x00000000       0x78 ..\obj\stm32f30x_rtc.o
 .text.RTC_GetFlagStatus
                0x00000000       0x44 ..\obj\stm32f30x_rtc.o
 .text.RTC_ClearFlag
                0x00000000       0x34 ..\obj\stm32f30x_rtc.o
 .text.RTC_GetITStatus
                0x00000000       0x70 ..\obj\stm32f30x_rtc.o
 .text.RTC_ClearITPendingBit
                0x00000000       0x38 ..\obj\stm32f30x_rtc.o
 .text.RTC_ByteToBcd2
                0x00000000       0x3c ..\obj\stm32f30x_rtc.o
 .text.RTC_Bcd2ToByte
                0x00000000       0x38 ..\obj\stm32f30x_rtc.o
 .debug_info    0x00000000      0xfde ..\obj\stm32f30x_rtc.o
 .debug_abbrev  0x00000000      0x1ae ..\obj\stm32f30x_rtc.o
 .debug_aranges
                0x00000000      0x1c0 ..\obj\stm32f30x_rtc.o
 .debug_ranges  0x00000000      0x1b0 ..\obj\stm32f30x_rtc.o
 .debug_line    0x00000000      0x79a ..\obj\stm32f30x_rtc.o
 .debug_str     0x00000000      0xac2 ..\obj\stm32f30x_rtc.o
 .comment       0x00000000       0x71 ..\obj\stm32f30x_rtc.o
 .ARM.attributes
                0x00000000       0x39 ..\obj\stm32f30x_rtc.o
 .debug_frame   0x00000000      0x5f8 ..\obj\stm32f30x_rtc.o
 .text          0x00000000        0x0 ..\obj\syscalls.o
 .data          0x00000000        0x0 ..\obj\syscalls.o
 .bss           0x00000000        0x4 ..\obj\syscalls.o
 .text._sbrk    0x00000000       0x40 ..\obj\syscalls.o
 .text.link     0x00000000       0x1c ..\obj\syscalls.o
 .text._close   0x00000000       0x18 ..\obj\syscalls.o
 .text._fstat   0x00000000       0x20 ..\obj\syscalls.o
 .text._isatty  0x00000000       0x18 ..\obj\syscalls.o
 .text._lseek   0x00000000       0x1c ..\obj\syscalls.o
 .text._read    0x00000000       0x1c ..\obj\syscalls.o
 .text._write   0x00000000       0x1c ..\obj\syscalls.o
 .text.abort    0x00000000        0x8 ..\obj\syscalls.o
 .debug_info    0x00000000      0x3ee ..\obj\syscalls.o
 .debug_abbrev  0x00000000       0xe2 ..\obj\syscalls.o
 .debug_aranges
                0x00000000       0x60 ..\obj\syscalls.o
 .debug_ranges  0x00000000       0x50 ..\obj\syscalls.o
 .debug_line    0x00000000      0x165 ..\obj\syscalls.o
 .debug_str     0x00000000      0x2df ..\obj\syscalls.o
 .comment       0x00000000       0x71 ..\obj\syscalls.o
 .ARM.attributes
                0x00000000       0x39 ..\obj\syscalls.o
 .debug_frame   0x00000000      0x108 ..\obj\syscalls.o
 .text          0x00000000        0x0 ..\obj\stm32f30x_dbgmcu.o
 .data          0x00000000        0x0 ..\obj\stm32f30x_dbgmcu.o
 .bss           0x00000000        0x0 ..\obj\stm32f30x_dbgmcu.o
 .text.DBGMCU_GetREVID
                0x00000000       0x18 ..\obj\stm32f30x_dbgmcu.o
 .text.DBGMCU_GetDEVID
                0x00000000       0x1c ..\obj\stm32f30x_dbgmcu.o
 .text.DBGMCU_Config
                0x00000000       0x3c ..\obj\stm32f30x_dbgmcu.o
 .text.DBGMCU_APB1PeriphConfig
                0x00000000       0x3c ..\obj\stm32f30x_dbgmcu.o
 .text.DBGMCU_APB2PeriphConfig
                0x00000000       0x3c ..\obj\stm32f30x_dbgmcu.o
 .debug_info    0x00000000      0x1dc ..\obj\stm32f30x_dbgmcu.o
 .debug_abbrev  0x00000000       0xde ..\obj\stm32f30x_dbgmcu.o
 .debug_aranges
                0x00000000       0x40 ..\obj\stm32f30x_dbgmcu.o
 .debug_ranges  0x00000000       0x30 ..\obj\stm32f30x_dbgmcu.o
 .debug_line    0x00000000      0x1eb ..\obj\stm32f30x_dbgmcu.o
 .debug_str     0x00000000      0x25a ..\obj\stm32f30x_dbgmcu.o
 .comment       0x00000000       0x71 ..\obj\stm32f30x_dbgmcu.o
 .ARM.attributes
                0x00000000       0x39 ..\obj\stm32f30x_dbgmcu.o
 .debug_frame   0x00000000       0x94 ..\obj\stm32f30x_dbgmcu.o
 .text          0x00000000       0x14 ..\obj\startup_stm32f30x.o
 .data          0x00000000        0x0 ..\obj\startup_stm32f30x.o
 .bss           0x00000000        0x0 ..\obj\startup_stm32f30x.o
 .text          0x00000000        0x0 ..\obj\stm32f30x_wwdg.o
 .data          0x00000000        0x0 ..\obj\stm32f30x_wwdg.o
 .bss           0x00000000        0x0 ..\obj\stm32f30x_wwdg.o
 .text.WWDG_DeInit
                0x00000000       0x1c ..\obj\stm32f30x_wwdg.o
 .text.WWDG_SetPrescaler
                0x00000000       0x34 ..\obj\stm32f30x_wwdg.o
 .text.WWDG_SetWindowValue
                0x00000000       0x38 ..\obj\stm32f30x_wwdg.o
 .text.WWDG_EnableIT
                0x00000000       0x1c ..\obj\stm32f30x_wwdg.o
 .text.WWDG_SetCounter
                0x00000000       0x24 ..\obj\stm32f30x_wwdg.o
 .text.WWDG_Enable
                0x00000000       0x24 ..\obj\stm32f30x_wwdg.o
 .text.WWDG_GetFlagStatus
                0x00000000       0x30 ..\obj\stm32f30x_wwdg.o
 .text.WWDG_ClearFlag
                0x00000000       0x18 ..\obj\stm32f30x_wwdg.o
 .debug_info    0x00000000      0x25a ..\obj\stm32f30x_wwdg.o
 .debug_abbrev  0x00000000      0x140 ..\obj\stm32f30x_wwdg.o
 .debug_aranges
                0x00000000       0x58 ..\obj\stm32f30x_wwdg.o
 .debug_ranges  0x00000000       0x48 ..\obj\stm32f30x_wwdg.o
 .debug_line    0x00000000      0x224 ..\obj\stm32f30x_wwdg.o
 .debug_str     0x00000000      0x2a5 ..\obj\stm32f30x_wwdg.o
 .comment       0x00000000       0x71 ..\obj\stm32f30x_wwdg.o
 .ARM.attributes
                0x00000000       0x39 ..\obj\stm32f30x_wwdg.o
 .debug_frame   0x00000000       0xe8 ..\obj\stm32f30x_wwdg.o
 .text          0x00000000        0x0 ..\obj\stm32f30x_usart.o
 .data          0x00000000        0x0 ..\obj\stm32f30x_usart.o
 .bss           0x00000000        0x0 ..\obj\stm32f30x_usart.o
 .text.USART_DeInit
                0x00000000       0xb8 ..\obj\stm32f30x_usart.o
 .text.USART_Init
                0x00000000      0x174 ..\obj\stm32f30x_usart.o
 .text.USART_StructInit
                0x00000000       0x38 ..\obj\stm32f30x_usart.o
 .text.USART_ClockInit
                0x00000000       0x48 ..\obj\stm32f30x_usart.o
 .text.USART_ClockStructInit
                0x00000000       0x2c ..\obj\stm32f30x_usart.o
 .text.USART_Cmd
                0x00000000       0x38 ..\obj\stm32f30x_usart.o
 .text.USART_DirectionModeCmd
                0x00000000       0x3c ..\obj\stm32f30x_usart.o
 .text.USART_OverSampling8Cmd
                0x00000000       0x38 ..\obj\stm32f30x_usart.o
 .text.USART_OneBitMethodCmd
                0x00000000       0x38 ..\obj\stm32f30x_usart.o
 .text.USART_MSBFirstCmd
                0x00000000       0x38 ..\obj\stm32f30x_usart.o
 .text.USART_DataInvCmd
                0x00000000       0x38 ..\obj\stm32f30x_usart.o
 .text.USART_InvPinCmd
                0x00000000       0x3c ..\obj\stm32f30x_usart.o
 .text.USART_SWAPPinCmd
                0x00000000       0x38 ..\obj\stm32f30x_usart.o
 .text.USART_ReceiverTimeOutCmd
                0x00000000       0x38 ..\obj\stm32f30x_usart.o
 .text.USART_SetReceiverTimeOut
                0x00000000       0x2c ..\obj\stm32f30x_usart.o
 .text.USART_SetPrescaler
                0x00000000       0x38 ..\obj\stm32f30x_usart.o
 .text.USART_STOPModeCmd
                0x00000000       0x38 ..\obj\stm32f30x_usart.o
 .text.USART_StopModeWakeUpSourceConfig
                0x00000000       0x2c ..\obj\stm32f30x_usart.o
 .text.USART_AutoBaudRateCmd
                0x00000000       0x38 ..\obj\stm32f30x_usart.o
 .text.USART_AutoBaudRateConfig
                0x00000000       0x2c ..\obj\stm32f30x_usart.o
 .text.USART_SendData
                0x00000000       0x24 ..\obj\stm32f30x_usart.o
 .text.USART_ReceiveData
                0x00000000       0x20 ..\obj\stm32f30x_usart.o
 .text.USART_SetAddress
                0x00000000       0x30 ..\obj\stm32f30x_usart.o
 .text.USART_MuteModeCmd
                0x00000000       0x38 ..\obj\stm32f30x_usart.o
 .text.USART_MuteModeWakeUpConfig
                0x00000000       0x2c ..\obj\stm32f30x_usart.o
 .text.USART_AddressDetectionConfig
                0x00000000       0x2c ..\obj\stm32f30x_usart.o
 .text.USART_LINBreakDetectLengthConfig
                0x00000000       0x2c ..\obj\stm32f30x_usart.o
 .text.USART_LINCmd
                0x00000000       0x38 ..\obj\stm32f30x_usart.o
 .text.USART_HalfDuplexCmd
                0x00000000       0x38 ..\obj\stm32f30x_usart.o
 .text.USART_SetGuardTime
                0x00000000       0x3c ..\obj\stm32f30x_usart.o
 .text.USART_SmartCardCmd
                0x00000000       0x38 ..\obj\stm32f30x_usart.o
 .text.USART_SmartCardNACKCmd
                0x00000000       0x38 ..\obj\stm32f30x_usart.o
 .text.USART_SetAutoRetryCount
                0x00000000       0x30 ..\obj\stm32f30x_usart.o
 .text.USART_SetBlockLength
                0x00000000       0x30 ..\obj\stm32f30x_usart.o
 .text.USART_IrDAConfig
                0x00000000       0x2c ..\obj\stm32f30x_usart.o
 .text.USART_IrDACmd
                0x00000000       0x38 ..\obj\stm32f30x_usart.o
 .text.USART_DECmd
                0x00000000       0x38 ..\obj\stm32f30x_usart.o
 .text.USART_DEPolarityConfig
                0x00000000       0x2c ..\obj\stm32f30x_usart.o
 .text.USART_SetDEAssertionTime
                0x00000000       0x30 ..\obj\stm32f30x_usart.o
 .text.USART_SetDEDeassertionTime
                0x00000000       0x30 ..\obj\stm32f30x_usart.o
 .text.USART_DMACmd
                0x00000000       0x3c ..\obj\stm32f30x_usart.o
 .text.USART_DMAReceptionErrorConfig
                0x00000000       0x2c ..\obj\stm32f30x_usart.o
 .text.USART_ITConfig
                0x00000000       0x84 ..\obj\stm32f30x_usart.o
 .text.USART_RequestCmd
                0x00000000       0x48 ..\obj\stm32f30x_usart.o
 .text.USART_OverrunDetectionConfig
                0x00000000       0x2c ..\obj\stm32f30x_usart.o
 .text.USART_GetFlagStatus
                0x00000000       0x34 ..\obj\stm32f30x_usart.o
 .text.USART_ClearFlag
                0x00000000       0x1c ..\obj\stm32f30x_usart.o
 .text.USART_GetITStatus
                0x00000000       0xa0 ..\obj\stm32f30x_usart.o
 .text.USART_ClearITPendingBit
                0x00000000       0x34 ..\obj\stm32f30x_usart.o
 .debug_info    0x00000000      0xebc ..\obj\stm32f30x_usart.o
 .debug_abbrev  0x00000000      0x155 ..\obj\stm32f30x_usart.o
 .debug_aranges
                0x00000000      0x1a0 ..\obj\stm32f30x_usart.o
 .debug_ranges  0x00000000      0x190 ..\obj\stm32f30x_usart.o
 .debug_line    0x00000000      0x5fc ..\obj\stm32f30x_usart.o
 .debug_str     0x00000000      0xa23 ..\obj\stm32f30x_usart.o
 .comment       0x00000000       0x71 ..\obj\stm32f30x_usart.o
 .ARM.attributes
                0x00000000       0x39 ..\obj\stm32f30x_usart.o
 .debug_frame   0x00000000      0x574 ..\obj\stm32f30x_usart.o

Memory Configuration

Name             Origin             Length             Attributes
rom              0x08000000         0x00040000         xr
ram              0x20000000         0x0000a000         xrw
ram1             0x10000000         0x00002000         xrw
*default*        0x00000000         0xffffffff

Linker script and memory map

                0x2000a000                _eram = 0x2000a000

.text           0x08000000      0x350
 *(.isr_vector)
 .isr_vector    0x08000000      0x188 ..\obj\startup_stm32f30x.o
                0x08000000                g_pfnVectors
 *(.text*)
 .text.main     0x08000188        0x8 ..\obj\main.o
                0x08000188                main
 .text.SystemInit1
                0x08000190       0x90 ..\obj\system_stm32f30x_temp.o
                0x08000190                SystemInit
                0x08000190                SystemInit1
 .text.SetSysClock1
                0x08000220       0xe0 ..\obj\system_stm32f30x_temp.o
                0x08000220                SetSysClock
 .text.Reset_Handler
                0x08000300       0x4c ..\obj\startup_stm32f30x.o
                0x08000300                Reset_Handler
 .text.Default_Handler
                0x0800034c        0x4 ..\obj\startup_stm32f30x.o
                0x0800034c                RTC_Alarm_IRQHandler
                0x0800034c                TIM8_TRG_COM_IRQHandler
                0x0800034c                TIM8_CC_IRQHandler
                0x0800034c                DebugMon_Handler
                0x0800034c                TIM1_CC_IRQHandler
                0x0800034c                HardFault_Handler
                0x0800034c                USB_HP_IRQHandler
                0x0800034c                SysTick_Handler
                0x0800034c                PVD_IRQHandler
                0x0800034c                PendSV_Handler
                0x0800034c                NMI_Handler
                0x0800034c                EXTI3_IRQHandler
                0x0800034c                EXTI0_IRQHandler
                0x0800034c                I2C2_EV_IRQHandler
                0x0800034c                FPU_IRQHandler
                0x0800034c                EXTI2_TS_IRQHandler
                0x0800034c                TIM1_UP_TIM16_IRQHandler
                0x0800034c                UsageFault_Handler
                0x0800034c                ADC1_2_IRQHandler
                0x0800034c                SPI1_IRQHandler
                0x0800034c                TIM6_DAC_IRQHandler
                0x0800034c                TIM8_UP_IRQHandler
                0x0800034c                DMA2_Channel2_IRQHandler
                0x0800034c                DMA1_Channel4_IRQHandler
                0x0800034c                USART3_IRQHandler
                0x0800034c                DMA1_Channel7_IRQHandler
                0x0800034c                CAN1_RX1_IRQHandler
                0x0800034c                UART5_IRQHandler
                0x0800034c                ADC3_IRQHandler
                0x0800034c                TIM4_IRQHandler
                0x0800034c                DMA2_Channel1_IRQHandler
                0x0800034c                I2C1_EV_IRQHandler
                0x0800034c                DMA1_Channel6_IRQHandler
                0x0800034c                UART4_IRQHandler
                0x0800034c                DMA2_Channel4_IRQHandler
                0x0800034c                TIM3_IRQHandler
                0x0800034c                RCC_IRQHandler
                0x0800034c                DMA1_Channel1_IRQHandler
                0x0800034c                Default_Handler
                0x0800034c                USBWakeUp_RMP_IRQHandler
                0x0800034c                EXTI15_10_IRQHandler
                0x0800034c                TIM7_IRQHandler
                0x0800034c                EXTI9_5_IRQHandler
                0x0800034c                TAMPER_STAMP_IRQHandler
                0x0800034c                RTC_WKUP_IRQHandler
                0x0800034c                SPI2_IRQHandler
                0x0800034c                MemManage_Handler
                0x0800034c                SVC_Handler
                0x0800034c                DMA2_Channel5_IRQHandler
                0x0800034c                DMA1_Channel5_IRQHandler
                0x0800034c                USB_LP_IRQHandler
                0x0800034c                EXTI4_IRQHandler
                0x0800034c                USB_LP_CAN1_RX0_IRQHandler
                0x0800034c                TIM1_TRG_COM_TIM17_IRQHandler
                0x0800034c                USB_HP_CAN1_TX_IRQHandler
                0x0800034c                DMA1_Channel3_IRQHandler
                0x0800034c                ADC4_IRQHandler
                0x0800034c                WWDG_IRQHandler
                0x0800034c                TIM2_IRQHandler
                0x0800034c                COMP7_IRQHandler
                0x0800034c                COMP1_2_3_IRQHandler
                0x0800034c                EXTI1_IRQHandler
                0x0800034c                USART2_IRQHandler
                0x0800034c                COMP4_5_6_IRQHandler
                0x0800034c                I2C2_ER_IRQHandler
                0x0800034c                DMA1_Channel2_IRQHandler
                0x0800034c                TIM8_BRK_IRQHandler
                0x0800034c                CAN1_SCE_IRQHandler
                0x0800034c                FLASH_IRQHandler
                0x0800034c                BusFault_Handler
                0x0800034c                USART1_IRQHandler
                0x0800034c                SPI3_IRQHandler
                0x0800034c                I2C1_ER_IRQHandler
                0x0800034c                USBWakeUp_IRQHandler
                0x0800034c                DMA2_Channel3_IRQHandler
                0x0800034c                TIM1_BRK_TIM15_IRQHandler
 *(.init)
 *(.fini)
 *crtbegin.o(.ctors)
 *crtbegin?.o(.ctors)
 *(EXCLUDE_FILE(*crtend.o *crtend?.o) .ctors)
 *(SORT(.ctors.*))
 *(.ctors)
 *crtbegin.o(.dtors)
 *crtbegin?.o(.dtors)
 *(EXCLUDE_FILE(*crtend.o *crtend?.o) .dtors)
 *(SORT(.dtors.*))
 *(.dtors)
 *(.rodata*)
 *(.eh_fram e*)

.glue_7         0x08000350        0x0
 .glue_7        0x00000000        0x0 linker stubs

.glue_7t        0x08000350        0x0
 .glue_7t       0x00000000        0x0 linker stubs

.vfp11_veneer   0x08000350        0x0
 .vfp11_veneer  0x00000000        0x0 linker stubs

.v4_bx          0x08000350        0x0
 .v4_bx         0x00000000        0x0 linker stubs

.iplt           0x08000350        0x0
 .iplt          0x00000000        0x0 ..\obj\stm32f30x_iwdg.o

.rel.dyn        0x08000350        0x0
 .rel.iplt      0x00000000        0x0 ..\obj\stm32f30x_iwdg.o

.ARM.extab
 *(.ARM.extab* .gnu.linkonce.armextab.*)
                0x08000350                __exidx_start = .

.ARM.exidx
 *(.ARM.exidx* .gnu.linkonce.armexidx.*)
                0x08000350                __exidx_end = .
                0x08000350                __etext = .
                0x08000350                _sidata = __etext

.data           0x20000000        0x0 load address 0x08000350
                0x20000000                __data_start__ = .
                0x20000000                _sdata = __data_start__
 *(vtable)
 *(.data*)
                0x20000000                . = ALIGN (0x4)
                0x20000000                PROVIDE (__preinit_array_start, .)
 *(.preinit_array)
                0x20000000                PROVIDE (__preinit_array_end, .)
                0x20000000                . = ALIGN (0x4)
                0x20000000                PROVIDE (__init_array_start, .)
 *(SORT(.init_array.*))
 *(.init_array)
                0x20000000                PROVIDE (__init_array_end, .)
                0x20000000                . = ALIGN (0x4)
                0x20000000                PROVIDE (__fini_array_start, .)
 *(SORT(.fini_array.*))
 *(.fini_array)
                0x20000000                PROVIDE (__fini_array_end, .)
 *(.jcr*)
                0x20000000                . = ALIGN (0x4)
                0x20000000                __data_end__ = .
                0x20000000                _edata = __data_end__

.igot.plt       0x20000000        0x0
 .igot.plt      0x00000000        0x0 ..\obj\stm32f30x_iwdg.o

.bss            0x20000000        0x0
                0x20000000                . = ALIGN (0x4)
                0x20000000                __bss_start__ = .
                0x20000000                _sbss = __bss_start__
 *(.bss*)
 *(COMMON)
                0x20000000                . = ALIGN (0x4)
                0x20000000                __bss_end__ = .
                0x20000000                _ebss = __bss_end__

.heap           0x20000000        0x0
                0x20000000                __end__ = .
                0x20000000                _end = __end__
                0x20000000                end = __end__
 *(.heap*)
                0x20000000                __HeapLimit = .

.co_stack       0x20000000        0x0
                0x20000000                . = ALIGN (0x8)
 *(.co_stack .co_stack.*)
                0x2000a000                __StackTop = (ORIGIN (ram) + 0xa000)
                0x2000a000                __StackLimit = (__StackTop - SIZEOF (.co_stack))
                0x2000a000                PROVIDE (__stack, __StackTop)
                0x00000001                ASSERT ((__StackLimit >= __HeapLimit), region ram  overflowed with stack)
LOAD ..\obj\stm32f30x_iwdg.o
LOAD ..\obj\stm32f30x_rcc.o
LOAD ..\obj\stm32f30x_adc.o
LOAD ..\obj\stm32f30x_gpio.o
LOAD ..\obj\main.o
LOAD ..\obj\printf.o
LOAD ..\obj\stm32f30x_i2c.o
LOAD ..\obj\system_stm32f30x_temp.o
LOAD ..\obj\stm32f30x_rtc.o
LOAD ..\obj\syscalls.o
LOAD ..\obj\stm32f30x_dbgmcu.o
LOAD ..\obj\startup_stm32f30x.o
LOAD ..\obj\stm32f30x_wwdg.o
LOAD ..\obj\stm32f30x_usart.o
START GROUP
LOAD c:/users/a492234/dragonfly/tools/gcc_arm_4.8_2014q1/bin/../lib/gcc/arm-none-eabi/4.8.3/armv7e-m/fpu\libgcc.a
LOAD c:/users/a492234/dragonfly/tools/gcc_arm_4.8_2014q1/bin/../lib/gcc/arm-none-eabi/4.8.3/../../../../arm-none-eabi/lib/armv7e-m/fpu\libg.a
LOAD c:/users/a492234/dragonfly/tools/gcc_arm_4.8_2014q1/bin/../lib/gcc/arm-none-eabi/4.8.3/../../../../arm-none-eabi/lib/armv7e-m/fpu\libc.a
END GROUP
OUTPUT(fcb.elf elf32-littlearm)

.debug_info     0x00000000      0x56d
 .debug_info    0x00000000       0x3e ..\obj\main.o
 .debug_info    0x0000003e      0x498 ..\obj\system_stm32f30x_temp.o
 .debug_info    0x000004d6       0x97 ..\obj\startup_stm32f30x.o

.debug_abbrev   0x00000000      0x18e
 .debug_abbrev  0x00000000       0x37 ..\obj\main.o
 .debug_abbrev  0x00000037      0x145 ..\obj\system_stm32f30x_temp.o
 .debug_abbrev  0x0000017c       0x12 ..\obj\startup_stm32f30x.o

.debug_aranges  0x00000000       0x78
 .debug_aranges
                0x00000000       0x20 ..\obj\main.o
 .debug_aranges
                0x00000020       0x30 ..\obj\system_stm32f30x_temp.o
 .debug_aranges
                0x00000050       0x28 ..\obj\startup_stm32f30x.o

.debug_ranges   0x00000000       0x50
 .debug_ranges  0x00000000       0x10 ..\obj\main.o
 .debug_ranges  0x00000010       0x20 ..\obj\system_stm32f30x_temp.o
 .debug_ranges  0x00000030       0x20 ..\obj\startup_stm32f30x.o

.debug_line     0x00000000      0x2d9
 .debug_line    0x00000000       0x58 ..\obj\main.o
 .debug_line    0x00000058      0x1e0 ..\obj\system_stm32f30x_temp.o
 .debug_line    0x00000238       0xa1 ..\obj\startup_stm32f30x.o

.debug_str      0x00000000      0x2fe
 .debug_str     0x00000000       0xca ..\obj\main.o
 .debug_str     0x000000ca      0x234 ..\obj\system_stm32f30x_temp.o
                                0x32e (size before relaxing)

.comment        0x00000000       0x70
 .comment       0x00000000       0x70 ..\obj\main.o
                                 0x71 (size before relaxing)
 .comment       0x00000000       0x71 ..\obj\system_stm32f30x_temp.o

.ARM.attributes
                0x00000000       0x37
 .ARM.attributes
                0x00000000       0x39 ..\obj\main.o
 .ARM.attributes
                0x00000039       0x39 ..\obj\system_stm32f30x_temp.o
 .ARM.attributes
                0x00000072       0x21 ..\obj\startup_stm32f30x.o

.debug_frame    0x00000000       0x8c
 .debug_frame   0x00000000       0x28 ..\obj\main.o
 .debug_frame   0x00000028       0x64 ..\obj\system_stm32f30x_temp.o
