Archive member included because of file (symbol)

c:/program files (x86)/gnu tools arm embedded/4.8 2014q2/bin/../lib/gcc/arm-none-eabi/4.8.4/../../../../arm-none-eabi/lib/armv7e-m\libm.a(lib_a-w_acos.o)
                              ..\obj\main.o (acos)
c:/program files (x86)/gnu tools arm embedded/4.8 2014q2/bin/../lib/gcc/arm-none-eabi/4.8.4/../../../../arm-none-eabi/lib/armv7e-m\libm.a(lib_a-w_sqrt.o)
                              ..\obj\main.o (sqrt)
c:/program files (x86)/gnu tools arm embedded/4.8 2014q2/bin/../lib/gcc/arm-none-eabi/4.8.4/../../../../arm-none-eabi/lib/armv7e-m\libm.a(lib_a-wf_atan2.o)
                              ..\obj\main.o (atan2f)
c:/program files (x86)/gnu tools arm embedded/4.8 2014q2/bin/../lib/gcc/arm-none-eabi/4.8.4/../../../../arm-none-eabi/lib/armv7e-m\libm.a(lib_a-e_acos.o)
                              c:/program files (x86)/gnu tools arm embedded/4.8 2014q2/bin/../lib/gcc/arm-none-eabi/4.8.4/../../../../arm-none-eabi/lib/armv7e-m\libm.a(lib_a-w_acos.o) (__ieee754_acos)
c:/program files (x86)/gnu tools arm embedded/4.8 2014q2/bin/../lib/gcc/arm-none-eabi/4.8.4/../../../../arm-none-eabi/lib/armv7e-m\libm.a(lib_a-e_sqrt.o)
                              c:/program files (x86)/gnu tools arm embedded/4.8 2014q2/bin/../lib/gcc/arm-none-eabi/4.8.4/../../../../arm-none-eabi/lib/armv7e-m\libm.a(lib_a-w_sqrt.o) (__ieee754_sqrt)
c:/program files (x86)/gnu tools arm embedded/4.8 2014q2/bin/../lib/gcc/arm-none-eabi/4.8.4/../../../../arm-none-eabi/lib/armv7e-m\libm.a(lib_a-ef_atan2.o)
                              c:/program files (x86)/gnu tools arm embedded/4.8 2014q2/bin/../lib/gcc/arm-none-eabi/4.8.4/../../../../arm-none-eabi/lib/armv7e-m\libm.a(lib_a-wf_atan2.o) (__ieee754_atan2f)
c:/program files (x86)/gnu tools arm embedded/4.8 2014q2/bin/../lib/gcc/arm-none-eabi/4.8.4/../../../../arm-none-eabi/lib/armv7e-m\libm.a(lib_a-s_fabs.o)
                              c:/program files (x86)/gnu tools arm embedded/4.8 2014q2/bin/../lib/gcc/arm-none-eabi/4.8.4/../../../../arm-none-eabi/lib/armv7e-m\libm.a(lib_a-w_acos.o) (fabs)
c:/program files (x86)/gnu tools arm embedded/4.8 2014q2/bin/../lib/gcc/arm-none-eabi/4.8.4/../../../../arm-none-eabi/lib/armv7e-m\libm.a(lib_a-s_fpclassify.o)
                              c:/program files (x86)/gnu tools arm embedded/4.8 2014q2/bin/../lib/gcc/arm-none-eabi/4.8.4/../../../../arm-none-eabi/lib/armv7e-m\libm.a(lib_a-w_acos.o) (__fpclassifyd)
c:/program files (x86)/gnu tools arm embedded/4.8 2014q2/bin/../lib/gcc/arm-none-eabi/4.8.4/../../../../arm-none-eabi/lib/armv7e-m\libm.a(lib_a-s_lib_ver.o)
                              c:/program files (x86)/gnu tools arm embedded/4.8 2014q2/bin/../lib/gcc/arm-none-eabi/4.8.4/../../../../arm-none-eabi/lib/armv7e-m\libm.a(lib_a-w_acos.o) (__fdlib_version)
c:/program files (x86)/gnu tools arm embedded/4.8 2014q2/bin/../lib/gcc/arm-none-eabi/4.8.4/../../../../arm-none-eabi/lib/armv7e-m\libm.a(lib_a-s_matherr.o)
                              c:/program files (x86)/gnu tools arm embedded/4.8 2014q2/bin/../lib/gcc/arm-none-eabi/4.8.4/../../../../arm-none-eabi/lib/armv7e-m\libm.a(lib_a-w_acos.o) (matherr)
c:/program files (x86)/gnu tools arm embedded/4.8 2014q2/bin/../lib/gcc/arm-none-eabi/4.8.4/../../../../arm-none-eabi/lib/armv7e-m\libm.a(lib_a-s_nan.o)
                              c:/program files (x86)/gnu tools arm embedded/4.8 2014q2/bin/../lib/gcc/arm-none-eabi/4.8.4/../../../../arm-none-eabi/lib/armv7e-m\libm.a(lib_a-w_acos.o) (nan)
c:/program files (x86)/gnu tools arm embedded/4.8 2014q2/bin/../lib/gcc/arm-none-eabi/4.8.4/../../../../arm-none-eabi/lib/armv7e-m\libm.a(lib_a-sf_atan.o)
                              c:/program files (x86)/gnu tools arm embedded/4.8 2014q2/bin/../lib/gcc/arm-none-eabi/4.8.4/../../../../arm-none-eabi/lib/armv7e-m\libm.a(lib_a-ef_atan2.o) (atanf)
c:/program files (x86)/gnu tools arm embedded/4.8 2014q2/bin/../lib/gcc/arm-none-eabi/4.8.4/../../../../arm-none-eabi/lib/armv7e-m\libm.a(lib_a-sf_fabs.o)
                              c:/program files (x86)/gnu tools arm embedded/4.8 2014q2/bin/../lib/gcc/arm-none-eabi/4.8.4/../../../../arm-none-eabi/lib/armv7e-m\libm.a(lib_a-ef_atan2.o) (fabsf)
c:/program files (x86)/gnu tools arm embedded/4.8 2014q2/bin/../lib/gcc/arm-none-eabi/4.8.4/armv7e-m\libgcc.a(_arm_addsubdf3.o)
                              ..\obj\main.o (__aeabi_dsub)
c:/program files (x86)/gnu tools arm embedded/4.8 2014q2/bin/../lib/gcc/arm-none-eabi/4.8.4/armv7e-m\libgcc.a(_arm_muldivdf3.o)
                              ..\obj\main.o (__aeabi_dmul)
c:/program files (x86)/gnu tools arm embedded/4.8 2014q2/bin/../lib/gcc/arm-none-eabi/4.8.4/armv7e-m\libgcc.a(_arm_cmpdf2.o)
                              c:/program files (x86)/gnu tools arm embedded/4.8 2014q2/bin/../lib/gcc/arm-none-eabi/4.8.4/../../../../arm-none-eabi/lib/armv7e-m\libm.a(lib_a-w_sqrt.o) (__aeabi_dcmplt)
[...]
Memory Configuration

Name             Origin             Length             Attributes
rom              0x08000000         0x00040000         xr
ram              0x20000000         0x0000a000         xrw
ram1             0x10000000         0x00002000         xrw
*default*        0x00000000         0xffffffff

Linker script and memory map

                0x2000a000                _eram = 0x2000a000

.text           0x08000000     0x57d4
 *(.isr_vector)
 .isr_vector    0x08000000      0x188 ..\obj\startup_stm32f303.o
                0x08000000                g_pfnVectors
 *(.text*)
 .text.Standard_GetDescriptorData
                0x08000188       0x48 ..\obj\usb_core.o
                0x08000188                Standard_GetDescriptorData
 .text.SetDeviceAddress
                0x080001d0       0x7c ..\obj\usb_core.o
                0x080001d0                SetDeviceAddress
 .text.NOP_Process
                0x0800024c        0xc ..\obj\usb_core.o
                0x0800024c                NOP_Process
 .text.Default_Reset_Handler
                0x08000258       0x5c ..\obj\startup_stm32f303.o
                0x08000258                Default_Reset_Handler
                0x08000258                Reset_Handler
 .text.Default_Handler
                0x080002b4        0x8 ..\obj\startup_stm32f303.o
                0x080002b4                RTC_Alarm_IRQHandler
                0x080002b4                HASH_RNG_IRQHandler
                0x080002b4                EXTI2_IRQHandler
                0x080002b4                TIM8_CC_IRQHandler
                0x080002b4                TIM1_CC_IRQHandler
                0x080002b4                DMA2_Stream5_IRQHandler
                0x080002b4                DMA1_Stream5_IRQHandler
                0x080002b4                PVD_IRQHandler
                0x080002b4                SDIO_IRQHandler
                0x080002b4                TAMP_STAMP_IRQHandler
                0x080002b4                CAN2_RX1_IRQHandler
                0x080002b4                EXTI3_IRQHandler
                0x080002b4                TIM8_TRG_COM_TIM14_IRQHandler
                0x080002b4                TIM1_UP_TIM10_IRQHandler
                0x080002b4                TIM8_UP_TIM13_IRQHandler
                0x080002b4                I2C3_ER_IRQHandler
                0x080002b4                I2C2_EV_IRQHandler
                0x080002b4                DMA1_Stream2_IRQHandler
                0x080002b4                CAN1_RX0_IRQHandler
                0x080002b4                FPU_IRQHandler
                0x080002b4                OTG_HS_WKUP_IRQHandler
                0x080002b4                CAN2_SCE_IRQHandler
                0x080002b4                DMA2_Stream2_IRQHandler
                0x080002b4                SPI1_IRQHandler
                0x080002b4                TIM6_DAC_IRQHandler
                0x080002b4                TIM1_BRK_TIM9_IRQHandler
                0x080002b4                DCMI_IRQHandler
                0x080002b4                CAN2_RX0_IRQHandler
                0x080002b4                DMA2_Stream3_IRQHandler
                0x080002b4                USART6_IRQHandler
                0x080002b4                USART3_IRQHandler
                0x080002b4                CRYP_IRQHandler
                0x080002b4                CAN1_RX1_IRQHandler
                0x080002b4                UART5_IRQHandler
                0x080002b4                DMA2_Stream0_IRQHandler
                0x080002b4                TIM4_IRQHandler
                0x080002b4                I2C1_EV_IRQHandler
                0x080002b4                DMA1_Stream6_IRQHandler
                0x080002b4                DMA1_Stream1_IRQHandler
                0x080002b4                UART4_IRQHandler
                0x080002b4                TIM3_IRQHandler
                0x080002b4                RCC_IRQHandler
                0x080002b4                TIM8_BRK_TIM12_IRQHandler
                0x080002b4                EXTI15_10_IRQHandler
                0x080002b4                ADC_IRQHandler
                0x080002b4                DMA1_Stream7_IRQHandler
                0x080002b4                TIM7_IRQHandler
                0x080002b4                CAN2_TX_IRQHandler
                0x080002b4                TIM5_IRQHandler
                0x080002b4                DMA2_Stream7_IRQHandler
                0x080002b4                I2C3_EV_IRQHandler
                0x080002b4                EXTI9_5_IRQHandler
                0x080002b4                RTC_WKUP_IRQHandler
                0x080002b4                ETH_WKUP_IRQHandler
                0x080002b4                SPI2_IRQHandler
                0x080002b4                OTG_HS_EP1_IN_IRQHandler
                0x080002b4                DMA1_Stream0_IRQHandler
                0x080002b4                CAN1_TX_IRQHandler
                0x080002b4                EXTI4_IRQHandler
                0x080002b4                FSMC_IRQHandler
                0x080002b4                ETH_IRQHandler
                0x080002b4                OTG_HS_EP1_OUT_IRQHandler
                0x080002b4                WWDG_IRQHandler
                0x080002b4                TIM2_IRQHandler
                0x080002b4                OTG_FS_WKUP_IRQHandler
                0x080002b4                TIM1_TRG_COM_TIM11_IRQHandler
                0x080002b4                OTG_HS_IRQHandler
                0x080002b4                EXTI1_IRQHandler
                0x080002b4                USART2_IRQHandler
                0x080002b4                I2C2_ER_IRQHandler
                0x080002b4                DMA2_Stream1_IRQHandler
                0x080002b4                CAN1_SCE_IRQHandler
                0x080002b4                FLASH_IRQHandler
                0x080002b4                DMA2_Stream4_IRQHandler
                0x080002b4                USART1_IRQHandler
                0x080002b4                OTG_FS_IRQHandler
                0x080002b4                SPI3_IRQHandler
                0x080002b4                DMA1_Stream4_IRQHandler
                0x080002b4                I2C1_ER_IRQHandler
                0x080002b4                DMA2_Stream6_IRQHandler
                0x080002b4                DMA1_Stream3_IRQHandler
 .text.RCC_GetClocksFreq
                0x080002bc      0x414 ..\obj\stm32f30x_rcc.o
                0x080002bc                RCC_GetClocksFreq
 .text.RCC_USBCLKConfig
                0x080006d0       0x1c ..\obj\stm32f30x_rcc.o
                0x080006d0                RCC_USBCLKConfig
 .text.RCC_AHBPeriphClockCmd
                0x080006ec       0x3c ..\obj\stm32f30x_rcc.o
                0x080006ec                RCC_AHBPeriphClockCmd
 .text.RCC_APB2PeriphClockCmd
                0x08000728       0x3c ..\obj\stm32f30x_rcc.o
                0x08000728                RCC_APB2PeriphClockCmd
 .text.RCC_APB1PeriphClockCmd
                0x08000764       0x3c ..\obj\stm32f30x_rcc.o
                0x08000764                RCC_APB1PeriphClockCmd
 .text.RCC_APB2PeriphResetCmd
                0x080007a0       0x3c ..\obj\stm32f30x_rcc.o
                0x080007a0                RCC_APB2PeriphResetCmd
 .text.RCC_APB1PeriphResetCmd
                0x080007dc       0x3c ..\obj\stm32f30x_rcc.o
                0x080007dc                RCC_APB1PeriphResetCmd
 .text.LSM303DLHC_AccInit
                0x08000818       0x78 ..\obj\stm32f3_discovery_lsm303dlhc.o
                0x08000818                LSM303DLHC_AccInit
 .text.LSM303DLHC_AccFilterConfig
                0x08000890       0x5c ..\obj\stm32f3_discovery_lsm303dlhc.o
                0x08000890                LSM303DLHC_AccFilterConfig
 .text.LSM303DLHC_MagInit
                0x080008ec       0x74 ..\obj\stm32f3_discovery_lsm303dlhc.o
                0x080008ec                LSM303DLHC_MagInit
 .text.LSM303DLHC_Write
                0x08000960      0x160 ..\obj\stm32f3_discovery_lsm303dlhc.o
                0x08000960                LSM303DLHC_Write
 .text.LSM303DLHC_Read
                0x08000ac0      0x18c ..\obj\stm32f3_discovery_lsm303dlhc.o
                0x08000ac0                LSM303DLHC_Read
 .text.LSM303DLHC_LowLevel_Init
                0x08000c4c      0x150 ..\obj\stm32f3_discovery_lsm303dlhc.o
 .text.SetBTABLE
                0x08000d9c       0x24 ..\obj\usb_regs.o
                0x08000d9c                SetBTABLE
 .text.SetEPType
                0x08000dc0       0x48 ..\obj\usb_regs.o
                0x08000dc0                SetEPType
 .text.SetEPTxStatus
                0x08000e08       0x6c ..\obj\usb_regs.o
                0x08000e08                SetEPTxStatus
 .text.SetEPRxStatus
                0x08000e74       0x6c ..\obj\usb_regs.o
                0x08000e74                SetEPRxStatus
 .text.SetEPRxValid
                0x08000ee0       0x50 ..\obj\usb_regs.o
                0x08000ee0                SetEPRxValid
 .text.Clear_Status_Out
                0x08000f30       0x50 ..\obj\usb_regs.o
                0x08000f30                Clear_Status_Out
 .text.SetEPTxAddr
                0x08000f80       0x40 ..\obj\usb_regs.o
                0x08000f80                SetEPTxAddr
 .text.SetEPRxAddr
                0x08000fc0       0x40 ..\obj\usb_regs.o
                0x08000fc0                SetEPRxAddr
 .text.SetEPTxCount
                0x08001000       0x38 ..\obj\usb_regs.o
                0x08001000                SetEPTxCount
 .text.SetEPRxCount
                0x08001038       0x84 ..\obj\usb_regs.o
                0x08001038                SetEPRxCount
 .text.Set_System
                0x080010bc       0xa4 ..\obj\hw_config.o
                0x080010bc                Set_System
 .text.Set_USBClock
                0x08001160       0x18 ..\obj\hw_config.o
                0x08001160                Set_USBClock
 .text.USB_Interrupts_Config
                0x08001178       0x50 ..\obj\hw_config.o
                0x08001178                USB_Interrupts_Config
 .text.USB_Cable_Config
                0x080011c8       0x30 ..\obj\hw_config.o
                0x080011c8                USB_Cable_Config
 .text.Get_SerialNum
                0x080011f8       0x54 ..\obj\hw_config.o
                0x080011f8                Get_SerialNum
 .text.IntToUnicode
                0x0800124c       0x78 ..\obj\hw_config.o
 .text.Joystick_init
                0x080012c4       0x28 ..\obj\usb_prop.o
                0x080012c4                Joystick_init
 .text.Joystick_Reset
                0x080012ec       0xac ..\obj\usb_prop.o
                0x080012ec                Joystick_Reset
 .text.Joystick_SetConfiguration
                0x08001398       0x2c ..\obj\usb_prop.o
                0x08001398                Joystick_SetConfiguration
 .text.Joystick_SetDeviceAddress
                0x080013c4       0x18 ..\obj\usb_prop.o
                0x080013c4                Joystick_SetDeviceAddress
 .text.Joystick_Status_In
                0x080013dc        0xc ..\obj\usb_prop.o
                0x080013dc                Joystick_Status_In
 .text.Joystick_Status_Out
                0x080013e8        0xc ..\obj\usb_prop.o
                0x080013e8                Joystick_Status_Out
 .text.Joystick_Data_Setup
                0x080013f4       0xa0 ..\obj\usb_prop.o
                0x080013f4                Joystick_Data_Setup
 .text.Joystick_NoData_Setup
                0x08001494       0x34 ..\obj\usb_prop.o
                0x08001494                Joystick_NoData_Setup
 .text.Joystick_GetDeviceDescriptor
                0x080014c8       0x24 ..\obj\usb_prop.o
                0x080014c8                Joystick_GetDeviceDescriptor
 .text.Joystick_GetConfigDescriptor
                0x080014ec       0x24 ..\obj\usb_prop.o
                0x080014ec                Joystick_GetConfigDescriptor
 .text.Joystick_GetStringDescriptor
                0x08001510       0x40 ..\obj\usb_prop.o
                0x08001510                Joystick_GetStringDescriptor
 .text.Joystick_GetReportDescriptor
                0x08001550       0x24 ..\obj\usb_prop.o
                0x08001550                Joystick_GetReportDescriptor
 .text.Joystick_GetHIDDescriptor
                0x08001574       0x24 ..\obj\usb_prop.o
                0x08001574                Joystick_GetHIDDescriptor
 .text.Joystick_Get_Interface_Setting
                0x08001598       0x30 ..\obj\usb_prop.o
                0x08001598                Joystick_Get_Interface_Setting
 .text.Joystick_SetProtocol
                0x080015c8       0x2c ..\obj\usb_prop.o
                0x080015c8                Joystick_SetProtocol
 .text.Joystick_GetProtocolValue
                0x080015f4       0x34 ..\obj\usb_prop.o
                0x080015f4                Joystick_GetProtocolValue
 .text.NMI_Handler
                0x08001628        0xc ..\obj\stm32f30x_it.o
                0x08001628                NMI_Handler
 .text.HardFault_Handler
                0x08001634        0x8 ..\obj\stm32f30x_it.o
                0x08001634                HardFault_Handler
 .text.MemManage_Handler
                0x0800163c        0x8 ..\obj\stm32f30x_it.o
                0x0800163c                MemManage_Handler
 .text.BusFault_Handler
                0x08001644        0x8 ..\obj\stm32f30x_it.o
                0x08001644                BusFault_Handler
 .text.UsageFault_Handler
                0x0800164c        0x8 ..\obj\stm32f30x_it.o
                0x0800164c                UsageFault_Handler
 .text.SVC_Handler
                0x08001654        0xc ..\obj\stm32f30x_it.o
                0x08001654                SVC_Handler
 .text.DebugMon_Handler
                0x08001660        0xc ..\obj\stm32f30x_it.o
                0x08001660                DebugMon_Handler
 .text.PendSV_Handler
                0x0800166c        0xc ..\obj\stm32f30x_it.o
                0x0800166c                PendSV_Handler
 .text.SysTick_Handler
                0x08001678       0x2c ..\obj\stm32f30x_it.o
                0x08001678                SysTick_Handler
 .text.EXTI0_IRQHandler
                0x080016a4       0x90 ..\obj\stm32f30x_it.o
                0x080016a4                EXTI0_IRQHandler
 .text.GPIO_Init
                0x08001734      0x128 ..\obj\stm32f30x_gpio.o
                0x08001734                GPIO_Init
 .text.GPIO_ReadInputDataBit
                0x0800185c       0x38 ..\obj\stm32f30x_gpio.o
                0x0800185c                GPIO_ReadInputDataBit
 .text.GPIO_SetBits
                0x08001894       0x1c ..\obj\stm32f30x_gpio.o
                0x08001894                GPIO_SetBits
 .text.GPIO_ResetBits
                0x080018b0       0x1c ..\obj\stm32f30x_gpio.o
                0x080018b0                GPIO_ResetBits
 .text.GPIO_PinAFConfig
                0x080018cc       0x8c ..\obj\stm32f30x_gpio.o
                0x080018cc                GPIO_PinAFConfig
 .text.PowerOn  0x08001958       0x50 ..\obj\usb_pwr.o
                0x08001958                PowerOn
 .text.USB_Init
                0x080019a8       0x40 ..\obj\usb_init.o
                0x080019a8                USB_Init
 .text.NVIC_SetPriority
                0x080019e8       0x54 ..\obj\main.o
 .text.SysTick_Config
                0x08001a3c       0x44 ..\obj\main.o
 .text.main     0x08001a80      0xd30 ..\obj\main.o
                0x08001a80                main
 .text.Demo_USB
                0x080027b0       0x30 ..\obj\main.o
                0x080027b0                Demo_USB
 .text.Demo_GyroConfig
                0x080027e0       0x48 ..\obj\main.o
                0x080027e0                Demo_GyroConfig
 .text.Demo_GyroReadAngRate
                0x08002828      0x154 ..\obj\main.o
                0x08002828                Demo_GyroReadAngRate
 .text.Demo_CompassConfig
                0x0800297c       0x88 ..\obj\main.o
                0x0800297c                Demo_CompassConfig
 .text.Demo_CompassReadAcc
                0x08002a04      0x1d0 ..\obj\main.o
                0x08002a04                Demo_CompassReadAcc
 .text.Demo_CompassReadMag
                0x08002bd4      0x1b4 ..\obj\main.o
                0x08002bd4                Demo_CompassReadMag
 .text.Delay    0x08002d88       0x28 ..\obj\main.o
                0x08002d88                Delay
 .text.TimingDelay_Decrement
                0x08002db0       0x24 ..\obj\main.o
                0x08002db0                TimingDelay_Decrement
 .text.LSM303DLHC_TIMEOUT_UserCallback
                0x08002dd4       0x10 ..\obj\main.o
                0x08002dd4                LSM303DLHC_TIMEOUT_UserCallback
 .text.L3GD20_TIMEOUT_UserCallback
                0x08002de4       0x10 ..\obj\main.o
                0x08002de4                L3GD20_TIMEOUT_UserCallback
 .text.EXTI_Init
                0x08002df4      0x1f4 ..\obj\stm32f30x_exti.o
                0x08002df4                EXTI_Init
 .text.EXTI_GetITStatus
                0x08002fe8       0x70 ..\obj\stm32f30x_exti.o
                0x08002fe8                EXTI_GetITStatus
 .text.EXTI_ClearITPendingBit
                0x08003058       0x30 ..\obj\stm32f30x_exti.o
                0x08003058                EXTI_ClearITPendingBit
 .text.SPI_I2S_DeInit
                0x08003088       0x74 ..\obj\stm32f30x_spi.o
                0x08003088                SPI_I2S_DeInit
 .text.SPI_Init
                0x080030fc      0x114 ..\obj\stm32f30x_spi.o
                0x080030fc                SPI_Init
 .text.SPI_Cmd  0x08003210       0x40 ..\obj\stm32f30x_spi.o
                0x08003210                SPI_Cmd
 .text.SPI_RxFIFOThresholdConfig
                0x08003250       0x38 ..\obj\stm32f30x_spi.o
                0x08003250                SPI_RxFIFOThresholdConfig
 .text.SPI_SendData8
                0x08003288       0x2c ..\obj\stm32f30x_spi.o
                0x08003288                SPI_SendData8
 .text.SPI_ReceiveData8
                0x080032b4       0x28 ..\obj\stm32f30x_spi.o
                0x080032b4                SPI_ReceiveData8
 .text.SPI_I2S_GetFlagStatus
                0x080032dc       0x38 ..\obj\stm32f30x_spi.o
                0x080032dc                SPI_I2S_GetFlagStatus
 .text.I2C_Init
                0x08003314       0xc8 ..\obj\stm32f30x_i2c.o
                0x08003314                I2C_Init
 .text.I2C_Cmd  0x080033dc       0x38 ..\obj\stm32f30x_i2c.o
                0x080033dc                I2C_Cmd
 .text.I2C_TransferHandling
                0x08003414       0x58 ..\obj\stm32f30x_i2c.o
                0x08003414                I2C_TransferHandling
 .text.I2C_SendData
                0x0800346c       0x1c ..\obj\stm32f30x_i2c.o
                0x0800346c                I2C_SendData
 .text.I2C_ReceiveData
                0x08003488       0x1c ..\obj\stm32f30x_i2c.o
                0x08003488                I2C_ReceiveData
 .text.I2C_GetFlagStatus
                0x080034a4       0x40 ..\obj\stm32f30x_i2c.o
                0x080034a4                I2C_GetFlagStatus
 .text.I2C_ClearFlag
                0x080034e4       0x1c ..\obj\stm32f30x_i2c.o
                0x080034e4                I2C_ClearFlag
 .text.USB_SIL_Init
                0x08003500       0x34 ..\obj\usb_sil.o
                0x08003500                USB_SIL_Init
 .text.NVIC_PriorityGroupConfig
                0x08003534       0x24 ..\obj\stm32f30x_misc.o
                0x08003534                NVIC_PriorityGroupConfig
 .text.NVIC_Init
                0x08003558       0xc0 ..\obj\stm32f30x_misc.o
                0x08003558                NVIC_Init
 .text.L3GD20_Init
                0x08003618       0x78 ..\obj\stm32f3_discovery_l3gd20.o
                0x08003618                L3GD20_Init
 .text.L3GD20_FilterConfig
                0x08003690       0x48 ..\obj\stm32f3_discovery_l3gd20.o
                0x08003690                L3GD20_FilterConfig
 .text.L3GD20_FilterCmd
                0x080036d8       0x40 ..\obj\stm32f3_discovery_l3gd20.o
                0x080036d8                L3GD20_FilterCmd
 .text.L3GD20_Write
                0x08003718       0x60 ..\obj\stm32f3_discovery_l3gd20.o
                0x08003718                L3GD20_Write
 .text.L3GD20_Read
                0x08003778       0x6c ..\obj\stm32f3_discovery_l3gd20.o
                0x08003778                L3GD20_Read
 .text.L3GD20_LowLevel_Init
                0x080037e4      0x150 ..\obj\stm32f3_discovery_l3gd20.o
 .text.L3GD20_SendByte
                0x08003934       0x8c ..\obj\stm32f3_discovery_l3gd20.o
 .text.SYSCFG_EXTILineConfig
                0x080039c0       0x7c ..\obj\stm32f30x_syscfg.o
                0x080039c0                SYSCFG_EXTILineConfig
 .text.STM_EVAL_LEDInit
                0x08003a3c       0x5c ..\obj\stm32f3_discovery.o
                0x08003a3c                STM_EVAL_LEDInit
 .text.STM_EVAL_LEDOn
                0x08003a98       0x30 ..\obj\stm32f3_discovery.o
                0x08003a98                STM_EVAL_LEDOn
 .text.STM_EVAL_LEDOff
                0x08003ac8       0x30 ..\obj\stm32f3_discovery.o
                0x08003ac8                STM_EVAL_LEDOff
 .text.STM_EVAL_LEDToggle
                0x08003af8       0x40 ..\obj\stm32f3_discovery.o
                0x08003af8                STM_EVAL_LEDToggle
 .text.STM_EVAL_PBInit
                0x08003b38       0x94 ..\obj\stm32f3_discovery.o
                0x08003b38                STM_EVAL_PBInit
 .text.STM_EVAL_PBGetState
                0x08003bcc       0x2c ..\obj\stm32f3_discovery.o
                0x08003bcc                STM_EVAL_PBGetState
 .text.acos     0x08003bf8       0xa8 c:/program files (x86)/gnu tools arm embedded/4.8 2014q2/bin/../lib/gcc/arm-none-eabi/4.8.4/../../../../arm-none-eabi/lib/armv7e-m\libm.a(lib_a-w_acos.o)
                0x08003bf8                acos
 .text.sqrt     0x08003ca0       0xac c:/program files (x86)/gnu tools arm embedded/4.8 2014q2/bin/../lib/gcc/arm-none-eabi/4.8.4/../../../../arm-none-eabi/lib/armv7e-m\libm.a(lib_a-w_sqrt.o)
                0x08003ca0                sqrt
 .text.atan2f   0x08003d4c        0x4 c:/program files (x86)/gnu tools arm embedded/4.8 2014q2/bin/../lib/gcc/arm-none-eabi/4.8.4/../../../../arm-none-eabi/lib/armv7e-m\libm.a(lib_a-wf_atan2.o)
                0x08003d4c                atan2f
 .text.__ieee754_acos
                0x08003d50      0x4b8 c:/program files (x86)/gnu tools arm embedded/4.8 2014q2/bin/../lib/gcc/arm-none-eabi/4.8.4/../../../../arm-none-eabi/lib/armv7e-m\libm.a(lib_a-e_acos.o)
                0x08003d50                __ieee754_acos
 .text.__ieee754_sqrt
                0x08004208      0x180 c:/program files (x86)/gnu tools arm embedded/4.8 2014q2/bin/../lib/gcc/arm-none-eabi/4.8.4/../../../../arm-none-eabi/lib/armv7e-m\libm.a(lib_a-e_sqrt.o)
                0x08004208                __ieee754_sqrt
 .text.__ieee754_atan2f
                0x08004388      0x120 c:/program files (x86)/gnu tools arm embedded/4.8 2014q2/bin/../lib/gcc/arm-none-eabi/4.8.4/../../../../arm-none-eabi/lib/armv7e-m\libm.a(lib_a-ef_atan2.o)
                0x08004388                __ieee754_atan2f
 .text.fabs     0x080044a8        0x8 c:/program files (x86)/gnu tools arm embedded/4.8 2014q2/bin/../lib/gcc/arm-none-eabi/4.8.4/../../../../arm-none-eabi/lib/armv7e-m\libm.a(lib_a-s_fabs.o)
                0x080044a8                fabs
 .text.__fpclassifyd
                0x080044b0       0x50 c:/program files (x86)/gnu tools arm embedded/4.8 2014q2/bin/../lib/gcc/arm-none-eabi/4.8.4/../../../../arm-none-eabi/lib/armv7e-m\libm.a(lib_a-s_fpclassify.o)
                0x080044b0                __fpclassifyd
 .text.matherr  0x08004500        0x4 c:/program files (x86)/gnu tools arm embedded/4.8 2014q2/bin/../lib/gcc/arm-none-eabi/4.8.4/../../../../arm-none-eabi/lib/armv7e-m\libm.a(lib_a-s_matherr.o)
                0x08004500                matherr
 .text.nan      0x08004504        0xc c:/program files (x86)/gnu tools arm embedded/4.8 2014q2/bin/../lib/gcc/arm-none-eabi/4.8.4/../../../../arm-none-eabi/lib/armv7e-m\libm.a(lib_a-s_nan.o)
                0x08004504                nan
 .text.atanf    0x08004510      0x22c c:/program files (x86)/gnu tools arm embedded/4.8 2014q2/bin/../lib/gcc/arm-none-eabi/4.8.4/../../../../arm-none-eabi/lib/armv7e-m\libm.a(lib_a-sf_atan.o)
                0x08004510                atanf
 .text.fabsf    0x0800473c        0x8 c:/program files (x86)/gnu tools arm embedded/4.8 2014q2/bin/../lib/gcc/arm-none-eabi/4.8.4/../../../../arm-none-eabi/lib/armv7e-m\libm.a(lib_a-sf_fabs.o)
                0x0800473c                fabsf
 .text          0x08004744      0x370 c:/program files (x86)/gnu tools arm embedded/4.8 2014q2/bin/../lib/gcc/arm-none-eabi/4.8.4/armv7e-m\libgcc.a(_arm_addsubdf3.o)
                0x08004744                __aeabi_drsub
                0x0800474c                __aeabi_dsub
                0x0800474c                __subdf3
                0x08004750                __aeabi_dadd
                0x08004750                __adddf3
                0x080049c8                __floatunsidf
                0x080049c8                __aeabi_ui2d
                0x080049e8                __floatsidf
                0x080049e8                __aeabi_i2d
                0x08004a0c                __aeabi_f2d
                0x08004a0c                __extendsfdf2
                0x08004a48                __floatundidf
                0x08004a48                __aeabi_ul2d
                0x08004a58                __floatdidf
                0x08004a58                __aeabi_l2d
 .text          0x08004ab4      0x424 c:/program files (x86)/gnu tools arm embedded/4.8 2014q2/bin/../lib/gcc/arm-none-eabi/4.8.4/armv7e-m\libgcc.a(_arm_muldivdf3.o)
                0x08004ab4                __aeabi_dmul
                0x08004ab4                __muldf3
                0x08004d08                __divdf3
                0x08004d08                __aeabi_ddiv
 .text          0x08004ed8      0x110 c:/program files (x86)/gnu tools arm embedded/4.8 2014q2/bin/../lib/gcc/arm-none-eabi/4.8.4/armv7e-m\libgcc.a(_arm_cmpdf2.o)
                0x08004ed8                __gtdf2
                0x08004ed8                __gedf2
                0x08004ee0                __ltdf2
                0x08004ee0                __ledf2
                0x08004ee8                __nedf2
                0x08004ee8                __eqdf2
                0x08004ee8                __cmpdf2
                0x08004f64                __aeabi_cdrcmple
                0x08004f74                __aeabi_cdcmpeq
                0x08004f74                __aeabi_cdcmple
                0x08004f84                __aeabi_dcmpeq
                0x08004f98                __aeabi_dcmplt
                0x08004fac                __aeabi_dcmple
                0x08004fc0                __aeabi_dcmpge
                0x08004fd4                __aeabi_dcmpgt
 .text          0x08004fe8       0xa0 c:/program files (x86)/gnu tools arm embedded/4.8 2014q2/bin/../lib/gcc/arm-none-eabi/4.8.4/armv7e-m\libgcc.a(_arm_truncdfsf2.o)
                0x08004fe8                __truncdfsf2
                0x08004fe8                __aeabi_d2f
 .text          0x08005088      0x21c c:/program files (x86)/gnu tools arm embedded/4.8 2014q2/bin/../lib/gcc/arm-none-eabi/4.8.4/armv7e-m\libgcc.a(_arm_addsubsf3.o)
                0x08005088                __aeabi_frsub
                0x08005090                __subsf3
                0x08005090                __aeabi_fsub
                0x08005094                __aeabi_fadd
                0x08005094                __addsf3
                0x080051f4                __aeabi_ui2f
                0x080051f4                __floatunsisf
                0x080051fc                __aeabi_i2f
                0x080051fc                __floatsisf
                0x08005218                __aeabi_ul2f
                0x08005218                __floatundisf
                0x08005228                __aeabi_l2f
                0x08005228                __floatdisf
 .text          0x080052a4      0x2a0 c:/program files (x86)/gnu tools arm embedded/4.8 2014q2/bin/../lib/gcc/arm-none-eabi/4.8.4/armv7e-m\libgcc.a(_arm_muldivsf3.o)
                0x080052a4                __mulsf3
                0x080052a4                __aeabi_fmul
                0x0800540c                __aeabi_fdiv
                0x0800540c                __divsf3
 .text          0x08005544       0xec c:/program files (x86)/gnu tools arm embedded/4.8 2014q2/bin/../lib/gcc/arm-none-eabi/4.8.4/armv7e-m\libgcc.a(_arm_cmpsf2.o)
                0x08005544                __gesf2
                0x08005544                __gtsf2
                0x0800554c                __lesf2
                0x0800554c                __ltsf2
                0x08005554                __nesf2
                0x08005554                __eqsf2
                0x08005554                __cmpsf2
                0x080055b4                __aeabi_cfrcmple
                0x080055bc                __aeabi_cfcmpeq
                0x080055bc                __aeabi_cfcmple
                0x080055cc                __aeabi_fcmpeq
                0x080055e0                __aeabi_fcmplt
                0x080055f4                __aeabi_fcmple
                0x08005608                __aeabi_fcmpge
                0x0800561c                __aeabi_fcmpgt
 .text          0x08005630       0x4c c:/program files (x86)/gnu tools arm embedded/4.8 2014q2/bin/../lib/gcc/arm-none-eabi/4.8.4/armv7e-m\libgcc.a(_arm_fixsfsi.o)
                0x08005630                __aeabi_f2iz
                0x08005630                __fixsfsi
 .text.__errno  0x0800567c        0xc c:/program files (x86)/gnu tools arm embedded/4.8 2014q2/bin/../lib/gcc/arm-none-eabi/4.8.4/../../../../arm-none-eabi/lib/armv7e-m\libg.a(lib_a-errno.o)
                0x0800567c                __errno
 *(.init)
 *(.fini)
 *crtbegin.o(.ctors)
 *crtbegin?.o(.ctors)
 *(EXCLUDE_FILE(*crtend.o *crtend?.o) .ctors)
 *(SORT(.ctors.*))
 *(.ctors)
 *crtbegin.o(.dtors)
 *crtbegin?.o(.dtors)
 *(EXCLUDE_FILE(*crtend.o *crtend?.o) .dtors)
 *(SORT(.dtors.*))
 *(.dtors)
 *(.rodata*)
 .rodata        0x08005688       0xd0 ..\obj\usb_desc.o
                0x08005688                Joystick_DeviceDescriptor
                0x0800569c                Joystick_ConfigDescriptor
                0x080056c0                Joystick_ReportDescriptor
                0x0800570c                Joystick_StringLangID
                0x08005710                Joystick_StringVendor
                0x08005738                Joystick_StringProduct
 .rodata        0x08005758       0x48 ..\obj\stm32f3_discovery.o
                0x08005758                GPIO_PIN
                0x08005768                GPIO_CLK
                0x08005788                BUTTON_PIN
                0x0800578c                BUTTON_CLK
                0x08005790                BUTTON_EXTI_LINE
                0x08005794                BUTTON_PORT_SOURCE
                0x08005798                BUTTON_PIN_SOURCE
                0x0800579c                BUTTON_IRQn
 .rodata.str1.4
                0x080057a0        0x5 c:/program files (x86)/gnu tools arm embedded/4.8 2014q2/bin/../lib/gcc/arm-none-eabi/4.8.4/../../../../arm-none-eabi/lib/armv7e-m\libm.a(lib_a-w_acos.o)
                                  0xc (size before relaxing)
 *fill*         0x080057a5        0x3 
 .rodata.str1.4
                0x080057a8        0x5 c:/program files (x86)/gnu tools arm embedded/4.8 2014q2/bin/../lib/gcc/arm-none-eabi/4.8.4/../../../../arm-none-eabi/lib/armv7e-m\libm.a(lib_a-w_sqrt.o)
                                  0x8 (size before relaxing)
 *fill*         0x080057ad        0x3 
 .rodata.atanlo
                0x080057b0       0x10 c:/program files (x86)/gnu tools arm embedded/4.8 2014q2/bin/../lib/gcc/arm-none-eabi/4.8.4/../../../../arm-none-eabi/lib/armv7e-m\libm.a(lib_a-sf_atan.o)
 .rodata.atanhi
                0x080057c0       0x10 c:/program files (x86)/gnu tools arm embedded/4.8 2014q2/bin/../lib/gcc/arm-none-eabi/4.8.4/../../../../arm-none-eabi/lib/armv7e-m\libm.a(lib_a-sf_atan.o)
 .rodata.str1.4
                0x080057d0        0x4 c:/program files (x86)/gnu tools arm embedded/4.8 2014q2/bin/../lib/gcc/arm-none-eabi/4.8.4/../../../../arm-none-eabi/lib/armv7e-m\libg.a(lib_a-impure.o)
 *(.eh_fram e*)

.glue_7         0x080057d4        0x0
 .glue_7        0x00000000        0x0 linker stubs

.glue_7t        0x080057d4        0x0
 .glue_7t       0x00000000        0x0 linker stubs

.vfp11_veneer   0x080057d4        0x0
 .vfp11_veneer  0x00000000        0x0 linker stubs

.v4_bx          0x080057d4        0x0
 .v4_bx         0x00000000        0x0 linker stubs

.iplt           0x080057d4        0x0
 .iplt          0x00000000        0x0 ..\obj\stm32f30x_iwdg.o

.rel.dyn        0x080057d4        0x0
 .rel.iplt      0x00000000        0x0 ..\obj\stm32f30x_iwdg.o

.ARM.extab
 *(.ARM.extab* .gnu.linkonce.armextab.*)
                0x080057d4                __exidx_start = .

.ARM.exidx
 *(.ARM.exidx* .gnu.linkonce.armexidx.*)
                0x080057d4                __exidx_end = .
                0x080057d4                __etext = .
                0x080057d4                _sidata = __etext

.data           0x20000000      0x544 load address 0x080057d4
                0x20000000                __data_start__ = .
                0x20000000                _sdata = __data_start__
 *(vtable)
 *(.data*)
 .data          0x20000000       0x2c ..\obj\stm32f30x_rcc.o
 .data          0x2000002c        0x4 ..\obj\stm32f3_discovery_lsm303dlhc.o
                0x2000002c                LSM303DLHC_Timeout
 .data          0x20000030       0x1c ..\obj\usb_desc.o
                0x20000030                Joystick_StringSerial
 .data          0x2000004c       0x98 ..\obj\usb_prop.o
                0x2000004c                Device_Table
                0x20000050                Device_Property
                0x20000080                User_Standard_Requests
                0x200000a4                Device_Descriptor
                0x200000ac                Config_Descriptor
                0x200000b4                Joystick_Report_Descriptor
                0x200000bc                Mouse_Hid_Descriptor
                0x200000c4                String_Descriptor
 .data          0x200000e4        0x8 ..\obj\main.o
                0x200000e4                PrevXferComplete
                0x200000e8                USBConnectTimeOut
 .data          0x200000ec        0x4 ..\obj\stm32f3_discovery_l3gd20.o
                0x200000ec                L3GD20Timeout
 .data          0x200000f0       0x24 ..\obj\stm32f3_discovery.o
                0x200000f0                GPIO_PORT
                0x20000110                BUTTON_PORT
 .data.__fdlib_version
                0x20000114        0x1 c:/program files (x86)/gnu tools arm embedded/4.8 2014q2/bin/../lib/gcc/arm-none-eabi/4.8.4/../../../../arm-none-eabi/lib/armv7e-m\libm.a(lib_a-s_lib_ver.o)
                0x20000114                __fdlib_version
 *fill*         0x20000115        0x3 
 .data.impure_data
                0x20000118      0x428 c:/program files (x86)/gnu tools arm embedded/4.8 2014q2/bin/../lib/gcc/arm-none-eabi/4.8.4/../../../../arm-none-eabi/lib/armv7e-m\libg.a(lib_a-impure.o)
 .data._impure_ptr
                0x20000540        0x4 c:/program files (x86)/gnu tools arm embedded/4.8 2014q2/bin/../lib/gcc/arm-none-eabi/4.8.4/../../../../arm-none-eabi/lib/armv7e-m\libg.a(lib_a-impure.o)
                0x20000540                _impure_ptr
                0x20000544                . = ALIGN (0x4)
                0x20000544                PROVIDE (__preinit_array_start, .)
 *(.preinit_array)
                0x20000544                PROVIDE (__preinit_array_end, .)
                0x20000544                . = ALIGN (0x4)
                0x20000544                PROVIDE (__init_array_start, .)
 *(SORT(.init_array.*))
 *(.init_array)
                0x20000544                PROVIDE (__init_array_end, .)
                0x20000544                . = ALIGN (0x4)
                0x20000544                PROVIDE (__fini_array_start, .)
 *(SORT(.fini_array.*))
 *(.fini_array)
                0x20000544                PROVIDE (__fini_array_end, .)
 *(.jcr*)
                0x20000544                . = ALIGN (0x4)
                0x20000544                __data_end__ = .
                0x20000544                _edata = __data_end__

.igot.plt       0x20000544        0x0 load address 0x08005d18
 .igot.plt      0x00000000        0x0 ..\obj\stm32f30x_iwdg.o

.bss            0x20000544       0xec load address 0x08005d18
                0x20000544                . = ALIGN (0x4)
                0x20000544                __bss_start__ = .
                0x20000544                _sbss = __bss_start__
 *(.bss*)
 .bss           0x20000544        0x4 ..\obj\stm32f30x_it.o
                0x20000544                i
 .bss           0x20000548        0x4 ..\obj\usb_pwr.o
                0x20000548                bDeviceState
 .bss           0x2000054c       0x4c ..\obj\main.o
                0x2000054c                TimingDelay
                0x20000550                UserButtonPressed
                0x20000554                HeadingValue
                0x20000558                MagBuffer
                0x20000564                AccBuffer
                0x20000570                Buffer
                0x2000057c                Yval
                0x2000057d                DataReady
                0x20000580                fCosPitch
                0x20000584                RollAng
                0x20000588                PitchAng
                0x2000058c                fTiltedY
 *(COMMON)
 COMMON         0x20000598        0xc ..\obj\hw_config.o
                0x20000598                HSEStartUpStatus
                0x2000059c                EXTI_InitStructure
 COMMON         0x200005a4        0x4 ..\obj\usb_prop.o
                0x200005a4                ProtocolValue
 COMMON         0x200005a8       0x32 ..\obj\usb_init.o
                0x200005a8                SaveState
                0x200005ac                pProperty
                0x200005b0                EPindex
                0x200005b4                Device_Info
                0x200005d0                pUser_Standard_Requests
                0x200005d4                pInformation
                0x200005d8                wInterrupt_Mask
 *fill*         0x200005da        0x2 
 COMMON         0x200005dc       0x54 ..\obj\main.o
                0x200005dc                Xval
                0x200005e0                fCosRoll
                0x200005e4                fTiltedX
                0x200005e8                fSinRoll
                0x200005ec                fSinPitch
                0x200005f0                fNormAcc
                0x200005f4                RCC_Clocks
                0x20000630                . = ALIGN (0x4)
                0x20000630                __bss_end__ = .
                0x20000630                _ebss = __bss_end__

.heap           0x20000630        0x0
                0x20000630                __end__ = .
                0x20000630                _end = __end__
                0x20000630                end = __end__
 *(.heap*)
                0x20000630                __HeapLimit = .

.co_stack       0x20000630      0x800 load address 0x08005e04
                0x20000630                . = ALIGN (0x8)
 *(.co_stack .co_stack.*)
 .co_stack      0x20000630      0x800 ..\obj\startup_stm32f303.o
                0x20000630                pulStack
                0x2000a000                __StackTop = (ORIGIN (ram) + 0xa000)
                0x20009800                __StackLimit = (__StackTop - SIZEOF (.co_stack))
                0x2000a000                PROVIDE (__stack, __StackTop)
                0x00000001                ASSERT ((__StackLimit >= __HeapLimit), region ram  overflowed with stack)
LOAD ..\obj\stm32f30x_iwdg.o
LOAD ..\obj\stm32f30x_opamp.o
LOAD ..\obj\usb_core.o
LOAD ..\obj\stm32f30x_crc.o
LOAD ..\obj\startup_stm32f303.o
LOAD ..\obj\stm32f30x_rcc.o
LOAD ..\obj\stm32f3_discovery_lsm303dlhc.o
LOAD ..\obj\stm32f30x_flash.o
LOAD ..\obj\system_stm32f30x.o
LOAD ..\obj\stm32f30x_adc.o
LOAD ..\obj\usb_int.o
LOAD ..\obj\usb_desc.o
LOAD ..\obj\usb_regs.o
LOAD ..\obj\hw_config.o
LOAD ..\obj\usb_prop.o
LOAD ..\obj\stm32f30x_it.o
LOAD ..\obj\stm32f30x_comp.o
LOAD ..\obj\stm32f30x_gpio.o
LOAD ..\obj\usb_pwr.o
LOAD ..\obj\usb_init.o
LOAD ..\obj\main.o
LOAD ..\obj\stm32f30x_dma.o
LOAD ..\obj\stm32f30x_exti.o
LOAD ..\obj\stm32f30x_spi.o
LOAD ..\obj\stm32f30x_i2c.o
LOAD ..\obj\usb_sil.o
LOAD ..\obj\stm32f30x_rtc.o
LOAD ..\obj\stm32f30x_misc.o
LOAD ..\obj\stm32f30x_tim.o
LOAD ..\obj\stm32f3_discovery_l3gd20.o
LOAD ..\obj\stm32f30x_dbgmcu.o
LOAD ..\obj\usb_endp.o
LOAD ..\obj\stm32f30x_syscfg.o
LOAD ..\obj\stm32f30x_pwr.o
LOAD ..\obj\stm32f30x_wwdg.o
LOAD ..\obj\stm32f30x_can.o
LOAD ..\obj\usb_mem.o
LOAD ..\obj\stm32f3_discovery.o
LOAD ..\obj\stm32f30x_dac.o
LOAD ..\obj\usb_istr.o
LOAD ..\obj\stm32f30x_usart.o
LOAD c:/program files (x86)/gnu tools arm embedded/4.8 2014q2/bin/../lib/gcc/arm-none-eabi/4.8.4/../../../../arm-none-eabi/lib/armv7e-m\libm.a
START GROUP
LOAD c:/program files (x86)/gnu tools arm embedded/4.8 2014q2/bin/../lib/gcc/arm-none-eabi/4.8.4/armv7e-m\libgcc.a
LOAD c:/program files (x86)/gnu tools arm embedded/4.8 2014q2/bin/../lib/gcc/arm-none-eabi/4.8.4/../../../../arm-none-eabi/lib/armv7e-m\libg.a
LOAD c:/program files (x86)/gnu tools arm embedded/4.8 2014q2/bin/../lib/gcc/arm-none-eabi/4.8.4/../../../../arm-none-eabi/lib/armv7e-m\libc.a
END GROUP
OUTPUT(Test_STM32F303.elf elf32-littlearm)

.debug_info     0x00000000     0x9571
 .debug_info    0x00000000      0xb5e ..\obj\usb_core.o
 .debug_info    0x00000b5e       0xed ..\obj\startup_stm32f303.o
 .debug_info    0x00000c4b      0xaac ..\obj\stm32f30x_rcc.o
 .debug_info    0x000016f7      0x985 ..\obj\stm32f3_discovery_lsm303dlhc.o
 .debug_info    0x0000207c      0x1a9 ..\obj\usb_desc.o
 .debug_info    0x00002225      0xca7 ..\obj\usb_regs.o
 .debug_info    0x00002ecc      0x946 ..\obj\hw_config.o
 .debug_info    0x00003812      0x8f5 ..\obj\usb_prop.o
 .debug_info    0x00004107      0x24a ..\obj\stm32f30x_it.o
 .debug_info    0x00004351      0x5fa ..\obj\stm32f30x_gpio.o
 .debug_info    0x0000494b      0x2e1 ..\obj\usb_pwr.o
 .debug_info    0x00004c2c      0x450 ..\obj\usb_init.o
 .debug_info    0x0000507c      0xf4e ..\obj\main.o
 .debug_info    0x00005fca      0x3b4 ..\obj\stm32f30x_exti.o
 .debug_info    0x0000637e      0xb72 ..\obj\stm32f30x_spi.o
 .debug_info    0x00006ef0      0xbde ..\obj\stm32f30x_i2c.o
 .debug_info    0x00007ace      0x186 ..\obj\usb_sil.o
 .debug_info    0x00007c54      0x53d ..\obj\stm32f30x_misc.o
 .debug_info    0x00008191      0x7c7 ..\obj\stm32f3_discovery_l3gd20.o
 .debug_info    0x00008958      0x3c6 ..\obj\stm32f30x_syscfg.o
 .debug_info    0x00008d1e      0x853 ..\obj\stm32f3_discovery.o

.debug_abbrev   0x00000000     0x1f2b
 .debug_abbrev  0x00000000      0x290 ..\obj\usb_core.o
 .debug_abbrev  0x00000290       0xb0 ..\obj\startup_stm32f303.o
 .debug_abbrev  0x00000340      0x1e3 ..\obj\stm32f30x_rcc.o
 .debug_abbrev  0x00000523      0x19d ..\obj\stm32f3_discovery_lsm303dlhc.o
 .debug_abbrev  0x000006c0       0x73 ..\obj\usb_desc.o
 .debug_abbrev  0x00000733      0x16d ..\obj\usb_regs.o
 .debug_abbrev  0x000008a0      0x255 ..\obj\hw_config.o
 .debug_abbrev  0x00000af5      0x1f9 ..\obj\usb_prop.o
 .debug_abbrev  0x00000cee       0xdc ..\obj\stm32f30x_it.o
 .debug_abbrev  0x00000dca      0x194 ..\obj\stm32f30x_gpio.o
 .debug_abbrev  0x00000f5e      0x12b ..\obj\usb_pwr.o
 .debug_abbrev  0x00001089      0x11e ..\obj\usb_init.o
 .debug_abbrev  0x000011a7      0x248 ..\obj\main.o
 .debug_abbrev  0x000013ef      0x17a ..\obj\stm32f30x_exti.o
 .debug_abbrev  0x00001569      0x189 ..\obj\stm32f30x_spi.o
 .debug_abbrev  0x000016f2      0x17e ..\obj\stm32f30x_i2c.o
 .debug_abbrev  0x00001870       0xbb ..\obj\usb_sil.o
 .debug_abbrev  0x0000192b      0x145 ..\obj\stm32f30x_misc.o
 .debug_abbrev  0x00001a70      0x1b7 ..\obj\stm32f3_discovery_l3gd20.o
 .debug_abbrev  0x00001c27      0x181 ..\obj\stm32f30x_syscfg.o
 .debug_abbrev  0x00001da8      0x183 ..\obj\stm32f3_discovery.o

.debug_aranges  0x00000000      0xc38
 .debug_aranges
                0x00000000       0xb0 ..\obj\usb_core.o
 .debug_aranges
                0x000000b0       0x28 ..\obj\startup_stm32f303.o
 .debug_aranges
                0x000000d8      0x150 ..\obj\stm32f30x_rcc.o
 .debug_aranges
                0x00000228       0x98 ..\obj\stm32f3_discovery_lsm303dlhc.o
 .debug_aranges
                0x000002c0       0x18 ..\obj\usb_desc.o
 .debug_aranges
                0x000002d8      0x1f0 ..\obj\usb_regs.o
 .debug_aranges
                0x000004c8       0x70 ..\obj\hw_config.o
 .debug_aranges
                0x00000538       0x98 ..\obj\usb_prop.o
 .debug_aranges
                0x000005d0       0x78 ..\obj\stm32f30x_it.o
 .debug_aranges
                0x00000648       0x80 ..\obj\stm32f30x_gpio.o
 .debug_aranges
                0x000006c8       0x40 ..\obj\usb_pwr.o
 .debug_aranges
                0x00000708       0x20 ..\obj\usb_init.o
 .debug_aranges
                0x00000728       0x80 ..\obj\main.o
 .debug_aranges
                0x000007a8       0x58 ..\obj\stm32f30x_exti.o
 .debug_aranges
                0x00000800      0x118 ..\obj\stm32f30x_spi.o
 .debug_aranges
                0x00000918      0x168 ..\obj\stm32f30x_i2c.o
 .debug_aranges
                0x00000a80       0x30 ..\obj\usb_sil.o
 .debug_aranges
                0x00000ab0       0x40 ..\obj\stm32f30x_misc.o
 .debug_aranges
                0x00000af0       0x78 ..\obj\stm32f3_discovery_l3gd20.o
 .debug_aranges
                0x00000b68       0x88 ..\obj\stm32f30x_syscfg.o
 .debug_aranges
                0x00000bf0       0x48 ..\obj\stm32f3_discovery.o

.debug_ranges   0x00000000      0xaf8
 .debug_ranges  0x00000000       0xb8 ..\obj\usb_core.o
 .debug_ranges  0x000000b8       0x18 ..\obj\startup_stm32f303.o
 .debug_ranges  0x000000d0      0x140 ..\obj\stm32f30x_rcc.o
 .debug_ranges  0x00000210       0x88 ..\obj\stm32f3_discovery_lsm303dlhc.o
 .debug_ranges  0x00000298      0x1e0 ..\obj\usb_regs.o
 .debug_ranges  0x00000478       0x60 ..\obj\hw_config.o
 .debug_ranges  0x000004d8       0x88 ..\obj\usb_prop.o
 .debug_ranges  0x00000560       0x68 ..\obj\stm32f30x_it.o
 .debug_ranges  0x000005c8       0x70 ..\obj\stm32f30x_gpio.o
 .debug_ranges  0x00000638       0x30 ..\obj\usb_pwr.o
 .debug_ranges  0x00000668       0x10 ..\obj\usb_init.o
 .debug_ranges  0x00000678       0x70 ..\obj\main.o
 .debug_ranges  0x000006e8       0x48 ..\obj\stm32f30x_exti.o
 .debug_ranges  0x00000730      0x108 ..\obj\stm32f30x_spi.o
 .debug_ranges  0x00000838      0x158 ..\obj\stm32f30x_i2c.o
 .debug_ranges  0x00000990       0x20 ..\obj\usb_sil.o
 .debug_ranges  0x000009b0       0x30 ..\obj\stm32f30x_misc.o
 .debug_ranges  0x000009e0       0x68 ..\obj\stm32f3_discovery_l3gd20.o
 .debug_ranges  0x00000a48       0x78 ..\obj\stm32f30x_syscfg.o
 .debug_ranges  0x00000ac0       0x38 ..\obj\stm32f3_discovery.o

.debug_line     0x00000000     0x4bce
 .debug_line    0x00000000      0x50b ..\obj\usb_core.o
 .debug_line    0x0000050b       0xa8 ..\obj\startup_stm32f303.o
 .debug_line    0x000005b3      0x5af ..\obj\stm32f30x_rcc.o
 .debug_line    0x00000b62      0x496 ..\obj\stm32f3_discovery_lsm303dlhc.o
 .debug_line    0x00000ff8      0x163 ..\obj\usb_desc.o
 .debug_line    0x0000115b      0x6e2 ..\obj\usb_regs.o
 .debug_line    0x0000183d      0x3fc ..\obj\hw_config.o
 .debug_line    0x00001c39      0x349 ..\obj\usb_prop.o
 .debug_line    0x00001f82      0x318 ..\obj\stm32f30x_it.o
 .debug_line    0x0000229a      0x344 ..\obj\stm32f30x_gpio.o
 .debug_line    0x000025de      0x2ab ..\obj\usb_pwr.o
 .debug_line    0x00002889      0x1ce ..\obj\usb_init.o
 .debug_line    0x00002a57      0x643 ..\obj\main.o
 .debug_line    0x0000309a      0x2d3 ..\obj\stm32f30x_exti.o
 .debug_line    0x0000336d      0x518 ..\obj\stm32f30x_spi.o
 .debug_line    0x00003885      0x58e ..\obj\stm32f30x_i2c.o
 .debug_line    0x00003e13      0x1f4 ..\obj\usb_sil.o
 .debug_line    0x00004007      0x279 ..\obj\stm32f30x_misc.o
 .debug_line    0x00004280      0x3a8 ..\obj\stm32f3_discovery_l3gd20.o
 .debug_line    0x00004628      0x2d9 ..\obj\stm32f30x_syscfg.o
 .debug_line    0x00004901      0x2cd ..\obj\stm32f3_discovery.o

.debug_str      0x00000000     0x3efd
 .debug_str     0x00000000      0x8e3 ..\obj\usb_core.o
                                0xa6b (size before relaxing)
 .debug_str     0x000008e3       0xb7 ..\obj\startup_stm32f303.o
                                0x14e (size before relaxing)
 .debug_str     0x0000099a      0x650 ..\obj\stm32f30x_rcc.o
                                0x800 (size before relaxing)
 .debug_str     0x00000fea      0x766 ..\obj\stm32f3_discovery_lsm303dlhc.o
                                0x911 (size before relaxing)
 .debug_str     0x00001750       0xe1 ..\obj\usb_desc.o
                                0x21b (size before relaxing)
 .debug_str     0x00001831      0x409 ..\obj\usb_regs.o
                                0x587 (size before relaxing)
 .debug_str     0x00001c3a      0x672 ..\obj\hw_config.o
                                0xbd8 (size before relaxing)
 .debug_str     0x000022ac      0x276 ..\obj\usb_prop.o
                                0xa20 (size before relaxing)
 .debug_str     0x00002522      0x20c ..\obj\stm32f30x_it.o
                                0x378 (size before relaxing)
 .debug_str     0x0000272e      0x18f ..\obj\stm32f30x_gpio.o
                                0x4a4 (size before relaxing)
 .debug_str     0x000028bd       0xaa ..\obj\usb_pwr.o
                                0x354 (size before relaxing)
 .debug_str     0x00002967       0x61 ..\obj\usb_init.o
                                0x53f (size before relaxing)
 .debug_str     0x000029c8      0x3e8 ..\obj\main.o
                                0xf1b (size before relaxing)
 .debug_str     0x00002db0      0x12c ..\obj\stm32f30x_exti.o
                                0x38c (size before relaxing)
 .debug_str     0x00002edc      0x4a3 ..\obj\stm32f30x_spi.o
                                0x7d3 (size before relaxing)
 .debug_str     0x0000337f      0x3d0 ..\obj\stm32f30x_i2c.o
                                0x659 (size before relaxing)
 .debug_str     0x0000374f       0x9b ..\obj\usb_sil.o
                                0x20d (size before relaxing)
 .debug_str     0x000037ea      0x10b ..\obj\stm32f30x_misc.o
                                0x3da (size before relaxing)
 .debug_str     0x000038f5      0x222 ..\obj\stm32f3_discovery_l3gd20.o
                                0x725 (size before relaxing)
 .debug_str     0x00003b17      0x275 ..\obj\stm32f30x_syscfg.o
                                0x40c (size before relaxing)
 .debug_str     0x00003d8c      0x171 ..\obj\stm32f3_discovery.o
                                0xa81 (size before relaxing)

.comment        0x00000000       0x70
 .comment       0x00000000       0x70 ..\obj\usb_core.o
                                 0x71 (size before relaxing)
 .comment       0x00000000       0x71 ..\obj\startup_stm32f303.o
 .comment       0x00000000       0x71 ..\obj\stm32f30x_rcc.o
 .comment       0x00000000       0x71 ..\obj\stm32f3_discovery_lsm303dlhc.o
 .comment       0x00000000       0x71 ..\obj\usb_desc.o
 .comment       0x00000000       0x71 ..\obj\usb_regs.o
 .comment       0x00000000       0x71 ..\obj\hw_config.o
 .comment       0x00000000       0x71 ..\obj\usb_prop.o
 .comment       0x00000000       0x71 ..\obj\stm32f30x_it.o
 .comment       0x00000000       0x71 ..\obj\stm32f30x_gpio.o
 .comment       0x00000000       0x71 ..\obj\usb_pwr.o
 .comment       0x00000000       0x71 ..\obj\usb_init.o
 .comment       0x00000000       0x71 ..\obj\main.o
 .comment       0x00000000       0x71 ..\obj\stm32f30x_exti.o
 .comment       0x00000000       0x71 ..\obj\stm32f30x_spi.o
 .comment       0x00000000       0x71 ..\obj\stm32f30x_i2c.o
 .comment       0x00000000       0x71 ..\obj\usb_sil.o
 .comment       0x00000000       0x71 ..\obj\stm32f30x_misc.o
 .comment       0x00000000       0x71 ..\obj\stm32f3_discovery_l3gd20.o
 .comment       0x00000000       0x71 ..\obj\stm32f30x_syscfg.o
 .comment       0x00000000       0x71 ..\obj\stm32f3_discovery.o

.ARM.attributes
                0x00000000       0x33
 .ARM.attributes
                0x00000000       0x33 ..\obj\usb_core.o
 .ARM.attributes
                0x00000033       0x33 ..\obj\startup_stm32f303.o
 .ARM.attributes
                0x00000066       0x33 ..\obj\stm32f30x_rcc.o
 .ARM.attributes
                0x00000099       0x33 ..\obj\stm32f3_discovery_lsm303dlhc.o
 .ARM.attributes
                0x000000cc       0x33 ..\obj\usb_desc.o
 .ARM.attributes
                0x000000ff       0x33 ..\obj\usb_regs.o
 .ARM.attributes
                0x00000132       0x33 ..\obj\hw_config.o
 .ARM.attributes
                0x00000165       0x33 ..\obj\usb_prop.o
 .ARM.attributes
                0x00000198       0x33 ..\obj\stm32f30x_it.o
 .ARM.attributes
                0x000001cb       0x33 ..\obj\stm32f30x_gpio.o
 .ARM.attributes
                0x000001fe       0x33 ..\obj\usb_pwr.o
 .ARM.attributes
                0x00000231       0x33 ..\obj\usb_init.o
 .ARM.attributes
                0x00000264       0x33 ..\obj\main.o
 .ARM.attributes
                0x00000297       0x33 ..\obj\stm32f30x_exti.o
 .ARM.attributes
                0x000002ca       0x33 ..\obj\stm32f30x_spi.o
 .ARM.attributes
                0x000002fd       0x33 ..\obj\stm32f30x_i2c.o
 .ARM.attributes
                0x00000330       0x33 ..\obj\usb_sil.o
 .ARM.attributes
                0x00000363       0x33 ..\obj\stm32f30x_misc.o
 .ARM.attributes
                0x00000396       0x33 ..\obj\stm32f3_discovery_l3gd20.o
 .ARM.attributes
                0x000003c9       0x33 ..\obj\stm32f30x_syscfg.o
 .ARM.attributes
                0x000003fc       0x33 ..\obj\stm32f3_discovery.o
 .ARM.attributes
                0x0000042f       0x2e c:/program files (x86)/gnu tools arm embedded/4.8 2014q2/bin/../lib/gcc/arm-none-eabi/4.8.4/../../../../arm-none-eabi/lib/armv7e-m\libm.a(lib_a-w_acos.o)
 .ARM.attributes
                0x0000045d       0x2e c:/program files (x86)/gnu tools arm embedded/4.8 2014q2/bin/../lib/gcc/arm-none-eabi/4.8.4/../../../../arm-none-eabi/lib/armv7e-m\libm.a(lib_a-w_sqrt.o)
 .ARM.attributes
                0x0000048b       0x2e c:/program files (x86)/gnu tools arm embedded/4.8 2014q2/bin/../lib/gcc/arm-none-eabi/4.8.4/../../../../arm-none-eabi/lib/armv7e-m\libm.a(lib_a-wf_atan2.o)
 .ARM.attributes
                0x000004b9       0x2e c:/program files (x86)/gnu tools arm embedded/4.8 2014q2/bin/../lib/gcc/arm-none-eabi/4.8.4/../../../../arm-none-eabi/lib/armv7e-m\libm.a(lib_a-e_acos.o)
 .ARM.attributes
                0x000004e7       0x2e c:/program files (x86)/gnu tools arm embedded/4.8 2014q2/bin/../lib/gcc/arm-none-eabi/4.8.4/../../../../arm-none-eabi/lib/armv7e-m\libm.a(lib_a-e_sqrt.o)
 .ARM.attributes
                0x00000515       0x2e c:/program files (x86)/gnu tools arm embedded/4.8 2014q2/bin/../lib/gcc/arm-none-eabi/4.8.4/../../../../arm-none-eabi/lib/armv7e-m\libm.a(lib_a-ef_atan2.o)
 .ARM.attributes
                0x00000543       0x2e c:/program files (x86)/gnu tools arm embedded/4.8 2014q2/bin/../lib/gcc/arm-none-eabi/4.8.4/../../../../arm-none-eabi/lib/armv7e-m\libm.a(lib_a-s_fabs.o)
 .ARM.attributes
                0x00000571       0x2e c:/program files (x86)/gnu tools arm embedded/4.8 2014q2/bin/../lib/gcc/arm-none-eabi/4.8.4/../../../../arm-none-eabi/lib/armv7e-m\libm.a(lib_a-s_fpclassify.o)
 .ARM.attributes
                0x0000059f       0x2e c:/program files (x86)/gnu tools arm embedded/4.8 2014q2/bin/../lib/gcc/arm-none-eabi/4.8.4/../../../../arm-none-eabi/lib/armv7e-m\libm.a(lib_a-s_lib_ver.o)
 .ARM.attributes
                0x000005cd       0x2e c:/program files (x86)/gnu tools arm embedded/4.8 2014q2/bin/../lib/gcc/arm-none-eabi/4.8.4/../../../../arm-none-eabi/lib/armv7e-m\libm.a(lib_a-s_matherr.o)
 .ARM.attributes
                0x000005fb       0x2e c:/program files (x86)/gnu tools arm embedded/4.8 2014q2/bin/../lib/gcc/arm-none-eabi/4.8.4/../../../../arm-none-eabi/lib/armv7e-m\libm.a(lib_a-s_nan.o)
 .ARM.attributes
                0x00000629       0x2e c:/program files (x86)/gnu tools arm embedded/4.8 2014q2/bin/../lib/gcc/arm-none-eabi/4.8.4/../../../../arm-none-eabi/lib/armv7e-m\libm.a(lib_a-sf_atan.o)
 .ARM.attributes
                0x00000657       0x2e c:/program files (x86)/gnu tools arm embedded/4.8 2014q2/bin/../lib/gcc/arm-none-eabi/4.8.4/../../../../arm-none-eabi/lib/armv7e-m\libm.a(lib_a-sf_fabs.o)
 .ARM.attributes
                0x00000685       0x1e c:/program files (x86)/gnu tools arm embedded/4.8 2014q2/bin/../lib/gcc/arm-none-eabi/4.8.4/armv7e-m\libgcc.a(_arm_addsubdf3.o)
 .ARM.attributes
                0x000006a3       0x1e c:/program files (x86)/gnu tools arm embedded/4.8 2014q2/bin/../lib/gcc/arm-none-eabi/4.8.4/armv7e-m\libgcc.a(_arm_muldivdf3.o)
 .ARM.attributes
                0x000006c1       0x1e c:/program files (x86)/gnu tools arm embedded/4.8 2014q2/bin/../lib/gcc/arm-none-eabi/4.8.4/armv7e-m\libgcc.a(_arm_cmpdf2.o)
 .ARM.attributes
                0x000006df       0x1e c:/program files (x86)/gnu tools arm embedded/4.8 2014q2/bin/../lib/gcc/arm-none-eabi/4.8.4/armv7e-m\libgcc.a(_arm_truncdfsf2.o)
 .ARM.attributes
                0x000006fd       0x1e c:/program files (x86)/gnu tools arm embedded/4.8 2014q2/bin/../lib/gcc/arm-none-eabi/4.8.4/armv7e-m\libgcc.a(_arm_addsubsf3.o)
 .ARM.attributes
                0x0000071b       0x1e c:/program files (x86)/gnu tools arm embedded/4.8 2014q2/bin/../lib/gcc/arm-none-eabi/4.8.4/armv7e-m\libgcc.a(_arm_muldivsf3.o)
 .ARM.attributes
                0x00000739       0x1e c:/program files (x86)/gnu tools arm embedded/4.8 2014q2/bin/../lib/gcc/arm-none-eabi/4.8.4/armv7e-m\libgcc.a(_arm_cmpsf2.o)
 .ARM.attributes
                0x00000757       0x1e c:/program files (x86)/gnu tools arm embedded/4.8 2014q2/bin/../lib/gcc/arm-none-eabi/4.8.4/armv7e-m\libgcc.a(_arm_fixsfsi.o)
 .ARM.attributes
                0x00000775       0x2e c:/program files (x86)/gnu tools arm embedded/4.8 2014q2/bin/../lib/gcc/arm-none-eabi/4.8.4/../../../../arm-none-eabi/lib/armv7e-m\libg.a(lib_a-errno.o)
 .ARM.attributes
                0x000007a3       0x2e c:/program files (x86)/gnu tools arm embedded/4.8 2014q2/bin/../lib/gcc/arm-none-eabi/4.8.4/../../../../arm-none-eabi/lib/armv7e-m\libg.a(lib_a-impure.o)

.debug_frame    0x00000000     0x2818
 .debug_frame   0x00000000      0x254 ..\obj\usb_core.o
 .debug_frame   0x00000254       0x48 ..\obj\startup_stm32f303.o
 .debug_frame   0x0000029c      0x44c ..\obj\stm32f30x_rcc.o
 .debug_frame   0x000006e8      0x210 ..\obj\stm32f3_discovery_lsm303dlhc.o
 .debug_frame   0x000008f8      0x684 ..\obj\usb_regs.o
 .debug_frame   0x00000f7c      0x158 ..\obj\hw_config.o
 .debug_frame   0x000010d4      0x1e0 ..\obj\usb_prop.o
 .debug_frame   0x000012b4      0x140 ..\obj\stm32f30x_it.o
 .debug_frame   0x000013f4      0x180 ..\obj\stm32f30x_gpio.o
 .debug_frame   0x00001574       0xac ..\obj\usb_pwr.o
 .debug_frame   0x00001620       0x2c ..\obj\usb_init.o
 .debug_frame   0x0000164c      0x190 ..\obj\main.o
 .debug_frame   0x000017dc       0xec ..\obj\stm32f30x_exti.o
 .debug_frame   0x000018c8      0x398 ..\obj\stm32f30x_spi.o
 .debug_frame   0x00001c60      0x4ac ..\obj\stm32f30x_i2c.o
 .debug_frame   0x0000210c       0x68 ..\obj\usb_sil.o
 .debug_frame   0x00002174       0x9c ..\obj\stm32f30x_misc.o
 .debug_frame   0x00002210      0x190 ..\obj\stm32f3_discovery_l3gd20.o
 .debug_frame   0x000023a0      0x194 ..\obj\stm32f30x_syscfg.o
 .debug_frame   0x00002534       0xc4 ..\obj\stm32f3_discovery.o
 .debug_frame   0x000025f8       0x34 c:/program files (x86)/gnu tools arm embedded/4.8 2014q2/bin/../lib/gcc/arm-none-eabi/4.8.4/../../../../arm-none-eabi/lib/armv7e-m\libm.a(lib_a-w_acos.o)
 .debug_frame   0x0000262c       0x38 c:/program files (x86)/gnu tools arm embedded/4.8 2014q2/bin/../lib/gcc/arm-none-eabi/4.8.4/../../../../arm-none-eabi/lib/armv7e-m\libm.a(lib_a-w_sqrt.o)
 .debug_frame   0x00002664       0x20 c:/program files (x86)/gnu tools arm embedded/4.8 2014q2/bin/../lib/gcc/arm-none-eabi/4.8.4/../../../../arm-none-eabi/lib/armv7e-m\libm.a(lib_a-wf_atan2.o)
 .debug_frame   0x00002684       0x38 c:/program files (x86)/gnu tools arm embedded/4.8 2014q2/bin/../lib/gcc/arm-none-eabi/4.8.4/../../../../arm-none-eabi/lib/armv7e-m\libm.a(lib_a-e_acos.o)
 .debug_frame   0x000026bc       0x34 c:/program files (x86)/gnu tools arm embedded/4.8 2014q2/bin/../lib/gcc/arm-none-eabi/4.8.4/../../../../arm-none-eabi/lib/armv7e-m\libm.a(lib_a-e_sqrt.o)
 .debug_frame   0x000026f0       0x30 c:/program files (x86)/gnu tools arm embedded/4.8 2014q2/bin/../lib/gcc/arm-none-eabi/4.8.4/../../../../arm-none-eabi/lib/armv7e-m\libm.a(lib_a-ef_atan2.o)
 .debug_frame   0x00002720       0x20 c:/program files (x86)/gnu tools arm embedded/4.8 2014q2/bin/../lib/gcc/arm-none-eabi/4.8.4/../../../../arm-none-eabi/lib/armv7e-m\libm.a(lib_a-s_fabs.o)
 .debug_frame   0x00002740       0x28 c:/program files (x86)/gnu tools arm embedded/4.8 2014q2/bin/../lib/gcc/arm-none-eabi/4.8.4/../../../../arm-none-eabi/lib/armv7e-m\libm.a(lib_a-s_fpclassify.o)
 .debug_frame   0x00002768       0x20 c:/program files (x86)/gnu tools arm embedded/4.8 2014q2/bin/../lib/gcc/arm-none-eabi/4.8.4/../../../../arm-none-eabi/lib/armv7e-m\libm.a(lib_a-s_matherr.o)
 .debug_frame   0x00002788       0x20 c:/program files (x86)/gnu tools arm embedded/4.8 2014q2/bin/../lib/gcc/arm-none-eabi/4.8.4/../../../../arm-none-eabi/lib/armv7e-m\libm.a(lib_a-s_nan.o)
 .debug_frame   0x000027a8       0x30 c:/program files (x86)/gnu tools arm embedded/4.8 2014q2/bin/../lib/gcc/arm-none-eabi/4.8.4/../../../../arm-none-eabi/lib/armv7e-m\libm.a(lib_a-sf_atan.o)
 .debug_frame   0x000027d8       0x20 c:/program files (x86)/gnu tools arm embedded/4.8 2014q2/bin/../lib/gcc/arm-none-eabi/4.8.4/../../../../arm-none-eabi/lib/armv7e-m\libm.a(lib_a-sf_fabs.o)
 .debug_frame   0x000027f8       0x20 c:/program files (x86)/gnu tools arm embedded/4.8 2014q2/bin/../lib/gcc/arm-none-eabi/4.8.4/../../../../arm-none-eabi/lib/armv7e-m\libg.a(lib_a-errno.o)
